Archive member included because of file (symbol)

/Applications/Twelite/MWSDK/TWENET/current/lib/libTWENET_BLUE.a(ToCoNet_event.o)
                              objs_BLUE/Parent.o (PRSEV_u8Register)
/Applications/Twelite/MWSDK/TWENET/current/lib/libTWENET_BLUE.a(ToCoNet_main.o)
                              objs_BLUE/AddrKeyAry.o (u32TickCount_ms)
/Applications/Twelite/MWSDK/TWENET/current/lib/libTWENET_BLUE.a(ToCoNet_utils.o)
                              objs_BLUE/Interactive.o (ToCoNet_u32GetVersion)
/Applications/Twelite/MWSDK/TWENET/current/lib/libTWENET_BLUE.a(ToCoNet_mod_Tx.o)
                              objs_BLUE/Parent.o (ToCoNet_vReg_mod_Tx_Standard)
/Applications/Twelite/MWSDK/TWENET/current/lib/libTWENET_BLUE.a(ToCoNet_mod_NbScan.o)
                              objs_BLUE/Parent.o (ToCoNet_vReg_mod_NbScan)
/Applications/Twelite/MWSDK/TWENET/current/lib/libTWENET_BLUE.a(ToCoNet_mod_NbScan_Slave.o)
                              objs_BLUE/Parent.o (ToCoNet_vReg_mod_NbScan_Slave)
/Applications/Twelite/MWSDK/TWENET/current/lib/libTWENET_BLUE.a(ToCoNet_mod_TxRxQueue.o)
                              objs_BLUE/Parent.o (ToCoNet_vReg_mod_TxRxQueueMid)
/Applications/Twelite/MWSDK/TWENET/current/lib/libTWENET_BLUE.a(ToCoNet_mod_Nwk_Common.o)
                              /Applications/Twelite/MWSDK/TWENET/current/lib/libTWENET_BLUE.a(ToCoNet_main.o) (ToCoNet_vRxProc_Mod)
/Applications/Twelite/MWSDK/TWENET/current/lib/libTWENET_BLUE.a(ToCoNet_mod_Nwk_LayerTree.o)
                              objs_BLUE/Parent.o (ToCoNet_NwkLyTr_psConfig)
/Applications/Twelite/MWSDK/TWENET/current/lib/libTWENET_BLUE.a(ToCoNet_mod_Channel_Mgr.o)
                              /Applications/Twelite/MWSDK/TWENET/current/lib/libTWENET_BLUE.a(ToCoNet_mod_Tx.o) (ToCoNet_ChMgr_bCh_OnTx)
/Applications/Twelite/MWSDK/TWENET/current/lib/libTWENET_BLUE.a(ToCoNet_mod_Nwk_MessagePool.o)
                              objs_BLUE/Parent.o (ToCoNet_vReg_mod_Nwk_MessagePool)
/Applications/Twelite/MWSDK/TWENET/current/lib/libTWENET_BLUE.a(ToCoNet_mod_DuplicateChecker.o)
                              objs_BLUE/Parent.o (ToCoNet_vReg_mod_DupChk)
/Applications/Twelite/MWSDK/TWENET/current/lib/libTWENET_BLUE.a(ToCoNet_mod_BeaconHistory.o)
                              /Applications/Twelite/MWSDK/TWENET/current/lib/libTWENET_BLUE.a(ToCoNet_mod_Nwk_LayerTree.o) (ToCoNet_BHist_vInit)
/Applications/Twelite/MWSDK/TWENET/current/lib/libTWENET_BLUE.a(Version.o)
                              /Applications/Twelite/MWSDK/TWENET/current/lib/libTWENET_BLUE.a(ToCoNet_utils.o) (au8ToCoNetVersionInfo)
/Applications/Twelite/MWSDK/TWENET/current/lib/libTWENET_BLUE.a(AppQueueApi_ToCoNet.o)
                              /Applications/Twelite/MWSDK/TWENET/current/lib/libTWENET_BLUE.a(ToCoNet_main.o) (_u32_INT_ticktimer)
/Applications/Twelite/MWSDK/TWENET/current/lib/libTWENEText_BLUE.a(AppStart.o)
                              (AppColdStart)
/Applications/Twelite/MWSDK/TWENET/current/lib/libTWENEText_BLUE.a(getMacAddr.o)
                              /Applications/Twelite/MWSDK/TWENET/current/lib/libTWENET_BLUE.a(ToCoNet_main.o) (ToCoNet_u32GetSerialOnBoot)
/Applications/Twelite/MWSDK/TWENET/current/lib/libTWENEText_BLUE.a(mac.o)
                              /Applications/Twelite/MWSDK/TWENET/current/lib/libTWENET_BLUE.a(ToCoNet_main.o) (Mac_vInit)
/Applications/Twelite/MWSDK/TWENET/current/lib/libTWENEText_BLUE.a(AES_CCM.o)
                              /Applications/Twelite/MWSDK/TWENET/current/lib/libTWENEText_BLUE.a(AppStart.o) (bAES_CCM_KeyReg)
/Applications/Twelite/MWSDK/TWENET/current/lib/libTWENEText_BLUE.a(eeprom_6x.o)
                              objs_BLUE/flash.o (EEP_6x_bRead)
/Applications/Twelite/MWSDK/TWENET/current/lib/libTWENEText_BLUE.a(no_ack_handler.o)
                              /Applications/Twelite/MWSDK/TWENET/current/lib/libTWENEText_BLUE.a(AppStart.o) (vInstallNoAckHandler)
/Applications/Twelite/MWSDK/TWENET/current/lib/libTWENEText_BLUE.a(Version.o)
                              /Applications/Twelite/MWSDK/TWENET/current/lib/libTWENET_BLUE.a(ToCoNet_utils.o) (au8ToCoNetExtVersionInfo)
/Applications/Twelite/MWSDK/TWENET/current/lib/libTWENETutils_BLUE.a(serial.o)
                              objs_BLUE/Parent.o (SERIAL_vInit)
/Applications/Twelite/MWSDK/TWENET/current/lib/libTWENETutils_BLUE.a(uart.o)
                              /Applications/Twelite/MWSDK/TWENET/current/lib/libTWENETutils_BLUE.a(serial.o) (UART_vInit)
/Applications/Twelite/MWSDK/TWENET/current/lib/libTWENETutils_BLUE.a(ByteQueue.o)
                              /Applications/Twelite/MWSDK/TWENET/current/lib/libTWENET_BLUE.a(ToCoNet_main.o) (QUEUE__vInit)
/Applications/Twelite/MWSDK/TWENET/current/lib/libTWENETutils_BLUE.a(ccitt8.o)
                              objs_BLUE/flash.o (u8CCITT8)
/Applications/Twelite/MWSDK/TWENET/current/lib/libTWENETutils_BLUE.a(fprintf.o)
                              objs_BLUE/Interactive.o (vfPrintf)
[...]
Memory Configuration

Name             Origin             Length             Attributes
flash            0x0000000000080000 0x0000000000028000
ram              0x000000000400004c 0x0000000000007fb4
*default*        0x0000000000000000 0xffffffffffffffff

Linker script and memory map

LOAD objs_BLUE/AddrKeyAry.o
LOAD objs_BLUE/Interactive.o
LOAD objs_BLUE/LcdDraw.o
LOAD objs_BLUE/LcdDriver.o
LOAD objs_BLUE/LcdExtras.o
LOAD objs_BLUE/LcdFont.o
LOAD objs_BLUE/LcdPrint.o
LOAD objs_BLUE/Parent.o
LOAD objs_BLUE/common.o
LOAD objs_BLUE/flash.o
LOAD objs_BLUE/input_string.o
LOAD objs_BLUE/sercmd_ascii.o
LOAD objs_BLUE/sercmd_binary.o
LOAD objs_BLUE/sercmd_chat.o
LOAD objs_BLUE/sercmd_plus3.o
LOAD /Applications/Twelite/MWSDK/TWENET/current/lib/libTWENET_BLUE.a
LOAD /Applications/Twelite/MWSDK/TWENET/current/lib/libTWENEText_BLUE.a
LOAD /Applications/Twelite/MWSDK/TWENET/current/lib/libTWENETutils_BLUE.a
LOAD /Applications/Twelite/MWSDK/TWENET/current/lib/libTWENETstgs_BLUE.a
START GROUP
LOAD /Applications/Twelite/MWSDK/ChipLib/SW4063V1416/Components/Library/libAppApi_JN516x.a
LOAD /Applications/Twelite/MWSDK/ChipLib/SW4063V1416/Components/Library/libMAC_JN516x.a
LOAD /Applications/Twelite/MWSDK/ChipLib/SW4063V1416/Components/Library/libTimerServer_JN516x.a
LOAD /Applications/Twelite/MWSDK/ChipLib/SW4063V1416/Components/Library/libTOF_JN516x.a
LOAD /Applications/Twelite/MWSDK/ChipLib/SW4063V1416/Components/Library/libXcv_JN516x.a
LOAD /Applications/Twelite/MWSDK/ChipLib/SW4063V1416/Components/Library/libAes_JN516x.a
LOAD /Applications/Twelite/MWSDK/ChipLib/SW4063V1416/Components/Library/libHardwareApi_JN516x.a
LOAD /Applications/Twelite/MWSDK/ChipLib/SW4063V1416/Components/Library/libMicroSpecific_JN516x.a
LOAD /Applications/Twelite/MWSDK/ChipLib/SW4063V1416/Components/Library/libBoot_JN516x.a
LOAD /Applications/Twelite/MWSDK/ChipLib/SW4063V1416/Components/Library/libPDM_EEPROM_JN516x_NO_RTOS.a
LOAD /Applications/Twelite/MWSDK/TWENET/current/lib/libTWENET_BLUE.a
LOAD /Applications/Twelite/MWSDK/TWENET/current/lib/libTWENEText_BLUE.a
LOAD /Applications/Twelite/MWSDK/TWENET/current/lib/libTWENETutils_BLUE.a
LOAD /Applications/Twelite/MWSDK/TWENET/current/lib/libTWENETstgs_BLUE.a
END GROUP
LOAD /Applications/Twelite/MWSDK/Tools/ba-elf-ba2-r36379/bin/../lib/gcc/ba-elf/4.7.4/../../../../ba-elf/lib/libc.a
LOAD /Applications/Twelite/MWSDK/Tools/ba-elf-ba2-r36379/bin/../lib/gcc/ba-elf/4.7.4/libgcc.a
LOAD /Applications/Twelite/MWSDK/Tools/ba-elf-ba2-r36379/bin/../lib/gcc/ba-elf/4.7.4/../../../../ba-elf/lib/libc.a
                0x0000000000000800                _stack_size = 0x800
                0x0000000000080038                _exception_vsr_table = 0x80038
                0x0000000004000000                pSPIflashFncTable = 0x4000000
                0x0000000000000800                _stack_size = 0x800
                0x0000000000000044                restore_state = 0x44
                0x000000000000004a                bZSPIWaitWIPClear = 0x4a
                0x0000000000000050                u16ZSPIflashRDID = 0x50
                0x0000000000000056                u8SelectFlashChipType = 0x56
                0x000000000000005c                memcpy = 0x5c
                0x0000000000000066                vBootFlashProg = 0x66
                [0x0000000000000d16]                _minimum_heap_size = DEFINED (_minimum_heap_size)?_minimum_heap_size:0xd16
                0x0000000000000000                _SwConfig = (DEFINED (g_bSWConf_Debug) | (DEFINED (g_bSWConf_AltDebugPort) << 0x1))

.version        0x000000000007fffc        0x4
                0x000000000007fffc        0x4 LONG 0x4030008

.bir            0x0000000000080000       0x10
                0x0000000000080000                _flash_start = ABSOLUTE (.)
                0x0000000000080000                _flash_beg = ABSOLUTE (.)
                0x0000000000080000        0x4 LONG 0x12345678
                0x0000000000080004        0x4 LONG 0x11223344
                0x0000000000080008        0x4 LONG 0x55667788
                0x000000000008000c        0x1 BYTE 0x8
                0x000000000008000d        0x1 BYTE 0x1
                0x000000000008000e        0x2 SHORT 0x0

.flashheader    0x0000000000080010       0x28
                0x0000000000080010        0x4 LONG 0x0
                0x0000000000080014        0x4 LONG 0x0
                0x0000000000080018        0x4 LONG 0x0
                0x000000000008001c        0x2 SHORT 0x0
                0x000000000008001e        0x2 SHORT 0x0 ABSOLUTE (_SwConfig)
                0x0000000000080020                _enc_start = ABSOLUTE (.)
                0x0000000000080020        0x4 LONG 0xf24c ABSOLUTE (_image_len)
                0x0000000000080024        0x4 LONG 0x8f200 ABSOLUTE (_flash_data_start)
                0x0000000000080028        0x2 SHORT 0x13 ((ABSOLUTE (_ram_data_start) / 0x4) & 0xffff)
                0x000000000008002a        0x2 SHORT 0x13 ((ABSOLUTE (_ram_data_len) / 0x4) & 0xffff)
                0x000000000008002c        0x2 SHORT 0x26 ((ABSOLUTE (_bss_start) / 0x4) & 0xffff)
                0x000000000008002e        0x2 SHORT 0xc42 ((ABSOLUTE (_bss_len) / 0x4) & 0xffff)
                0x0000000000080030        0x4 LONG 0x85c76 ABSOLUTE (AppWarmStart)
                0x0000000000080034        0x4 LONG 0x85772 ABSOLUTE (AppColdStart)
                0x0000000000000000                _enc_offset = (_enc_start & 0xf)
                0x0000000000000044                PROVIDE (vException_BusError, restore_state)
                0x0000000000000044                PROVIDE (vException_UnalignedAccess, restore_state)
                0x0000000000000044                PROVIDE (vException_IllegalInstruction, restore_state)
                0x0000000000000044                PROVIDE (vException_SysCall, restore_state)
                0x0000000000000044                PROVIDE (vException_Trap, restore_state)
                0x0000000000000044                PROVIDE (vException_StackOverflow, restore_state)
                0x0000000000080038                . = ABSOLUTE (_exception_vsr_table)

.vsr_table      0x0000000000080038       0x18
                0x0000000000080038        0x4 LONG 0x44 ABSOLUTE (vException_BusError)
                0x000000000008003c        0x4 LONG 0x44 ABSOLUTE (vException_UnalignedAccess)
                0x0000000000080040        0x4 LONG 0x44 ABSOLUTE (vException_IllegalInstruction)
                0x0000000000080044        0x4 LONG 0x44 ABSOLUTE (vException_SysCall)
                0x0000000000080048        0x4 LONG 0x44 ABSOLUTE (vException_Trap)
                0x000000000008004c        0x4 LONG 0x44 ABSOLUTE (vException_StackOverflow)

.vsr_handlers   0x0000000000080050       0xaa
 *(.vsr_handlers)
 .vsr_handlers  0x0000000000080050       0xaa /Applications/Twelite/MWSDK/ChipLib/SW4063V1416/Components/Library/libBoot_JN516x.a(ExceptionHandler.o)
                0x0000000000080050                _exception_external_interrupt
                0x00000000000800f8                _default_vsr_dummy

.rodata         0x00000000000800fc      0x734
 *(.rodata*)
 .rodata.str1.1
                0x00000000000800fc      0x22e objs_BLUE/Parent.o
                                        0x23c (size before relaxing)
 .rodata        0x000000000008032a       0x17 objs_BLUE/sercmd_ascii.o
 .rodata.au8tbl.2589
                0x0000000000080341       0x11 objs_BLUE/sercmd_ascii.o
 .rodata.str1.1
                0x0000000000080352       0x11 /Applications/Twelite/MWSDK/TWENET/current/lib/libTWENET_BLUE.a(ToCoNet_mod_Tx.o)
 *fill*         0x0000000000080363        0x1 00
 .rodata.asStateFuncTbl
                0x0000000000080364       0x38 /Applications/Twelite/MWSDK/TWENET/current/lib/libTWENET_BLUE.a(ToCoNet_mod_Tx.o)
 .rodata.asStateFuncTbl
                0x000000000008039c       0x30 /Applications/Twelite/MWSDK/TWENET/current/lib/libTWENET_BLUE.a(ToCoNet_mod_NbScan.o)
 .rodata.str1.1
                0x00000000000803cc       0x47 /Applications/Twelite/MWSDK/TWENET/current/lib/libTWENET_BLUE.a(ToCoNet_mod_Nwk_LayerTree.o)
 *fill*         0x0000000000080413        0x1 00
 .rodata        0x0000000000080414       0x38 /Applications/Twelite/MWSDK/TWENET/current/lib/libTWENET_BLUE.a(ToCoNet_mod_Nwk_LayerTree.o)
 .rodata        0x000000000008044c       0x18 /Applications/Twelite/MWSDK/TWENET/current/lib/libTWENET_BLUE.a(ToCoNet_mod_Nwk_MessagePool.o)
 .rodata.au8ToCoNetVersionInfo
                0x0000000000080464        0xc /Applications/Twelite/MWSDK/TWENET/current/lib/libTWENET_BLUE.a(Version.o)
                0x0000000000080464                au8ToCoNetVersionInfo
 .rodata.str1.1
                0x0000000000080470       0x11 /Applications/Twelite/MWSDK/TWENET/current/lib/libTWENEText_BLUE.a(AppStart.o)
 .rodata        0x0000000000080481       0x31 /Applications/Twelite/MWSDK/TWENET/current/lib/libTWENEText_BLUE.a(AppStart.o)
 *fill*         0x00000000000804b2        0x2 00
 .rodata.au8k.5787
                0x00000000000804b4       0x20 /Applications/Twelite/MWSDK/TWENET/current/lib/libTWENEText_BLUE.a(AppStart.o)
 .rodata.au8k.5768
                0x00000000000804d4       0x20 /Applications/Twelite/MWSDK/TWENET/current/lib/libTWENEText_BLUE.a(AppStart.o)
 .rodata.str1.1
                0x00000000000804f4       0x11 /Applications/Twelite/MWSDK/TWENET/current/lib/libTWENEText_BLUE.a(mac.o)
 *fill*         0x0000000000080505        0x3 00
 .rodata.u32MacLow_TOCOS
                0x0000000000080508        0x4 /Applications/Twelite/MWSDK/TWENET/current/lib/libTWENEText_BLUE.a(mac.o)
                0x0000000000080508                u32MacLow_TOCOS
 .rodata.u32MacHigh_TOCOS
                0x000000000008050c        0x4 /Applications/Twelite/MWSDK/TWENET/current/lib/libTWENEText_BLUE.a(mac.o)
                0x000000000008050c                u32MacHigh_TOCOS
 .rodata.u8CRCTable
                0x0000000000080510      0x100 /Applications/Twelite/MWSDK/TWENET/current/lib/libTWENETutils_BLUE.a(ccitt8.o)
 .rodata.str1.1
                0x0000000000080610        0x7 /Applications/Twelite/MWSDK/TWENET/current/lib/libTWENETutils_BLUE.a(fprintf.o)
 *fill*         0x0000000000080617        0x1 00
 .rodata.s_sPibInit
                0x0000000000080618       0x18 /Applications/Twelite/MWSDK/ChipLib/SW4063V1416/Components/Library/libMAC_JN516x.a(mac_pib_mlme.o)
 .rodata.s_atScanEvtST
                0x0000000000080630       0x31 /Applications/Twelite/MWSDK/ChipLib/SW4063V1416/Components/Library/libMAC_JN516x.a(mac_scan.o)
 *fill*         0x0000000000080661        0x3 00
 .rodata.s_aprScanHandleEvt
                0x0000000000080664       0x30 /Applications/Twelite/MWSDK/ChipLib/SW4063V1416/Components/Library/libMAC_JN516x.a(mac_scan.o)
 .rodata.aeXcvBbcEvtToScanEvt.5389
                0x0000000000080694        0xa /Applications/Twelite/MWSDK/ChipLib/SW4063V1416/Components/Library/libMAC_JN516x.a(mac_scan.o)
 .rodata.aeXcvPhyEvtToScanEvt.5394
                0x000000000008069e        0x6 /Applications/Twelite/MWSDK/ChipLib/SW4063V1416/Components/Library/libMAC_JN516x.a(mac_scan.o)
 .rodata.psTamXcvContext
                0x00000000000806a4        0x4 /Applications/Twelite/MWSDK/ChipLib/SW4063V1416/Components/Library/libMAC_JN516x.a(TAM.o)
                0x00000000000806a4                psTamXcvContext
 .rodata.psTamMacContext
                0x00000000000806a8        0x4 /Applications/Twelite/MWSDK/ChipLib/SW4063V1416/Components/Library/libMAC_JN516x.a(TAM.o)
                0x00000000000806a8                psTamMacContext
 .rodata.psTAMcontext
                0x00000000000806ac        0x4 /Applications/Twelite/MWSDK/ChipLib/SW4063V1416/Components/Library/libMAC_JN516x.a(TAM.o)
                0x00000000000806ac                psTAMcontext
 .rodata.au8XcvToTAMevent.5139
                0x00000000000806b0        0xa /Applications/Twelite/MWSDK/ChipLib/SW4063V1416/Components/Library/libMAC_JN516x.a(TAM.o)
 .rodata        0x00000000000806ba        0xe /Applications/Twelite/MWSDK/ChipLib/SW4063V1416/Components/Library/libMAC_JN516x.a(TAMcommon.o)
 .rodata.au8StateActions
                0x00000000000806c8       0x8c /Applications/Twelite/MWSDK/ChipLib/SW4063V1416/Components/Library/libMAC_JN516x.a(TAMevent.o)
                0x00000000000806c8                au8StateActions
 .rodata.apvActionCalls
                0x0000000000080754       0x88 /Applications/Twelite/MWSDK/ChipLib/SW4063V1416/Components/Library/libMAC_JN516x.a(TAMevent.o)
                0x0000000000080754                apvActionCalls
 .rodata.au8MICLenLUT.4346
                0x00000000000807dc        0x4 /Applications/Twelite/MWSDK/ChipLib/SW4063V1416/Components/Library/libMAC_JN516x.a(TAMsecurity.o)
 .rodata.CSWTCH.31
                0x00000000000807e0        0x3 /Applications/Twelite/MWSDK/ChipLib/SW4063V1416/Components/Library/libMAC_JN516x.a(TAMsecurity.o)
 .rodata.CSWTCH.7
                0x00000000000807e3        0x7 /Applications/Twelite/MWSDK/ChipLib/SW4063V1416/Components/Library/libMAC_JN516x.a(TAM_AES.o)
 .rodata.CSWTCH.12
                0x00000000000807ea        0x3 /Applications/Twelite/MWSDK/ChipLib/SW4063V1416/Components/Library/libMAC_JN516x.a(TAM_AES.o)
 .rodata.au8dataSizeTable
                0x00000000000807ed        0xd /Applications/Twelite/MWSDK/ChipLib/SW4063V1416/Components/Library/libAes_JN516x.a(AEScoprocessorAPI.o)
                0x00000000000807ed                au8dataSizeTable
 .rodata.au8FlashWaitStates32MXO
                0x00000000000807fa        0x8 /Applications/Twelite/MWSDK/ChipLib/SW4063V1416/Components/Library/libHardwareApi_JN516x.a(AHI_System.o)
 .rodata.au8FlashWaitStatesHSRCO
                0x0000000000080802        0x8 /Applications/Twelite/MWSDK/ChipLib/SW4063V1416/Components/Library/libHardwareApi_JN516x.a(AHI_System.o)
 *fill*         0x000000000008080a        0x2 00
 .rodata.CSWTCH.35
                0x000000000008080c       0x14 /Applications/Twelite/MWSDK/ChipLib/SW4063V1416/Components/Library/libHardwareApi_JN516x.a(AHI_Timer.o)
 .rodata.au32UartAddrOffset
                0x0000000000080820        0x8 /Applications/Twelite/MWSDK/ChipLib/SW4063V1416/Components/Library/libHardwareApi_JN516x.a(AHI_Uart.o)
                0x0000000000080820                au32UartAddrOffset
 .rodata.au8SpeedCodeToEepromClkDivisors
                0x0000000000080828        0x8 /Applications/Twelite/MWSDK/ChipLib/SW4063V1416/Components/Library/libHardwareApi_JN516x.a(EEP_EEPROM.o)

.text           0x0000000000080830     0xe9ce
 *(.text*)
 .text.Interactive_vInit
                0x0000000000080830       0x77 objs_BLUE/Interactive.o
                0x0000000000080830                Interactive_vInit
 .text.Interactive_bGetMode
                0x00000000000808a7        0x9 objs_BLUE/Interactive.o
                0x00000000000808a7                Interactive_bGetMode
 .text.Config_bLoad
                0x00000000000808b0       0x6b objs_BLUE/Interactive.o
                0x00000000000808b0                Config_bLoad
 .text.vProcessEvCore
                0x000000000008091b      0x20a objs_BLUE/Parent.o
 .text.vInitHardware.isra.0
                0x0000000000080b25      0x112 objs_BLUE/Parent.o
 .text.input_from_keyboard
                0x0000000000080c37      0x2c8 objs_BLUE/Parent.o
                0x0000000000080c37                input_from_keyboard
 .text.input_from_esp32
                0x0000000000080eff       0x75 objs_BLUE/Parent.o
                0x0000000000080eff                input_from_esp32
 .text.router   0x0000000000080f74       0xb8 objs_BLUE/Parent.o
                0x0000000000080f74                router
 .text.cbAppColdStart
                0x000000000008102c       0xad objs_BLUE/Parent.o
                0x000000000008102c                cbAppColdStart
 .text.cbAppWarmStart
                0x00000000000810d9       0x2c objs_BLUE/Parent.o
                0x00000000000810d9                cbAppWarmStart
 .text.cbToCoNet_vMain
                0x0000000000081105        0xc objs_BLUE/Parent.o
                0x0000000000081105                cbToCoNet_vMain
 .text.cbToCoNet_vRxEvent
                0x0000000000081111       0x43 objs_BLUE/Parent.o
                0x0000000000081111                cbToCoNet_vRxEvent
 .text.cbToCoNet_vTxEvent
                0x0000000000081154       0x42 objs_BLUE/Parent.o
                0x0000000000081154                cbToCoNet_vTxEvent
 .text.cbToCoNet_vNwkEvent
                0x0000000000081196       0xa1 objs_BLUE/Parent.o
                0x0000000000081196                cbToCoNet_vNwkEvent
 .text.cbToCoNet_vHwEvent
                0x0000000000081237        0x3 objs_BLUE/Parent.o
                0x0000000000081237                cbToCoNet_vHwEvent
 .text.cbToCoNet_u8HwInt
                0x000000000008123a        0x5 objs_BLUE/Parent.o
                0x000000000008123a                cbToCoNet_u8HwInt
 .text.bFlash_Read
                0x000000000008123f       0x40 objs_BLUE/flash.o
                0x000000000008123f                bFlash_Read
 .text.INPSTR_vInit
                0x000000000008127f       0x17 objs_BLUE/input_string.o
                0x000000000008127f                INPSTR_vInit
 .text.SerCmdAscii_u8Parse
                0x0000000000081296      0x15c objs_BLUE/sercmd_ascii.o
                0x0000000000081296                SerCmdAscii_u8Parse
 .text.SerCmdAscii_Output
                0x00000000000813f2       0xa5 objs_BLUE/sercmd_ascii.o
 .text.SerCmdAscii_vInit
                0x0000000000081497       0x2c objs_BLUE/sercmd_ascii.o
                0x0000000000081497                SerCmdAscii_vInit
 *fill*         0x00000000000814c3        0x1 00
 .text.SerCmdBinary_u8Parse
                0x00000000000814c4      0x108 objs_BLUE/sercmd_binary.o
 .text.SerCmdBinary_Output
                0x00000000000815cc       0x85 objs_BLUE/sercmd_binary.o
 .text.SerCmdBinary_vInit
                0x0000000000081651       0x2c objs_BLUE/sercmd_binary.o
                0x0000000000081651                SerCmdBinary_vInit
 .text.PRSEV_vProcessEv_core
                0x000000000008167d       0xa2 /Applications/Twelite/MWSDK/TWENET/current/lib/libTWENET_BLUE.a(ToCoNet_event.o)
 .text.PRSEV_vInit
                0x000000000008171f       0x4a /Applications/Twelite/MWSDK/TWENET/current/lib/libTWENET_BLUE.a(ToCoNet_event.o)
                0x000000000008171f                PRSEV_vInit
 .text.PRSEV_u8Register
                0x0000000000081769       0x3e /Applications/Twelite/MWSDK/TWENET/current/lib/libTWENET_BLUE.a(ToCoNet_event.o)
                0x0000000000081769                PRSEV_u8Register
 .text.PRSEV_peGetContext
                0x00000000000817a7       0x26 /Applications/Twelite/MWSDK/TWENET/current/lib/libTWENET_BLUE.a(ToCoNet_event.o)
                0x00000000000817a7                PRSEV_peGetContext
 .text.PRSEV_peGetContextH
                0x00000000000817cd       0x1c /Applications/Twelite/MWSDK/TWENET/current/lib/libTWENET_BLUE.a(ToCoNet_event.o)
                0x00000000000817cd                PRSEV_peGetContextH
 .text.PRSEV_vSetStateAll
                0x00000000000817e9       0x3b /Applications/Twelite/MWSDK/TWENET/current/lib/libTWENET_BLUE.a(ToCoNet_event.o)
                0x00000000000817e9                PRSEV_vSetStateAll
 .text.PRSEV_vSetState
                0x0000000000081824       0x10 /Applications/Twelite/MWSDK/TWENET/current/lib/libTWENET_BLUE.a(ToCoNet_event.o)
                0x0000000000081824                PRSEV_vSetState
 .text.PRSEV_vProcessEvPost
                0x0000000000081834       0x32 /Applications/Twelite/MWSDK/TWENET/current/lib/libTWENET_BLUE.a(ToCoNet_event.o)
                0x0000000000081834                PRSEV_vProcessEvPost
 .text._PRSEV_vProcessEv
                0x0000000000081866        0xf /Applications/Twelite/MWSDK/TWENET/current/lib/libTWENET_BLUE.a(ToCoNet_event.o)
                0x0000000000081866                _PRSEV_vProcessEv
 .text._PRSEV_vProcessEvSingle
                0x0000000000081875        0xd /Applications/Twelite/MWSDK/TWENET/current/lib/libTWENET_BLUE.a(ToCoNet_event.o)
                0x0000000000081875                _PRSEV_vProcessEvSingle
 .text._PRSEV_vProcessEvSingleH
                0x0000000000081882        0xf /Applications/Twelite/MWSDK/TWENET/current/lib/libTWENET_BLUE.a(ToCoNet_event.o)
                0x0000000000081882                _PRSEV_vProcessEvSingleH
 .text.PRSEV_eGetState
                0x0000000000081891       0x15 /Applications/Twelite/MWSDK/TWENET/current/lib/libTWENET_BLUE.a(ToCoNet_event.o)
                0x0000000000081891                PRSEV_eGetState
 .text.PRSEV_eGetStateH
                0x00000000000818a6       0x20 /Applications/Twelite/MWSDK/TWENET/current/lib/libTWENET_BLUE.a(ToCoNet_event.o)
                0x00000000000818a6                PRSEV_eGetStateH
 .text.ToCoNet_Event_StateExec
                0x00000000000818c6       0x34 /Applications/Twelite/MWSDK/TWENET/current/lib/libTWENET_BLUE.a(ToCoNet_event.o)
                0x00000000000818c6                ToCoNet_Event_StateExec
 .text.vProcessIncomingHwEvent
                0x00000000000818fa       0xc5 /Applications/Twelite/MWSDK/TWENET/current/lib/libTWENET_BLUE.a(ToCoNet_main.o)
 .text.u8HwEventHandler
                0x00000000000819bf       0x1d /Applications/Twelite/MWSDK/TWENET/current/lib/libTWENET_BLUE.a(ToCoNet_main.o)
 .text.vProcessEvCoreMac
                0x00000000000819dc       0x67 /Applications/Twelite/MWSDK/TWENET/current/lib/libTWENET_BLUE.a(ToCoNet_main.o)
                0x00000000000819dc                vProcessEvCoreMac
 .text.ToCoNet_vDebugInit
                0x0000000000081a43        0x9 /Applications/Twelite/MWSDK/TWENET/current/lib/libTWENET_BLUE.a(ToCoNet_main.o)
                0x0000000000081a43                ToCoNet_vDebugInit
 .text.ToCoNet_vDebugLevel
                0x0000000000081a4c        0x9 /Applications/Twelite/MWSDK/TWENET/current/lib/libTWENET_BLUE.a(ToCoNet_main.o)
                0x0000000000081a4c                ToCoNet_vDebugLevel
 .text.ToCoNet_vInit
                0x0000000000081a55      0x131 /Applications/Twelite/MWSDK/TWENET/current/lib/libTWENET_BLUE.a(ToCoNet_main.o)
                0x0000000000081a55                ToCoNet_vInit
 .text.ToCoNet_vStart
                0x0000000000081b86      0x3c4 /Applications/Twelite/MWSDK/TWENET/current/lib/libTWENET_BLUE.a(ToCoNet_main.o)
                0x0000000000081b86                ToCoNet_vStart
 .text.ToCoNet_vMain
                0x0000000000081f4a      0x21a /Applications/Twelite/MWSDK/TWENET/current/lib/libTWENET_BLUE.a(ToCoNet_main.o)
                0x0000000000081f4a                ToCoNet_vMain
 .text._ToCoNet_bRaisePanic
                0x0000000000082164       0x31 /Applications/Twelite/MWSDK/TWENET/current/lib/libTWENET_BLUE.a(ToCoNet_main.o)
                0x0000000000082164                _ToCoNet_bRaisePanic
 .text.ToCoNet_u32GetVersion
                0x0000000000082195       0x21 /Applications/Twelite/MWSDK/TWENET/current/lib/libTWENET_BLUE.a(ToCoNet_utils.o)
                0x0000000000082195                ToCoNet_u32GetVersion
 .text.ToCoNet_u16GetPanId
                0x00000000000821b6        0x9 /Applications/Twelite/MWSDK/TWENET/current/lib/libTWENET_BLUE.a(ToCoNet_utils.o)
                0x00000000000821b6                ToCoNet_u16GetPanId
 .text.ToCoNet_u32GetSerial
                0x00000000000821bf        0x9 /Applications/Twelite/MWSDK/TWENET/current/lib/libTWENET_BLUE.a(ToCoNet_utils.o)
                0x00000000000821bf                ToCoNet_u32GetSerial
 .text.ToCoNet_vSleep
                0x00000000000821c8      0x10d /Applications/Twelite/MWSDK/TWENET/current/lib/libTWENET_BLUE.a(ToCoNet_utils.o)
                0x00000000000821c8                ToCoNet_vSleep
 .text.ToCoNet_u32GetRand
                0x00000000000822d5       0x62 /Applications/Twelite/MWSDK/TWENET/current/lib/libTWENET_BLUE.a(ToCoNet_utils.o)
                0x00000000000822d5                ToCoNet_u32GetRand
 .text.vProcessEvCoreTx
                0x0000000000082337       0x6a /Applications/Twelite/MWSDK/TWENET/current/lib/libTWENET_BLUE.a(ToCoNet_mod_Tx.o)
 .text.vHnd_E_STATE_FINISH_TX_FAIL
                0x00000000000823a1       0xb6 /Applications/Twelite/MWSDK/TWENET/current/lib/libTWENET_BLUE.a(ToCoNet_mod_Tx.o)
 .text.vHnd_E_STATE_FINISH_TX_SUCCESS
                0x0000000000082457       0x92 /Applications/Twelite/MWSDK/TWENET/current/lib/libTWENET_BLUE.a(ToCoNet_mod_Tx.o)
 .text.vHnd_E_STATE_PREPARE_TX
                0x00000000000824e9      0x131 /Applications/Twelite/MWSDK/TWENET/current/lib/libTWENET_BLUE.a(ToCoNet_mod_Tx.o)
 .text.vHnd_E_STATE_IDLE
                0x000000000008261a       0x4f /Applications/Twelite/MWSDK/TWENET/current/lib/libTWENET_BLUE.a(ToCoNet_mod_Tx.o)
 .text.vHnd_E_STATE_WAIT_TX
                0x0000000000082669       0x71 /Applications/Twelite/MWSDK/TWENET/current/lib/libTWENET_BLUE.a(ToCoNet_mod_Tx.o)
 .text.vHnd_E_STATE_RUNNING
                0x00000000000826da      0x201 /Applications/Twelite/MWSDK/TWENET/current/lib/libTWENET_BLUE.a(ToCoNet_mod_Tx.o)
 .text.ToCoNet_vReg_mod_Tx_Standard
                0x00000000000828db       0x1d /Applications/Twelite/MWSDK/TWENET/current/lib/libTWENET_BLUE.a(ToCoNet_mod_Tx.o)
                0x00000000000828db                ToCoNet_vReg_mod_Tx_Standard
 .text.iNbScCompare
                0x00000000000828f8       0x25 /Applications/Twelite/MWSDK/TWENET/current/lib/libTWENET_BLUE.a(ToCoNet_mod_NbScan.o)
 .text.vProcessEvModNeighbourScan
                0x000000000008291d      0x155 /Applications/Twelite/MWSDK/TWENET/current/lib/libTWENET_BLUE.a(ToCoNet_mod_NbScan.o)
 .text.vHnd_E_STATE_IDLE
                0x0000000000082a72       0x27 /Applications/Twelite/MWSDK/TWENET/current/lib/libTWENET_BLUE.a(ToCoNet_mod_NbScan.o)
 .text.vHnd_E_STATE_FINISHED
                0x0000000000082a99       0x8b /Applications/Twelite/MWSDK/TWENET/current/lib/libTWENET_BLUE.a(ToCoNet_mod_NbScan.o)
 .text.vHnd_E_STATE_SCANNING_INIT
                0x0000000000082b24       0x62 /Applications/Twelite/MWSDK/TWENET/current/lib/libTWENET_BLUE.a(ToCoNet_mod_NbScan.o)
 .text.ToCoNet_bNeighbourScanStartCore
                0x0000000000082b86       0x85 /Applications/Twelite/MWSDK/TWENET/current/lib/libTWENET_BLUE.a(ToCoNet_mod_NbScan.o)
 .text.vHnd_E_STATE_SCANNING
                0x0000000000082c0b       0x95 /Applications/Twelite/MWSDK/TWENET/current/lib/libTWENET_BLUE.a(ToCoNet_mod_NbScan.o)
 .text.vHnd_E_STATE_WAIT_COMMAND
                0x0000000000082ca0      0x303 /Applications/Twelite/MWSDK/TWENET/current/lib/libTWENET_BLUE.a(ToCoNet_mod_NbScan.o)
 .text.ToCoNet_vReg_mod_NbScan
                0x0000000000082fa3       0x20 /Applications/Twelite/MWSDK/TWENET/current/lib/libTWENET_BLUE.a(ToCoNet_mod_NbScan.o)
                0x0000000000082fa3                ToCoNet_vReg_mod_NbScan
 .text.ToCoNet_NbScan_bStartToFindAddrCb
                0x0000000000082fc3       0x49 /Applications/Twelite/MWSDK/TWENET/current/lib/libTWENET_BLUE.a(ToCoNet_mod_NbScan.o)
                0x0000000000082fc3                ToCoNet_NbScan_bStartToFindAddrCb
 .text.ToCoNet_NbScan_bStartToFindRole
                0x000000000008300c       0x34 /Applications/Twelite/MWSDK/TWENET/current/lib/libTWENET_BLUE.a(ToCoNet_mod_NbScan.o)
                0x000000000008300c                ToCoNet_NbScan_bStartToFindRole
 .text.RepondList_bFind
                0x0000000000083040       0x51 /Applications/Twelite/MWSDK/TWENET/current/lib/libTWENET_BLUE.a(ToCoNet_mod_NbScan_Slave.o)
 .text.vTransmit
                0x0000000000083091      0x184 /Applications/Twelite/MWSDK/TWENET/current/lib/libTWENET_BLUE.a(ToCoNet_mod_NbScan_Slave.o)
 .text.vProcessEvModNeighbourScanSlave
                0x0000000000083215      0x17d /Applications/Twelite/MWSDK/TWENET/current/lib/libTWENET_BLUE.a(ToCoNet_mod_NbScan_Slave.o)
 .text.ToCoNet_vReg_mod_NbScan_Slave
                0x0000000000083392       0x40 /Applications/Twelite/MWSDK/TWENET/current/lib/libTWENET_BLUE.a(ToCoNet_mod_NbScan_Slave.o)
                0x0000000000083392                ToCoNet_vReg_mod_NbScan_Slave
 .text.ToCoNet_vReg_mod_TxRxQueueMid
                0x00000000000833d2       0x81 /Applications/Twelite/MWSDK/TWENET/current/lib/libTWENET_BLUE.a(ToCoNet_mod_TxRxQueue.o)
                0x00000000000833d2                ToCoNet_vReg_mod_TxRxQueueMid
 .text.ToCoNet_vRxProc_Mod
                0x0000000000083453       0x41 /Applications/Twelite/MWSDK/TWENET/current/lib/libTWENET_BLUE.a(ToCoNet_mod_Nwk_Common.o)
                0x0000000000083453                ToCoNet_vRxProc_Mod
 .text.ToCoNet_vRxProc_App
                0x0000000000083494       0x8c /Applications/Twelite/MWSDK/TWENET/current/lib/libTWENET_BLUE.a(ToCoNet_mod_Nwk_Common.o)
                0x0000000000083494                ToCoNet_vRxProc_App
 .text.vInitCounters
                0x0000000000083520       0x1b /Applications/Twelite/MWSDK/TWENET/current/lib/libTWENET_BLUE.a(ToCoNet_mod_Nwk_LayerTree.o)
 .text.vHnd_E_STATE_DISCONNECT
                0x000000000008353b       0x21 /Applications/Twelite/MWSDK/TWENET/current/lib/libTWENET_BLUE.a(ToCoNet_mod_Nwk_LayerTree.o)
 .text.vHnd_E_STATE_RUNNING
                0x000000000008355c       0xbb /Applications/Twelite/MWSDK/TWENET/current/lib/libTWENET_BLUE.a(ToCoNet_mod_Nwk_LayerTree.o)
 .text.vHnd_E_STATE_IDLE
                0x0000000000083617      0x109 /Applications/Twelite/MWSDK/TWENET/current/lib/libTWENET_BLUE.a(ToCoNet_mod_Nwk_LayerTree.o)
 .text.vHnd_E_STATE_LOCATING
                0x0000000000083720      0x139 /Applications/Twelite/MWSDK/TWENET/current/lib/libTWENET_BLUE.a(ToCoNet_mod_Nwk_LayerTree.o)
 .text.vHnd_E_STATE_SCANNING
                0x0000000000083859      0x22b /Applications/Twelite/MWSDK/TWENET/current/lib/libTWENET_BLUE.a(ToCoNet_mod_Nwk_LayerTree.o)
 .text.vHnd_E_STATE_PAUSE
                0x0000000000083a84       0x63 /Applications/Twelite/MWSDK/TWENET/current/lib/libTWENET_BLUE.a(ToCoNet_mod_Nwk_LayerTree.o)
 .text.ToCoNet_bNwk_Pause_LayerTree
                0x0000000000083ae7       0x5a /Applications/Twelite/MWSDK/TWENET/current/lib/libTWENET_BLUE.a(ToCoNet_mod_Nwk_LayerTree.o)
 .text.ToCoNet_bNwk_Stop_LayerTree
                0x0000000000083b41       0x49 /Applications/Twelite/MWSDK/TWENET/current/lib/libTWENET_BLUE.a(ToCoNet_mod_Nwk_LayerTree.o)
 .text.ToCoNet_bNwk_Start_LayerTree
                0x0000000000083b8a       0x6c /Applications/Twelite/MWSDK/TWENET/current/lib/libTWENET_BLUE.a(ToCoNet_mod_Nwk_LayerTree.o)
 .text.ToCoNet_bNwk_Resume_LayerTree
                0x0000000000083bf6       0x4d /Applications/Twelite/MWSDK/TWENET/current/lib/libTWENET_BLUE.a(ToCoNet_mod_Nwk_LayerTree.o)
 .text.ToCoNet_bNwk_Init_LayerTree
                0x0000000000083c43       0x35 /Applications/Twelite/MWSDK/TWENET/current/lib/libTWENET_BLUE.a(ToCoNet_mod_Nwk_LayerTree.o)
 .text.bTxReq   0x0000000000083c78      0x224 /Applications/Twelite/MWSDK/TWENET/current/lib/libTWENET_BLUE.a(ToCoNet_mod_Nwk_LayerTree.o)
 .text.vProcessEvCoreNwkLayerTree
                0x0000000000083e9c      0x6af /Applications/Twelite/MWSDK/TWENET/current/lib/libTWENET_BLUE.a(ToCoNet_mod_Nwk_LayerTree.o)
                0x0000000000083e9c                vProcessEvCoreNwkLayerTree
 .text.ToCoNet_NwkLyTr_psConfig
                0x000000000008454b      0x248 /Applications/Twelite/MWSDK/TWENET/current/lib/libTWENET_BLUE.a(ToCoNet_mod_Nwk_LayerTree.o)
                0x000000000008454b                ToCoNet_NwkLyTr_psConfig
 .text.ToCoNet_vReg_mod_Nwk_LayerTree
                0x0000000000084793       0x3f /Applications/Twelite/MWSDK/TWENET/current/lib/libTWENET_BLUE.a(ToCoNet_mod_Nwk_LayerTree.o)
                0x0000000000084793                ToCoNet_vReg_mod_Nwk_LayerTree
 .text.ToCoNet_ChMgr_bCh_OnTx
                0x00000000000847d2       0x69 /Applications/Twelite/MWSDK/TWENET/current/lib/libTWENET_BLUE.a(ToCoNet_mod_Channel_Mgr.o)
                0x00000000000847d2                ToCoNet_ChMgr_bCh_OnTx
 .text.ToCoNet_ChMgr_bCh_Reconfig
                0x000000000008483b       0x69 /Applications/Twelite/MWSDK/TWENET/current/lib/libTWENET_BLUE.a(ToCoNet_mod_Channel_Mgr.o)
                0x000000000008483b                ToCoNet_ChMgr_bCh_Reconfig
 .text.ToCoNet_ChMgr_vCh_TxFin
                0x00000000000848a4       0x2c /Applications/Twelite/MWSDK/TWENET/current/lib/libTWENET_BLUE.a(ToCoNet_mod_Channel_Mgr.o)
                0x00000000000848a4                ToCoNet_ChMgr_vCh_TxFin
 .text.ToCoNet_ChMgr_vCh_Release
                0x00000000000848d0       0x20 /Applications/Twelite/MWSDK/TWENET/current/lib/libTWENET_BLUE.a(ToCoNet_mod_Channel_Mgr.o)
                0x00000000000848d0                ToCoNet_ChMgr_vCh_Release
 .text.ToCoNet_ChMgr_bCh_Hold
                0x00000000000848f0       0x37 /Applications/Twelite/MWSDK/TWENET/current/lib/libTWENET_BLUE.a(ToCoNet_mod_Channel_Mgr.o)
                0x00000000000848f0                ToCoNet_ChMgr_bCh_Hold
 .text.ToCoNet_ChMgr_bCh_Change
                0x0000000000084927       0x21 /Applications/Twelite/MWSDK/TWENET/current/lib/libTWENET_BLUE.a(ToCoNet_mod_Channel_Mgr.o)
                0x0000000000084927                ToCoNet_ChMgr_bCh_Change
 .text.vHnd_E_STATE_RUNNING
                0x0000000000084948        0x3 /Applications/Twelite/MWSDK/TWENET/current/lib/libTWENET_BLUE.a(ToCoNet_mod_Nwk_MessagePool.o)
 .text.ToCoNet_MsgPl_bRequest_w_Payload_to_Parenet
                0x000000000008494b       0xd9 /Applications/Twelite/MWSDK/TWENET/current/lib/libTWENET_BLUE.a(ToCoNet_mod_Nwk_MessagePool.o)
                0x000000000008494b                ToCoNet_MsgPl_bRequest_w_Payload_to_Parenet
 .text.vHnd_E_STATE_IDLE
                0x0000000000084a24        0x5 /Applications/Twelite/MWSDK/TWENET/current/lib/libTWENET_BLUE.a(ToCoNet_mod_Nwk_MessagePool.o)
 .text.ToCoNet_MsgPl_vConfig
                0x0000000000084a29       0x10 /Applications/Twelite/MWSDK/TWENET/current/lib/libTWENET_BLUE.a(ToCoNet_mod_Nwk_MessagePool.o)
                0x0000000000084a29                ToCoNet_MsgPl_vConfig
 .text.ToCoNet_vReg_mod_Nwk_MessagePool
                0x0000000000084a39       0x37 /Applications/Twelite/MWSDK/TWENET/current/lib/libTWENET_BLUE.a(ToCoNet_mod_Nwk_MessagePool.o)
                0x0000000000084a39                ToCoNet_vReg_mod_Nwk_MessagePool
 .text.ToCoNet_MsgPl_bSetMessage
                0x0000000000084a70      0x100 /Applications/Twelite/MWSDK/TWENET/current/lib/libTWENET_BLUE.a(ToCoNet_mod_Nwk_MessagePool.o)
                0x0000000000084a70                ToCoNet_MsgPl_bSetMessage
 .text.vProcessEvCoreMessagePool
                0x0000000000084b70      0x25f /Applications/Twelite/MWSDK/TWENET/current/lib/libTWENET_BLUE.a(ToCoNet_mod_Nwk_MessagePool.o)
 .text.ToCoNet_DupChk_vInit_E
                0x0000000000084dcf       0x1d /Applications/Twelite/MWSDK/TWENET/current/lib/libTWENET_BLUE.a(ToCoNet_mod_DuplicateChecker.o)
                0x0000000000084dcf                ToCoNet_DupChk_vInit_E
 .text._ToCoNet_DupChk_psInit
                0x0000000000084dec       0x82 /Applications/Twelite/MWSDK/TWENET/current/lib/libTWENET_BLUE.a(ToCoNet_mod_DuplicateChecker.o)
                0x0000000000084dec                _ToCoNet_DupChk_psInit
 .text.ToCoNet_vReg_mod_DupChk
                0x0000000000084e6e       0x2a /Applications/Twelite/MWSDK/TWENET/current/lib/libTWENET_BLUE.a(ToCoNet_mod_DuplicateChecker.o)
                0x0000000000084e6e                ToCoNet_vReg_mod_DupChk
 .text.ToCoNet_DupChk_bAdd_E
                0x0000000000084e98       0x5c /Applications/Twelite/MWSDK/TWENET/current/lib/libTWENET_BLUE.a(ToCoNet_mod_DuplicateChecker.o)
                0x0000000000084e98                ToCoNet_DupChk_bAdd_E
 .text.ToCoNet_DupChk_bAdd
                0x0000000000084ef4      0x1d5 /Applications/Twelite/MWSDK/TWENET/current/lib/libTWENET_BLUE.a(ToCoNet_mod_DuplicateChecker.o)
                0x0000000000084ef4                ToCoNet_DupChk_bAdd
 .text.ToCoNet_DupChk_u8Clean_E
                0x00000000000850c9       0x5b /Applications/Twelite/MWSDK/TWENET/current/lib/libTWENET_BLUE.a(ToCoNet_mod_DuplicateChecker.o)
                0x00000000000850c9                ToCoNet_DupChk_u8Clean_E
 .text.ToCoNet_DupChk_vClean
                0x0000000000085124       0x4f /Applications/Twelite/MWSDK/TWENET/current/lib/libTWENET_BLUE.a(ToCoNet_mod_DuplicateChecker.o)
                0x0000000000085124                ToCoNet_DupChk_vClean
 .text.u32Update
                0x0000000000085173      0x174 /Applications/Twelite/MWSDK/TWENET/current/lib/libTWENET_BLUE.a(ToCoNet_mod_BeaconHistory.o)
 .text.ToCoNet_BHist_vInit
                0x00000000000852e7       0x2b /Applications/Twelite/MWSDK/TWENET/current/lib/libTWENET_BLUE.a(ToCoNet_mod_BeaconHistory.o)
                0x00000000000852e7                ToCoNet_BHist_vInit
 .text.ToCoNet_BHist_u32Tick
                0x0000000000085312        0x2 /Applications/Twelite/MWSDK/TWENET/current/lib/libTWENET_BLUE.a(ToCoNet_mod_BeaconHistory.o)
                0x0000000000085312                ToCoNet_BHist_u32Tick
 .text.ToCoNet_BHist_u32Add
                0x0000000000085314       0xda /Applications/Twelite/MWSDK/TWENET/current/lib/libTWENET_BLUE.a(ToCoNet_mod_BeaconHistory.o)
                0x0000000000085314                ToCoNet_BHist_u32Add
 .text.pvFifoPull
                0x00000000000853ee       0x27 /Applications/Twelite/MWSDK/TWENET/current/lib/libTWENET_BLUE.a(AppQueueApi_ToCoNet.o)
 .text.psAppQApiGetMcpsBuffer
                0x0000000000085415        0x8 /Applications/Twelite/MWSDK/TWENET/current/lib/libTWENET_BLUE.a(AppQueueApi_ToCoNet.o)
 .text.psAppQApiGetMlmeBuffer
                0x000000000008541d        0x8 /Applications/Twelite/MWSDK/TWENET/current/lib/libTWENET_BLUE.a(AppQueueApi_ToCoNet.o)
 .text.bFifoPush
                0x0000000000085425       0x39 /Applications/Twelite/MWSDK/TWENET/current/lib/libTWENET_BLUE.a(AppQueueApi_ToCoNet.o)
 .text.vAppQApiPostMcps
                0x000000000008545e       0x1b /Applications/Twelite/MWSDK/TWENET/current/lib/libTWENET_BLUE.a(AppQueueApi_ToCoNet.o)
 .text.vAppQApiPostMlme
                0x0000000000085479       0x1f /Applications/Twelite/MWSDK/TWENET/current/lib/libTWENET_BLUE.a(AppQueueApi_ToCoNet.o)
 .text.vAppQApiPostHwIntT
                0x0000000000085498       0xbd /Applications/Twelite/MWSDK/TWENET/current/lib/libTWENET_BLUE.a(AppQueueApi_ToCoNet.o)
 .text.u32AppQApiInitInt_PATCH
                0x0000000000085555        0xa /Applications/Twelite/MWSDK/TWENET/current/lib/libTWENET_BLUE.a(AppQueueApi_ToCoNet.o)
                0x0000000000085555                u32AppQApiInitInt_PATCH
 .text.u32AppQApiInitNetwork
                0x000000000008555f       0x1f /Applications/Twelite/MWSDK/TWENET/current/lib/libTWENET_BLUE.a(AppQueueApi_ToCoNet.o)
                0x000000000008555f                u32AppQApiInitNetwork
 .text.u32AppQApiInitT
                0x000000000008557e      0x1b8 /Applications/Twelite/MWSDK/TWENET/current/lib/libTWENET_BLUE.a(AppQueueApi_ToCoNet.o)
                0x000000000008557e                u32AppQApiInitT
 .text.psAppQApiReadMlmeIndT
                0x0000000000085736        0x9 /Applications/Twelite/MWSDK/TWENET/current/lib/libTWENET_BLUE.a(AppQueueApi_ToCoNet.o)
                0x0000000000085736                psAppQApiReadMlmeIndT
 .text.psAppQApiReadMcpsIndT
                0x000000000008573f        0x9 /Applications/Twelite/MWSDK/TWENET/current/lib/libTWENET_BLUE.a(AppQueueApi_ToCoNet.o)
                0x000000000008573f                psAppQApiReadMcpsIndT
 .text.psAppQApiReadHwIndT
                0x0000000000085748        0x9 /Applications/Twelite/MWSDK/TWENET/current/lib/libTWENET_BLUE.a(AppQueueApi_ToCoNet.o)
                0x0000000000085748                psAppQApiReadHwIndT
 .text.vAppQApiReturnMlmeIndBufferT
                0x0000000000085751        0xb /Applications/Twelite/MWSDK/TWENET/current/lib/libTWENET_BLUE.a(AppQueueApi_ToCoNet.o)
                0x0000000000085751                vAppQApiReturnMlmeIndBufferT
 .text.vAppQApiReturnMcpsIndBufferT
                0x000000000008575c        0xb /Applications/Twelite/MWSDK/TWENET/current/lib/libTWENET_BLUE.a(AppQueueApi_ToCoNet.o)
                0x000000000008575c                vAppQApiReturnMcpsIndBufferT
 .text.vAppQApiReturnHwIndBufferT
                0x0000000000085767        0xb /Applications/Twelite/MWSDK/TWENET/current/lib/libTWENET_BLUE.a(AppQueueApi_ToCoNet.o)
                0x0000000000085767                vAppQApiReturnHwIndBufferT
 .text.AppColdStart
                0x0000000000085772      0x4de /Applications/Twelite/MWSDK/TWENET/current/lib/libTWENEText_BLUE.a(AppStart.o)
                0x0000000000085772                AppColdStart
 .text._ToCoNet_vMacInit
                0x0000000000085c50       0x26 /Applications/Twelite/MWSDK/TWENET/current/lib/libTWENEText_BLUE.a(AppStart.o)
                0x0000000000085c50                _ToCoNet_vMacInit
 .text.AppWarmStart
                0x0000000000085c76       0x93 /Applications/Twelite/MWSDK/TWENET/current/lib/libTWENEText_BLUE.a(AppStart.o)
                0x0000000000085c76                AppWarmStart
 .text._ToCoNet_bRfChChannel
                0x0000000000085d09       0x99 /Applications/Twelite/MWSDK/TWENET/current/lib/libTWENEText_BLUE.a(AppStart.o)
                0x0000000000085d09                _ToCoNet_bRfChChannel
 .text._ToCoNet_vRfConfig
                0x0000000000085da2       0xc8 /Applications/Twelite/MWSDK/TWENET/current/lib/libTWENEText_BLUE.a(AppStart.o)
                0x0000000000085da2                _ToCoNet_vRfConfig
 .text.ToCoNet_u32GetSerialOnBoot
                0x0000000000085e6a       0x43 /Applications/Twelite/MWSDK/TWENET/current/lib/libTWENEText_BLUE.a(getMacAddr.o)
                0x0000000000085e6a                ToCoNet_u32GetSerialOnBoot
 .text.Mac_vInit
                0x0000000000085ead       0x4c /Applications/Twelite/MWSDK/TWENET/current/lib/libTWENEText_BLUE.a(mac.o)
                0x0000000000085ead                Mac_vInit
 .text.Mac_bRxQueueReg
                0x0000000000085ef9       0x38 /Applications/Twelite/MWSDK/TWENET/current/lib/libTWENEText_BLUE.a(mac.o)
                0x0000000000085ef9                Mac_bRxQueueReg
 .text.bEncodeAES
                0x0000000000085f31       0xae /Applications/Twelite/MWSDK/TWENET/current/lib/libTWENEText_BLUE.a(mac.o)
                0x0000000000085f31                bEncodeAES
 .text.Mac_bTransmit
                0x0000000000085fdf      0x21c /Applications/Twelite/MWSDK/TWENET/current/lib/libTWENEText_BLUE.a(mac.o)
                0x0000000000085fdf                Mac_bTransmit
 .text.bDecodeAES
                0x00000000000861fb       0xc9 /Applications/Twelite/MWSDK/TWENET/current/lib/libTWENEText_BLUE.a(mac.o)
                0x00000000000861fb                bDecodeAES
 .text.Mac_vHandleMcpsDataInd
                0x00000000000862c4      0x2de /Applications/Twelite/MWSDK/TWENET/current/lib/libTWENEText_BLUE.a(mac.o)
                0x00000000000862c4                Mac_vHandleMcpsDataInd
 .text.Mac_vReset
                0x00000000000865a2       0x1d /Applications/Twelite/MWSDK/TWENET/current/lib/libTWENEText_BLUE.a(mac.o)
                0x00000000000865a2                Mac_vReset
 .text.Mac_vSetRetry
                0x00000000000865bf       0x18 /Applications/Twelite/MWSDK/TWENET/current/lib/libTWENEText_BLUE.a(mac.o)
                0x00000000000865bf                Mac_vSetRetry
 .text.Mac_vSetCCA
                0x00000000000865d7       0x29 /Applications/Twelite/MWSDK/TWENET/current/lib/libTWENEText_BLUE.a(mac.o)
                0x00000000000865d7                Mac_vSetCCA
 .text.bAES_CCM_DecodeKey
                0x0000000000086600       0x8e /Applications/Twelite/MWSDK/TWENET/current/lib/libTWENEText_BLUE.a(AES_CCM.o)
                0x0000000000086600                bAES_CCM_DecodeKey
 .text.bAES_CCM_EncodeKey
                0x000000000008668e       0x7f /Applications/Twelite/MWSDK/TWENET/current/lib/libTWENEText_BLUE.a(AES_CCM.o)
                0x000000000008668e                bAES_CCM_EncodeKey
 .text.bAES_CCM_KeyReg
                0x000000000008670d       0x3f /Applications/Twelite/MWSDK/TWENET/current/lib/libTWENEText_BLUE.a(AES_CCM.o)
                0x000000000008670d                bAES_CCM_KeyReg
 .text.bAES_CCM_Encode
                0x000000000008674c       0x1e /Applications/Twelite/MWSDK/TWENET/current/lib/libTWENEText_BLUE.a(AES_CCM.o)
                0x000000000008674c                bAES_CCM_Encode
 .text.bAES_CCM_Decode
                0x000000000008676a       0x1e /Applications/Twelite/MWSDK/TWENET/current/lib/libTWENEText_BLUE.a(AES_CCM.o)
                0x000000000008676a                bAES_CCM_Decode
 .text.EEP_6x_vInit
                0x0000000000086788       0x2a /Applications/Twelite/MWSDK/TWENET/current/lib/libTWENEText_BLUE.a(eeprom_6x.o)
                0x0000000000086788                EEP_6x_vInit
 .text.EEP_6x_bRead
                0x00000000000867b2       0x6d /Applications/Twelite/MWSDK/TWENET/current/lib/libTWENEText_BLUE.a(eeprom_6x.o)
                0x00000000000867b2                EEP_6x_bRead
 .text.vHandlerPatch
                0x000000000008681f       0x37 /Applications/Twelite/MWSDK/TWENET/current/lib/libTWENEText_BLUE.a(no_ack_handler.o)
 .text.vInstallNoAckHandler
                0x0000000000086856       0x2a /Applications/Twelite/MWSDK/TWENET/current/lib/libTWENEText_BLUE.a(no_ack_handler.o)
                0x0000000000086856                vInstallNoAckHandler
 .text.SERIAL_vTxReady
                0x0000000000086880       0x2d /Applications/Twelite/MWSDK/TWENET/current/lib/libTWENETutils_BLUE.a(serial.o)
                0x0000000000086880                SERIAL_vTxReady
 .text.vRxChar  0x00000000000868ad       0x35 /Applications/Twelite/MWSDK/TWENET/current/lib/libTWENETutils_BLUE.a(serial.o)
 .text.SERIAL_vInitEx
                0x00000000000868e2       0x78 /Applications/Twelite/MWSDK/TWENET/current/lib/libTWENETutils_BLUE.a(serial.o)
                0x00000000000868e2                SERIAL_vInitEx
 .text.SERIAL_vInit
                0x000000000008695a        0x4 /Applications/Twelite/MWSDK/TWENET/current/lib/libTWENETutils_BLUE.a(serial.o)
                0x000000000008695a                SERIAL_vInit
 .text.SERIAL_bTxChar
                0x000000000008695e       0x7e /Applications/Twelite/MWSDK/TWENET/current/lib/libTWENETutils_BLUE.a(serial.o)
                0x000000000008695e                SERIAL_bTxChar
 .text.SERIAL_i16RxChar
                0x00000000000869dc       0x43 /Applications/Twelite/MWSDK/TWENET/current/lib/libTWENETutils_BLUE.a(serial.o)
                0x00000000000869dc                SERIAL_i16RxChar
 .text.SERIAL_bRxQueueEmpty
                0x0000000000086a1f        0xf /Applications/Twelite/MWSDK/TWENET/current/lib/libTWENETutils_BLUE.a(serial.o)
                0x0000000000086a1f                SERIAL_bRxQueueEmpty
 .text.SERIAL_bTxQueueEmpty
                0x0000000000086a2e        0xf /Applications/Twelite/MWSDK/TWENET/current/lib/libTWENETutils_BLUE.a(serial.o)
                0x0000000000086a2e                SERIAL_bTxQueueEmpty
 .text.SERIAL_vFlush
                0x0000000000086a3d       0x3f /Applications/Twelite/MWSDK/TWENET/current/lib/libTWENETutils_BLUE.a(serial.o)
                0x0000000000086a3d                SERIAL_vFlush
 .text.UART_vHandleUartInterrupt
                0x0000000000086a7c       0x70 /Applications/Twelite/MWSDK/TWENET/current/lib/libTWENETutils_BLUE.a(uart.o)
 .text.UART_vInit
                0x0000000000086aec      0x1a8 /Applications/Twelite/MWSDK/TWENET/current/lib/libTWENETutils_BLUE.a(uart.o)
                0x0000000000086aec                UART_vInit
 .text.UART_vRtsStopFlow
                0x0000000000086c94       0x1f /Applications/Twelite/MWSDK/TWENET/current/lib/libTWENETutils_BLUE.a(uart.o)
                0x0000000000086c94                UART_vRtsStopFlow
 .text.UART_vRtsStartFlow
                0x0000000000086cb3       0x1f /Applications/Twelite/MWSDK/TWENET/current/lib/libTWENETutils_BLUE.a(uart.o)
                0x0000000000086cb3                UART_vRtsStartFlow
 .text.UART_vTxChar
                0x0000000000086cd2        0x3 /Applications/Twelite/MWSDK/TWENET/current/lib/libTWENETutils_BLUE.a(uart.o)
                0x0000000000086cd2                UART_vTxChar
 .text.UART_bTxReady
                0x0000000000086cd5        0xc /Applications/Twelite/MWSDK/TWENET/current/lib/libTWENETutils_BLUE.a(uart.o)
                0x0000000000086cd5                UART_bTxReady
 .text.UART_vSetTxInterrupt
                0x0000000000086ce1       0x17 /Applications/Twelite/MWSDK/TWENET/current/lib/libTWENETutils_BLUE.a(uart.o)
                0x0000000000086ce1                UART_vSetTxInterrupt
 .text.QUEUE__vInit
                0x0000000000086cf8       0x12 /Applications/Twelite/MWSDK/TWENET/current/lib/libTWENETutils_BLUE.a(ByteQueue.o)
                0x0000000000086cf8                QUEUE__vInit
 .text.QUEUE__vAddItem
                0x0000000000086d0a       0x5f /Applications/Twelite/MWSDK/TWENET/current/lib/libTWENETutils_BLUE.a(ByteQueue.o)
                0x0000000000086d0a                QUEUE__vAddItem
 .text.QUEUE__u8RemoveItem
                0x0000000000086d69       0x5c /Applications/Twelite/MWSDK/TWENET/current/lib/libTWENETutils_BLUE.a(ByteQueue.o)
                0x0000000000086d69                QUEUE__u8RemoveItem
 .text.QUEUE__bEmpty
                0x0000000000086dc5        0xb /Applications/Twelite/MWSDK/TWENET/current/lib/libTWENETutils_BLUE.a(ByteQueue.o)
                0x0000000000086dc5                QUEUE__bEmpty
 .text.QUEUE__bFull
                0x0000000000086dd0       0x14 /Applications/Twelite/MWSDK/TWENET/current/lib/libTWENETutils_BLUE.a(ByteQueue.o)
                0x0000000000086dd0                QUEUE(bool,  (long __restrict, long))
 .text.QUEUE__vFlush
                0x0000000000086de4       0x1f /Applications/Twelite/MWSDK/TWENET/current/lib/libTWENETutils_BLUE.a(ByteQueue.o)
                0x0000000000086de4                QUEUE__vFlush
 .text.QUEUE__u16Count
                0x0000000000086e03        0x6 /Applications/Twelite/MWSDK/TWENET/current/lib/libTWENETutils_BLUE.a(ByteQueue.o)
                0x0000000000086e03                QUEUE__u16Count
 .text.u8CCITT8
                0x0000000000086e09       0x26 /Applications/Twelite/MWSDK/TWENET/current/lib/libTWENETutils_BLUE.a(ccitt8.o)
                0x0000000000086e09                u8CCITT8
 .text.vPrintString
                0x0000000000086e2f       0x83 /Applications/Twelite/MWSDK/TWENET/current/lib/libTWENETutils_BLUE.a(fprintf.o)
 .text.vPrintInteger
                0x0000000000086eb2       0xb3 /Applications/Twelite/MWSDK/TWENET/current/lib/libTWENETutils_BLUE.a(fprintf.o)
 .text.vfPrintf
                0x0000000000086f65      0x1ab /Applications/Twelite/MWSDK/TWENET/current/lib/libTWENETutils_BLUE.a(fprintf.o)
                0x0000000000086f65                vfPrintf
 .text.SPRINTF_bPutChar
                0x0000000000087110       0x3c /Applications/Twelite/MWSDK/TWENET/current/lib/libTWENETutils_BLUE.a(sprintf.o)
 .text.SPRINTF_vInit128
                0x000000000008714c       0x30 /Applications/Twelite/MWSDK/TWENET/current/lib/libTWENETutils_BLUE.a(sprintf.o)
                0x000000000008714c                SPRINTF_vInit128
 .text.SPRINTF_vRewind
                0x000000000008717c        0x9 /Applications/Twelite/MWSDK/TWENET/current/lib/libTWENETutils_BLUE.a(sprintf.o)
                0x000000000008717c                SPRINTF_vRewind
 .text.SPRINTF_pu8GetBuff
                0x0000000000087185        0x9 /Applications/Twelite/MWSDK/TWENET/current/lib/libTWENETutils_BLUE.a(sprintf.o)
                0x0000000000087185                SPRINTF_pu8GetBuff
 .text.SPRINTF_u16Length
                0x000000000008718e        0x9 /Applications/Twelite/MWSDK/TWENET/current/lib/libTWENETutils_BLUE.a(sprintf.o)
                0x000000000008718e                SPRINTF_u16Length
 .text.s_div_by
                0x0000000000087197       0x31 /Applications/Twelite/MWSDK/TWENET/current/lib/libTWENETutils_BLUE.a(utils.o)
                0x0000000000087197                s_div_by
 *fill*         0x00000000000871c8        0x0 00
 .text.vTimerConfig
                0x00000000000871c8      0x164 /Applications/Twelite/MWSDK/TWENET/current/lib/libTWENETutils_BLUE.a(utils.o)
                0x00000000000871c8                vTimerConfig
 .text.vTimerStart
                0x000000000008732c       0x8b /Applications/Twelite/MWSDK/TWENET/current/lib/libTWENETutils_BLUE.a(utils.o)
                0x000000000008732c                vTimerStart
 .text.vTimerStop
                0x00000000000873b7       0x2f /Applications/Twelite/MWSDK/TWENET/current/lib/libTWENETutils_BLUE.a(utils.o)
                0x00000000000873b7                vTimerStop
 .text.pvAppApiDefGetMacHandle
                0x00000000000873e6        0x9 /Applications/Twelite/MWSDK/ChipLib/SW4063V1416/Components/Library/libAppApi_JN516x.a(AppApi.o)
                0x00000000000873e6                pvAppApiDefGetMacHandle
 .text.vAppApiDefMlmeRequest
                0x00000000000873ef       0x2f /Applications/Twelite/MWSDK/ChipLib/SW4063V1416/Components/Library/libAppApi_JN516x.a(AppApi.o)
                0x00000000000873ef                vAppApiDefMlmeRequest
 .text.vAppApiDefMcpsRequest
                0x000000000008741e       0x2f /Applications/Twelite/MWSDK/ChipLib/SW4063V1416/Components/Library/libAppApi_JN516x.a(AppApi.o)
                0x000000000008741e                vAppApiDefMcpsRequest
 .text.eAppApiDefPlmeSet
                0x000000000008744d       0x2d /Applications/Twelite/MWSDK/ChipLib/SW4063V1416/Components/Library/libAppApi_JN516x.a(AppApi.o)
                0x000000000008744d                eAppApiDefPlmeSet
 .text.eAppApiDefPlmeGet
                0x000000000008747a       0x2d /Applications/Twelite/MWSDK/ChipLib/SW4063V1416/Components/Library/libAppApi_JN516x.a(AppApi.o)
                0x000000000008747a                eAppApiDefPlmeGet
 .text.vAppApiDefPowerUp
                0x00000000000874a7       0x1d /Applications/Twelite/MWSDK/ChipLib/SW4063V1416/Components/Library/libAppApi_JN516x.a(AppApi.o)
                0x00000000000874a7                vAppApiDefPowerUp
 .text.vAppApiDefStartStack
                0x00000000000874c4       0x51 /Applications/Twelite/MWSDK/ChipLib/SW4063V1416/Components/Library/libAppApi_JN516x.a(AppApi.o)
                0x00000000000874c4                vAppApiDefStartStack
 .text.vAppApiDefSetPrbsSeed
                0x0000000000087515       0x24 /Applications/Twelite/MWSDK/ChipLib/SW4063V1416/Components/Library/libAppApi_JN516x.a(AppApi.o)
                0x0000000000087515                vAppApiDefSetPrbsSeed
 .text.vAppApiDefSetInterrupts
                0x0000000000087539       0x34 /Applications/Twelite/MWSDK/ChipLib/SW4063V1416/Components/Library/libAppApi_JN516x.a(AppApi.o)
                0x0000000000087539                vAppApiDefSetInterrupts
 .text.u32AppApiDefInit
                0x000000000008756d       0x5a /Applications/Twelite/MWSDK/ChipLib/SW4063V1416/Components/Library/libAppApi_JN516x.a(AppApi.o)
                0x000000000008756d                u32AppApiDefInit
 .text.pvAppApiDefGetMacAddrLocation
                0x00000000000875c7        0x9 /Applications/Twelite/MWSDK/ChipLib/SW4063V1416/Components/Library/libAppApi_JN516x.a(AppApi.o)
                0x00000000000875c7                pvAppApiDefGetMacAddrLocation
 .text.vAppApiDefSaveMacSettings
                0x00000000000875d0       0x5d /Applications/Twelite/MWSDK/ChipLib/SW4063V1416/Components/Library/libAppApi_JN516x.a(AppApiSleep.o)
                0x00000000000875d0                vAppApiDefSaveMacSettings
 .text.vMAC_RestoreSettings
                0x000000000008762d       0xbc /Applications/Twelite/MWSDK/ChipLib/SW4063V1416/Components/Library/libAppApi_JN516x.a(AppApiSleep.o)
                0x000000000008762d                vMAC_RestoreSettings
 .text.vAppApiDefRestoreMacSettings
                0x00000000000876e9       0x1c /Applications/Twelite/MWSDK/ChipLib/SW4063V1416/Components/Library/libAppApi_JN516x.a(AppApiSleep.o)
                0x00000000000876e9                vAppApiDefRestoreMacSettings
 .text.vSetTimer0
                0x0000000000087705        0xf /Applications/Twelite/MWSDK/ChipLib/SW4063V1416/Components/Library/libMAC_JN516x.a(mac_main.o)
                0x0000000000087705                vSetTimer0
 .text.u32GetTimer0
                0x0000000000087714        0x7 /Applications/Twelite/MWSDK/ChipLib/SW4063V1416/Components/Library/libMAC_JN516x.a(mac_main.o)
                0x0000000000087714                u32GetTimer0
 .text.mac_vInitTimer0
                0x000000000008771b       0x1d /Applications/Twelite/MWSDK/ChipLib/SW4063V1416/Components/Library/libMAC_JN516x.a(mac_main.o)
                0x000000000008771b                mac_vInitTimer0
 .text.MAC_pvCtor
                0x0000000000087738       0x6d /Applications/Twelite/MWSDK/ChipLib/SW4063V1416/Components/Library/libMAC_JN516x.a(mac_main.o)
                0x0000000000087738                MAC_pvCtor
 .text.MAC_vXcvBbcEvtHandler
                0x00000000000877a5       0x16 /Applications/Twelite/MWSDK/ChipLib/SW4063V1416/Components/Library/libMAC_JN516x.a(mac_main.o)
                0x00000000000877a5                MAC_vXcvBbcEvtHandler
 .text.MAC_vXcvPhyEvtHandler
                0x00000000000877bb        0xd /Applications/Twelite/MWSDK/ChipLib/SW4063V1416/Components/Library/libMAC_JN516x.a(mac_main.o)
                0x00000000000877bb                MAC_vXcvPhyEvtHandler
 .text.MAC_vHandleMcpsReqRsp
                0x00000000000877c8       0x28 /Applications/Twelite/MWSDK/ChipLib/SW4063V1416/Components/Library/libMAC_JN516x.a(mac_mcps.o)
                0x00000000000877c8                MAC_vHandleMcpsReqRsp
 .text.vHandleTofRequest
                0x00000000000877f0       0x12 /Applications/Twelite/MWSDK/ChipLib/SW4063V1416/Components/Library/libMAC_JN516x.a(mac_mlme.o)
 *fill*         0x0000000000087802        0x2 00
 .text.MAC_vHandleMlmeReqRsp
                0x0000000000087804       0x8c /Applications/Twelite/MWSDK/ChipLib/SW4063V1416/Components/Library/libMAC_JN516x.a(mac_mlme.o)
                0x0000000000087804                MAC_vHandleMlmeReqRsp
 .text.MAC_psPibGetHandle
                0x0000000000087890        0x7 /Applications/Twelite/MWSDK/ChipLib/SW4063V1416/Components/Library/libMAC_JN516x.a(mac_pib.o)
                0x0000000000087890                MAC_psPibGetHandle
 .text.MAC_vPibSetShortAddr
                0x0000000000087897        0xe /Applications/Twelite/MWSDK/ChipLib/SW4063V1416/Components/Library/libMAC_JN516x.a(mac_pib.o)
                0x0000000000087897                MAC_vPibSetShortAddr
 .text.MAC_vPibSetPanId
                0x00000000000878a5       0x1b /Applications/Twelite/MWSDK/ChipLib/SW4063V1416/Components/Library/libMAC_JN516x.a(mac_pib.o)
                0x00000000000878a5                MAC_vPibSetPanId
 .text.MAC_vPibSetMinBe
                0x00000000000878c0       0x1e /Applications/Twelite/MWSDK/ChipLib/SW4063V1416/Components/Library/libMAC_JN516x.a(mac_pib.o)
                0x00000000000878c0                MAC_vPibSetMinBe
 .text.MAC_vPibSetMaxCsmaBackoffs
                0x00000000000878de       0x21 /Applications/Twelite/MWSDK/ChipLib/SW4063V1416/Components/Library/libMAC_JN516x.a(mac_pib.o)
                0x00000000000878de                MAC_vPibSetMaxCsmaBackoffs
 .text.MAC_vPibSetRxOnWhenIdle
                0x00000000000878ff       0x10 /Applications/Twelite/MWSDK/ChipLib/SW4063V1416/Components/Library/libMAC_JN516x.a(mac_pib.o)
                0x00000000000878ff                MAC_vPibSetRxOnWhenIdle
 .text.MAC_vPibSetPromiscuousMode
                0x000000000008790f       0x3e /Applications/Twelite/MWSDK/ChipLib/SW4063V1416/Components/Library/libMAC_JN516x.a(mac_pib.o)
                0x000000000008790f                MAC_vPibSetPromiscuousMode
 .text.MAC_vSetExtAddr
                0x000000000008794d       0x1f /Applications/Twelite/MWSDK/ChipLib/SW4063V1416/Components/Library/libMAC_JN516x.a(mac_pib.o)
                0x000000000008794d                MAC_vSetExtAddr
 .text.mac_vPibSetDefaults
                0x000000000008796c      0x11b /Applications/Twelite/MWSDK/ChipLib/SW4063V1416/Components/Library/libMAC_JN516x.a(mac_pib_mlme.o)
                0x000000000008796c                mac_vPibSetDefaults
 .text.mac_vPibReset
                0x0000000000087a87       0x91 /Applications/Twelite/MWSDK/ChipLib/SW4063V1416/Components/Library/libMAC_JN516x.a(mac_pib_mlme.o)
                0x0000000000087a87                mac_vPibReset
 .text.mac_vPibCmpCoordExtAddr
                0x0000000000087b18       0x24 /Applications/Twelite/MWSDK/ChipLib/SW4063V1416/Components/Library/libMAC_JN516x.a(mac_pib_mlme.o)
                0x0000000000087b18                mac_vPibCmpCoordExtAddr
 .text.bPMICdisassocReqSent
                0x0000000000087b3c       0x78 /Applications/Twelite/MWSDK/ChipLib/SW4063V1416/Components/Library/libMAC_JN516x.a(mac_pmic.o)
 .text.bAssocRespSent
                0x0000000000087bb4       0x14 /Applications/Twelite/MWSDK/ChipLib/SW4063V1416/Components/Library/libMAC_JN516x.a(mac_pmic.o)
 .text.vPMICreset
                0x0000000000087bc8        0xd /Applications/Twelite/MWSDK/ChipLib/SW4063V1416/Components/Library/libMAC_JN516x.a(mac_pmic.o)
                0x0000000000087bc8                vPMICreset
 .text.vPMICassociateRequest
                0x0000000000087bd5       0xcf /Applications/Twelite/MWSDK/ChipLib/SW4063V1416/Components/Library/libMAC_JN516x.a(mac_pmic.o)
                0x0000000000087bd5                vPMICassociateRequest
 .text.vPMICassociateResponse
                0x0000000000087ca4       0xcb /Applications/Twelite/MWSDK/ChipLib/SW4063V1416/Components/Library/libMAC_JN516x.a(mac_pmic.o)
                0x0000000000087ca4                vPMICassociateResponse
 .text.vPMICdisassociateRequest
                0x0000000000087d6f       0xd1 /Applications/Twelite/MWSDK/ChipLib/SW4063V1416/Components/Library/libMAC_JN516x.a(mac_pmic.o)
                0x0000000000087d6f                vPMICdisassociateRequest
 .text.vPMICassocRespFrameReceived
                0x0000000000087e40       0x7d /Applications/Twelite/MWSDK/ChipLib/SW4063V1416/Components/Library/libMAC_JN516x.a(mac_pmic.o)
                0x0000000000087e40                vPMICassocRespFrameReceived
 .text.vPMICdisassocReceived
                0x0000000000087ebd       0x84 /Applications/Twelite/MWSDK/ChipLib/SW4063V1416/Components/Library/libMAC_JN516x.a(mac_pmic.o)
                0x0000000000087ebd                vPMICdisassocReceived
 .text.vPMICassocReqFrameReceived
                0x0000000000087f41       0x6a /Applications/Twelite/MWSDK/ChipLib/SW4063V1416/Components/Library/libMAC_JN516x.a(mac_pmic.o)
                0x0000000000087f41                vPMICassocReqFrameReceived
 .text.vPMICpostFailedAssocDcfm
                0x0000000000087fab       0x36 /Applications/Twelite/MWSDK/ChipLib/SW4063V1416/Components/Library/libMAC_JN516x.a(mac_pmic.o)
                0x0000000000087fab                vPMICpostFailedAssocDcfm
 .text.bPMICassocReqSent
                0x0000000000087fe1       0x7e /Applications/Twelite/MWSDK/ChipLib/SW4063V1416/Components/Library/libMAC_JN516x.a(mac_pmic.o)
 .text.vPMICassocReqTO_1
                0x000000000008805f       0x7e /Applications/Twelite/MWSDK/ChipLib/SW4063V1416/Components/Library/libMAC_JN516x.a(mac_pmic.o)
 .text.bPMICassocReqPollSent
                0x00000000000880dd       0x4f /Applications/Twelite/MWSDK/ChipLib/SW4063V1416/Components/Library/libMAC_JN516x.a(mac_pmic.o)
 .text.vPMICassocReqTO_2
                0x000000000008812c       0x19 /Applications/Twelite/MWSDK/ChipLib/SW4063V1416/Components/Library/libMAC_JN516x.a(mac_pmic.o)
 .text.MAC_vRegisterMlmeDcfmIndCallbacks
                0x0000000000088145        0x6 /Applications/Twelite/MWSDK/ChipLib/SW4063V1416/Components/Library/libMAC_JN516x.a(mac_ind.o)
                0x0000000000088145                MAC_vRegisterMlmeDcfmIndCallbacks
 .text.MAC_vRegisterMcpsDcfmIndCallbacks
                0x000000000008814b        0x6 /Applications/Twelite/MWSDK/ChipLib/SW4063V1416/Components/Library/libMAC_JN516x.a(mac_ind.o)
                0x000000000008814b                MAC_vRegisterMcpsDcfmIndCallbacks
 .text.mac_psDcfmIndGetBuf
                0x0000000000088151       0x21 /Applications/Twelite/MWSDK/ChipLib/SW4063V1416/Components/Library/libMAC_JN516x.a(mac_ind.o)
                0x0000000000088151                mac_psDcfmIndGetBuf
 .text.mac_eDcfmIndPost
                0x0000000000088172       0x21 /Applications/Twelite/MWSDK/ChipLib/SW4063V1416/Components/Library/libMAC_JN516x.a(mac_ind.o)
                0x0000000000088172                mac_eDcfmIndPost
 .text.eGenlIllegal
                0x0000000000088193        0x7 /Applications/Twelite/MWSDK/ChipLib/SW4063V1416/Components/Library/libMAC_JN516x.a(mac_scan.o)
 .text.eGenlDontCare
                0x000000000008819a        0x5 /Applications/Twelite/MWSDK/ChipLib/SW4063V1416/Components/Library/libMAC_JN516x.a(mac_scan.o)
 .text.eWEnDEdDone
                0x000000000008819f       0x5b /Applications/Twelite/MWSDK/ChipLib/SW4063V1416/Components/Library/libMAC_JN516x.a(mac_scan.o)
 .text.eWEnDTmrExpiry
                0x00000000000881fa        0xb /Applications/Twelite/MWSDK/ChipLib/SW4063V1416/Components/Library/libMAC_JN516x.a(mac_scan.o)
 .text.vPostDcfm
                0x0000000000088205       0xd4 /Applications/Twelite/MWSDK/ChipLib/SW4063V1416/Components/Library/libMAC_JN516x.a(mac_scan.o)
 .text.eWCoRRxDone
                0x00000000000882d9       0x97 /Applications/Twelite/MWSDK/ChipLib/SW4063V1416/Components/Library/libMAC_JN516x.a(mac_scan.o)
 .text.eGenRxHdrDone
                0x0000000000088370       0x10 /Applications/Twelite/MWSDK/ChipLib/SW4063V1416/Components/Library/libMAC_JN516x.a(mac_scan.o)
 .text.eWONTTxDone
                0x0000000000088380       0x2e /Applications/Twelite/MWSDK/ChipLib/SW4063V1416/Components/Library/libMAC_JN516x.a(mac_scan.o)
 .text.eWBRTTxDone
                0x00000000000883ae       0x1e /Applications/Twelite/MWSDK/ChipLib/SW4063V1416/Components/Library/libMAC_JN516x.a(mac_scan.o)
 .text.eWBcnRxDone
                0x00000000000883cc      0x194 /Applications/Twelite/MWSDK/ChipLib/SW4063V1416/Components/Library/libMAC_JN516x.a(mac_scan.o)
 .text.eWChCChanChgd
                0x0000000000088560      0x197 /Applications/Twelite/MWSDK/ChipLib/SW4063V1416/Components/Library/libMAC_JN516x.a(mac_scan.o)
 .text.eScanHandleEvt
                0x00000000000886f7       0x32 /Applications/Twelite/MWSDK/ChipLib/SW4063V1416/Components/Library/libMAC_JN516x.a(mac_scan.o)
                0x00000000000886f7                eScanHandleEvt
 .text.vScanHandleTimer
                0x0000000000088729        0x4 /Applications/Twelite/MWSDK/ChipLib/SW4063V1416/Components/Library/libMAC_JN516x.a(mac_scan.o)
 .text.mac_eScanInit
                0x000000000008872d       0x16 /Applications/Twelite/MWSDK/ChipLib/SW4063V1416/Components/Library/libMAC_JN516x.a(mac_scan.o)
                0x000000000008872d                mac_eScanInit
 .text.mac_eScanHandleXcvBbcEvt
                0x0000000000088743        0xb /Applications/Twelite/MWSDK/ChipLib/SW4063V1416/Components/Library/libMAC_JN516x.a(mac_scan.o)
                0x0000000000088743                mac_eScanHandleXcvBbcEvt
 .text.mac_eScanHandleXcvPhyEvt
                0x000000000008874e        0xb /Applications/Twelite/MWSDK/ChipLib/SW4063V1416/Components/Library/libMAC_JN516x.a(mac_scan.o)
                0x000000000008874e                mac_eScanHandleXcvPhyEvt
 .text.vSetNextChannel
                0x0000000000088759       0x58 /Applications/Twelite/MWSDK/ChipLib/SW4063V1416/Components/Library/libMAC_JN516x.a(mac_scan.o)
 .text.mac_vScanHandleMlmeReq
                0x00000000000887b1       0xaa /Applications/Twelite/MWSDK/ChipLib/SW4063V1416/Components/Library/libMAC_JN516x.a(mac_scan.o)
                0x00000000000887b1                mac_vScanHandleMlmeReq
 .text.eGenTmrExpiry
                0x000000000008885b       0x42 /Applications/Twelite/MWSDK/ChipLib/SW4063V1416/Components/Library/libMAC_JN516x.a(mac_scan.o)
 .text.eWEDTEdDone
                0x000000000008889d       0x24 /Applications/Twelite/MWSDK/ChipLib/SW4063V1416/Components/Library/libMAC_JN516x.a(mac_scan.o)
 .text.mac_u32LPBGetBeaconTimeout
                0x00000000000888c1        0x9 /Applications/Twelite/MWSDK/ChipLib/SW4063V1416/Components/Library/libMAC_JN516x.a(mac_lp.o)
                0x00000000000888c1                mac_u32LPBGetBeaconTimeout
 .text.mac_vLPBStopTimer
                0x00000000000888ca        0xb /Applications/Twelite/MWSDK/ChipLib/SW4063V1416/Components/Library/libMAC_JN516x.a(mac_lp.o)
                0x00000000000888ca                mac_vLPBStopTimer
 .text.mac_vLPBAdjustBeaconOffset
                0x00000000000888d5       0x5d /Applications/Twelite/MWSDK/ChipLib/SW4063V1416/Components/Library/libMAC_JN516x.a(mac_lp.o)
                0x00000000000888d5                mac_vLPBAdjustBeaconOffset
 .text.mac_vLPBSleep
                0x0000000000088932       0x4c /Applications/Twelite/MWSDK/ChipLib/SW4063V1416/Components/Library/libMAC_JN516x.a(mac_lp.o)
                0x0000000000088932                mac_vLPBSleep
 .text.MAC_u32ConvertFrom16uS
                0x000000000008897e       0x3a /Applications/Twelite/MWSDK/ChipLib/SW4063V1416/Components/Library/libMAC_JN516x.a(mac_lp.o)
                0x000000000008897e                MAC_u32ConvertFrom16uS
 .text.mac_vLPBStartTimer
                0x00000000000889b8       0x7f /Applications/Twelite/MWSDK/ChipLib/SW4063V1416/Components/Library/libMAC_JN516x.a(mac_lp.o)
                0x00000000000889b8                mac_vLPBStartTimer
 .text.bSearchQueue
                0x0000000000088a37       0x2f /Applications/Twelite/MWSDK/ChipLib/SW4063V1416/Components/Library/libMAC_JN516x.a(MCPS.o)
 .text.bMCPSframeTXcomplete
                0x0000000000088a66       0x53 /Applications/Twelite/MWSDK/ChipLib/SW4063V1416/Components/Library/libMAC_JN516x.a(MCPS.o)
 .text.vTAM_MCPSdataRequest
                0x0000000000088ab9       0x43 /Applications/Twelite/MWSDK/ChipLib/SW4063V1416/Components/Library/libMAC_JN516x.a(MCPS.o)
                0x0000000000088ab9                vTAM_MCPSdataRequest
 .text.vTAM_MCPSpurgeRequest
                0x0000000000088afc       0x5d /Applications/Twelite/MWSDK/ChipLib/SW4063V1416/Components/Library/libMAC_JN516x.a(MCPS.o)
                0x0000000000088afc                vTAM_MCPSpurgeRequest
 .text.vMCPSframeReceived
                0x0000000000088b59       0x4e /Applications/Twelite/MWSDK/ChipLib/SW4063V1416/Components/Library/libMAC_JN516x.a(MCPS.o)
                0x0000000000088b59                vMCPSframeReceived
 .text.phy_ePibSet.part.1
                0x0000000000088ba7       0x66 /Applications/Twelite/MWSDK/ChipLib/SW4063V1416/Components/Library/libMAC_JN516x.a(phy_pib.o)
 .text.phy_ePibGet
                0x0000000000088c0d       0x33 /Applications/Twelite/MWSDK/ChipLib/SW4063V1416/Components/Library/libMAC_JN516x.a(phy_pib.o)
                0x0000000000088c0d                phy_ePibGet
 .text.vPhySetChannel
                0x0000000000088c40       0x97 /Applications/Twelite/MWSDK/ChipLib/SW4063V1416/Components/Library/libMAC_JN516x.a(phy_pib.o)
                0x0000000000088c40                vPhySetChannel
 .text.phy_ePibSet
                0x0000000000088cd7       0x3d /Applications/Twelite/MWSDK/ChipLib/SW4063V1416/Components/Library/libMAC_JN516x.a(phy_pib.o)
                0x0000000000088cd7                phy_ePibSet
 .text.phy_vPibSetDefaults
                0x0000000000088d14       0x1e /Applications/Twelite/MWSDK/ChipLib/SW4063V1416/Components/Library/libMAC_JN516x.a(phy_pib.o)
                0x0000000000088d14                phy_vPibSetDefaults
 .text.bTAMinPAN
                0x0000000000088d32       0x14 /Applications/Twelite/MWSDK/ChipLib/SW4063V1416/Components/Library/libMAC_JN516x.a(TAM.o)
                0x0000000000088d32                bTAMinPAN
 .text.vTAM_MLMEstartRequest
                0x0000000000088d46       0x7d /Applications/Twelite/MWSDK/ChipLib/SW4063V1416/Components/Library/libMAC_JN516x.a(TAM.o)
                0x0000000000088d46                vTAM_MLMEstartRequest
 .text.vTAM_MLMEsyncRequest
                0x0000000000088dc3       0x18 /Applications/Twelite/MWSDK/ChipLib/SW4063V1416/Components/Library/libMAC_JN516x.a(TAM.o)
                0x0000000000088dc3                vTAM_MLMEsyncRequest
 *fill*         0x0000000000088ddb        0x1 00
 .text.eTAMselect
                0x0000000000088ddc      0x134 /Applications/Twelite/MWSDK/ChipLib/SW4063V1416/Components/Library/libMAC_JN516x.a(TAM.o)
                0x0000000000088ddc                eTAMselect
 .text.vTAMreset
                0x0000000000088f10      0x1b7 /Applications/Twelite/MWSDK/ChipLib/SW4063V1416/Components/Library/libMAC_JN516x.a(TAM.o)
                0x0000000000088f10                vTAMreset
 .text.eTAMevent
                0x00000000000890c7       0x17 /Applications/Twelite/MWSDK/ChipLib/SW4063V1416/Components/Library/libMAC_JN516x.a(TAM.o)
                0x00000000000890c7                eTAMevent
 .text.vTrySendFromDirectCAP
                0x00000000000890de       0x1f /Applications/Twelite/MWSDK/ChipLib/SW4063V1416/Components/Library/libMAC_JN516x.a(TAMCO.o)
 .text.vTrySendFromDirectNoBeacon
                0x00000000000890fd       0x2f /Applications/Twelite/MWSDK/ChipLib/SW4063V1416/Components/Library/libMAC_JN516x.a(TAMCO.o)
 .text.vTAMCOint1Fired
                0x000000000008912c       0xd1 /Applications/Twelite/MWSDK/ChipLib/SW4063V1416/Components/Library/libMAC_JN516x.a(TAMCO.o)
                0x000000000008912c                vTAMCOint1Fired
 .text.vTAMCOframeTXbeacon
                0x00000000000891fd       0xb0 /Applications/Twelite/MWSDK/ChipLib/SW4063V1416/Components/Library/libMAC_JN516x.a(TAMCO.o)
                0x00000000000891fd                vTAMCOframeTXbeacon
 .text.vTAMCOint2Fired
                0x00000000000892ad       0x21 /Applications/Twelite/MWSDK/ChipLib/SW4063V1416/Components/Library/libMAC_JN516x.a(TAMCO.o)
                0x00000000000892ad                vTAMCOint2Fired
 .text.vTAMCOframeTXgoingIdle
                0x00000000000892ce       0x19 /Applications/Twelite/MWSDK/ChipLib/SW4063V1416/Components/Library/libMAC_JN516x.a(TAMCO.o)
                0x00000000000892ce                vTAMCOframeTXgoingIdle
 .text.vTAMCOint1FiredCAP
                0x00000000000892e7       0x78 /Applications/Twelite/MWSDK/ChipLib/SW4063V1416/Components/Library/libMAC_JN516x.a(TAMCO.o)
                0x00000000000892e7                vTAMCOint1FiredCAP
 .text.vTAMCOframeTXcap
                0x000000000008935f       0x24 /Applications/Twelite/MWSDK/ChipLib/SW4063V1416/Components/Library/libMAC_JN516x.a(TAMCO.o)
                0x000000000008935f                vTAMCOframeTXcap
 .text.vTAMCOframeRXcap
                0x0000000000089383       0x12 /Applications/Twelite/MWSDK/ChipLib/SW4063V1416/Components/Library/libMAC_JN516x.a(TAMCO.o)
                0x0000000000089383                vTAMCOframeRXcap
 .text.vTAMCOframeRXgoingIdle
                0x0000000000089395       0x16 /Applications/Twelite/MWSDK/ChipLib/SW4063V1416/Components/Library/libMAC_JN516x.a(TAMCO.o)
                0x0000000000089395                vTAMCOframeRXgoingIdle
 .text.vTAMCOframeTXnobeacon
                0x00000000000893ab       0x15 /Applications/Twelite/MWSDK/ChipLib/SW4063V1416/Components/Library/libMAC_JN516x.a(TAMCO.o)
                0x00000000000893ab                vTAMCOframeTXnobeacon
 .text.vTAMCOframeRXnobeacon
                0x00000000000893c0       0x12 /Applications/Twelite/MWSDK/ChipLib/SW4063V1416/Components/Library/libMAC_JN516x.a(TAMCO.o)
                0x00000000000893c0                vTAMCOframeRXnobeacon
 .text.vTAMCOreqTXnoBeacon
                0x00000000000893d2       0x12 /Applications/Twelite/MWSDK/ChipLib/SW4063V1416/Components/Library/libMAC_JN516x.a(TAMCO.o)
                0x00000000000893d2                vTAMCOreqTXnoBeacon
 .text.vTAMCOreqTXinCAP
                0x00000000000893e4       0x29 /Applications/Twelite/MWSDK/ChipLib/SW4063V1416/Components/Library/libMAC_JN516x.a(TAMCO.o)
                0x00000000000893e4                vTAMCOreqTXinCAP
 .text.vTAMCOsetCoordinator
                0x000000000008940d       0x29 /Applications/Twelite/MWSDK/ChipLib/SW4063V1416/Components/Library/libMAC_JN516x.a(TAMCO.o)
                0x000000000008940d                vTAMCOsetCoordinator
 .text.vTAMCOstartBeacon
                0x0000000000089436       0x3c /Applications/Twelite/MWSDK/ChipLib/SW4063V1416/Components/Library/libMAC_JN516x.a(TAMCO.o)
                0x0000000000089436                vTAMCOstartBeacon
 .text.vStartStoreValues
                0x0000000000089472       0xc1 /Applications/Twelite/MWSDK/ChipLib/SW4063V1416/Components/Library/libMAC_JN516x.a(TAMCO.o)
 .text.vTAMCO_MLMEstartRequest
                0x0000000000089533      0x103 /Applications/Twelite/MWSDK/ChipLib/SW4063V1416/Components/Library/libMAC_JN516x.a(TAMCO.o)
                0x0000000000089533                vTAMCO_MLMEstartRequest
 .text.bStartCallback
                0x0000000000089636       0x29 /Applications/Twelite/MWSDK/ChipLib/SW4063V1416/Components/Library/libMAC_JN516x.a(TAMCO.o)
 .text.vTAMCOframeStarting
                0x000000000008965f       0x19 /Applications/Twelite/MWSDK/ChipLib/SW4063V1416/Components/Library/libMAC_JN516x.a(TAMCO.o)
                0x000000000008965f                vTAMCOframeStarting
 .text.vTAMCOupdatePendingList
                0x0000000000089678       0xc5 /Applications/Twelite/MWSDK/ChipLib/SW4063V1416/Components/Library/libMAC_JN516x.a(TAMCO.o)
                0x0000000000089678                vTAMCOupdatePendingList
 .text.vSetPHYfromMacValue
                0x000000000008973d       0x3f /Applications/Twelite/MWSDK/ChipLib/SW4063V1416/Components/Library/libMAC_JN516x.a(TAMDE.o)
 .text.vTrySendUnslotted
                0x000000000008977c       0x1c /Applications/Twelite/MWSDK/ChipLib/SW4063V1416/Components/Library/libMAC_JN516x.a(TAMDE.o)
 .text.bSendDataRequest
                0x0000000000089798      0x108 /Applications/Twelite/MWSDK/ChipLib/SW4063V1416/Components/Library/libMAC_JN516x.a(TAMDE.o)
 .text.bProcessBeaconRX
                0x00000000000898a0       0xde /Applications/Twelite/MWSDK/ChipLib/SW4063V1416/Components/Library/libMAC_JN516x.a(TAMDE.o)
 .text.vTAMDEint1FiredTracking
                0x000000000008997e       0x5e /Applications/Twelite/MWSDK/ChipLib/SW4063V1416/Components/Library/libMAC_JN516x.a(TAMDE.o)
                0x000000000008997e                vTAMDEint1FiredTracking
 .text.vTAMDEdetermineNullState
                0x00000000000899dc       0x1d /Applications/Twelite/MWSDK/ChipLib/SW4063V1416/Components/Library/libMAC_JN516x.a(TAMDE.o)
                0x00000000000899dc                vTAMDEdetermineNullState
 .text.vTAMDEint1FiredWaitDR
                0x00000000000899f9        0xe /Applications/Twelite/MWSDK/ChipLib/SW4063V1416/Components/Library/libMAC_JN516x.a(TAMDE.o)
                0x00000000000899f9                vTAMDEint1FiredWaitDR
 .text.vTAMDEint1FiredTrackingCAPgts
                0x0000000000089a07       0xb0 /Applications/Twelite/MWSDK/ChipLib/SW4063V1416/Components/Library/libMAC_JN516x.a(TAMDE.o)
                0x0000000000089a07                vTAMDEint1FiredTrackingCAPgts
 .text.vTAMDEint1FiredSyncReq
                0x0000000000089ab7       0x63 /Applications/Twelite/MWSDK/ChipLib/SW4063V1416/Components/Library/libMAC_JN516x.a(TAMDE.o)
                0x0000000000089ab7                vTAMDEint1FiredSyncReq
 .text.vTAMDEstartSync
                0x0000000000089b1a       0x71 /Applications/Twelite/MWSDK/ChipLib/SW4063V1416/Components/Library/libMAC_JN516x.a(TAMDE.o)
                0x0000000000089b1a                vTAMDEstartSync
 .text.vDeterminePowerState
                0x0000000000089b8b       0x89 /Applications/Twelite/MWSDK/ChipLib/SW4063V1416/Components/Library/libMAC_JN516x.a(TAMDE.o)
 .text.vTAMDEreqTXnullTrackingCAP
                0x0000000000089c14       0x19 /Applications/Twelite/MWSDK/ChipLib/SW4063V1416/Components/Library/libMAC_JN516x.a(TAMDE.o)
                0x0000000000089c14                vTAMDEreqTXnullTrackingCAP
 .text.vTAMDEframeTXDEnull
                0x0000000000089c2d       0x22 /Applications/Twelite/MWSDK/ChipLib/SW4063V1416/Components/Library/libMAC_JN516x.a(TAMDE.o)
                0x0000000000089c2d                vTAMDEframeTXDEnull
 .text.vTAMDEframeTXtrackingCAPgts
                0x0000000000089c4f       0x2b /Applications/Twelite/MWSDK/ChipLib/SW4063V1416/Components/Library/libMAC_JN516x.a(TAMDE.o)
                0x0000000000089c4f                vTAMDEframeTXtrackingCAPgts
 .text.vTAMDEframeRX
                0x0000000000089c7a       0x2a /Applications/Twelite/MWSDK/ChipLib/SW4063V1416/Components/Library/libMAC_JN516x.a(TAMDE.o)
                0x0000000000089c7a                vTAMDEframeRX
 .text.vTAMDEint2FiredPollActive
                0x0000000000089ca4       0x31 /Applications/Twelite/MWSDK/ChipLib/SW4063V1416/Components/Library/libMAC_JN516x.a(TAMDE.o)
                0x0000000000089ca4                vTAMDEint2FiredPollActive
 .text.vTAMDEint2FiredTrackingDR
                0x0000000000089cd5       0x25 /Applications/Twelite/MWSDK/ChipLib/SW4063V1416/Components/Library/libMAC_JN516x.a(TAMDE.o)
                0x0000000000089cd5                vTAMDEint2FiredTrackingDR
 .text.vTAMDEframeRXtrackingDR
                0x0000000000089cfa       0x42 /Applications/Twelite/MWSDK/ChipLib/SW4063V1416/Components/Library/libMAC_JN516x.a(TAMDE.o)
                0x0000000000089cfa                vTAMDEframeRXtrackingDR
 .text.vTAMDEframeTXtrackingDR
                0x0000000000089d3c       0x5a /Applications/Twelite/MWSDK/ChipLib/SW4063V1416/Components/Library/libMAC_JN516x.a(TAMDE.o)
                0x0000000000089d3c                vTAMDEframeTXtrackingDR
 .text.vTAMDEint1FiredTrackingBeacon
                0x0000000000089d96       0x98 /Applications/Twelite/MWSDK/ChipLib/SW4063V1416/Components/Library/libMAC_JN516x.a(TAMDE.o)
                0x0000000000089d96                vTAMDEint1FiredTrackingBeacon
 .text.vTAMDEframeRXsyncReq
                0x0000000000089e2e      0x221 /Applications/Twelite/MWSDK/ChipLib/SW4063V1416/Components/Library/libMAC_JN516x.a(TAMDE.o)
                0x0000000000089e2e                vTAMDEframeRXsyncReq
 .text.vTAMDEframePreSyncReq
                0x000000000008a04f       0x18 /Applications/Twelite/MWSDK/ChipLib/SW4063V1416/Components/Library/libMAC_JN516x.a(TAMDE.o)
                0x000000000008a04f                vTAMDEframePreSyncReq
 .text.vTAMDE_MLMEsyncRequest
                0x000000000008a067       0x2f /Applications/Twelite/MWSDK/ChipLib/SW4063V1416/Components/Library/libMAC_JN516x.a(TAMDE.o)
                0x000000000008a067                vTAMDE_MLMEsyncRequest
 .text.vMEMreset
                0x000000000008a096       0x68 /Applications/Twelite/MWSDK/ChipLib/SW4063V1416/Components/Library/libMAC_JN516x.a(TAM_MEM.o)
                0x000000000008a096                vMEMreset
 .text.pvMEMget
                0x000000000008a0fe       0x29 /Applications/Twelite/MWSDK/ChipLib/SW4063V1416/Components/Library/libMAC_JN516x.a(TAM_MEM.o)
                0x000000000008a0fe                pvMEMget
 .text.vMEMreturn
                0x000000000008a127       0x6e /Applications/Twelite/MWSDK/ChipLib/SW4063V1416/Components/Library/libMAC_JN516x.a(TAM_MEM.o)
                0x000000000008a127                vMEMreturn
 .text.vMLMEbeaconNotify
                0x000000000008a195      0x158 /Applications/Twelite/MWSDK/ChipLib/SW4063V1416/Components/Library/libMAC_JN516x.a(TAM_MLME.o)
                0x000000000008a195                vMLMEbeaconNotify
 .text.vMLMEsyncLoss
                0x000000000008a2ed       0x32 /Applications/Twelite/MWSDK/ChipLib/SW4063V1416/Components/Library/libMAC_JN516x.a(TAM_MLME.o)
                0x000000000008a2ed                vMLMEsyncLoss
 .text.vMLMEcommStatus
                0x000000000008a31f       0x62 /Applications/Twelite/MWSDK/ChipLib/SW4063V1416/Components/Library/libMAC_JN516x.a(TAM_MLME.o)
                0x000000000008a31f                vMLMEcommStatus
 .text.vMLMEcommStatusFromFrame
                0x000000000008a381       0x44 /Applications/Twelite/MWSDK/ChipLib/SW4063V1416/Components/Library/libMAC_JN516x.a(TAM_MLME.o)
                0x000000000008a381                vMLMEcommStatusFromFrame
 .text.vMLMErxEnableConfirm
                0x000000000008a3c5       0x31 /Applications/Twelite/MWSDK/ChipLib/SW4063V1416/Components/Library/libMAC_JN516x.a(TAM_MLME.o)
                0x000000000008a3c5                vMLMErxEnableConfirm
 .text.vTAHsetCutOff
                0x000000000008a3f6        0xa /Applications/Twelite/MWSDK/ChipLib/SW4063V1416/Components/Library/libMAC_JN516x.a(TAM_TAH.o)
                0x000000000008a3f6                vTAHsetCutOff
 .text.vTAHsetSyncLock
                0x000000000008a400       0x18 /Applications/Twelite/MWSDK/ChipLib/SW4063V1416/Components/Library/libMAC_JN516x.a(TAM_TAH.o)
                0x000000000008a400                vTAHsetSyncLock
 .text.vTAHsetPhyStateDirect
                0x000000000008a418       0x2f /Applications/Twelite/MWSDK/ChipLib/SW4063V1416/Components/Library/libMAC_JN516x.a(TAM_TAH.o)
                0x000000000008a418                vTAHsetPhyStateDirect
 .text.vTAHsetPhyState
                0x000000000008a447       0x34 /Applications/Twelite/MWSDK/ChipLib/SW4063V1416/Components/Library/libMAC_JN516x.a(TAM_TAH.o)
                0x000000000008a447                vTAHsetPhyState
 .text.vTAIsetCapTime
                0x000000000008a47b       0x1a /Applications/Twelite/MWSDK/ChipLib/SW4063V1416/Components/Library/libMAC_JN516x.a(TAM_TAI.o)
                0x000000000008a47b                vTAIsetCapTime
 .text.vTAIsetRxEnableTime
                0x000000000008a495       0x1a /Applications/Twelite/MWSDK/ChipLib/SW4063V1416/Components/Library/libMAC_JN516x.a(TAM_TAI.o)
                0x000000000008a495                vTAIsetRxEnableTime
 .text.vTAIdisableInterrupt
                0x000000000008a4af        0xd /Applications/Twelite/MWSDK/ChipLib/SW4063V1416/Components/Library/libMAC_JN516x.a(TAM_TAI.o)
                0x000000000008a4af                vTAIdisableInterrupt
 .text.vWriteFrame
                0x000000000008a4bc       0x7c /Applications/Twelite/MWSDK/ChipLib/SW4063V1416/Components/Library/libMAC_JN516x.a(TAM_TAT.o)
 .text.vTATstartReceiveAt
                0x000000000008a538       0x1b /Applications/Twelite/MWSDK/ChipLib/SW4063V1416/Components/Library/libMAC_JN516x.a(TAM_TAT.o)
                0x000000000008a538                vTATstartReceiveAt
 .text.eTATreadTXstatus
                0x000000000008a553       0x46 /Applications/Twelite/MWSDK/ChipLib/SW4063V1416/Components/Library/libMAC_JN516x.a(TAM_TAT.o)
                0x000000000008a553                eTATreadTXstatus
 .text.vTATgetFrameAddress
                0x000000000008a599       0x20 /Applications/Twelite/MWSDK/ChipLib/SW4063V1416/Components/Library/libMAC_JN516x.a(TAM_TAT.o)
                0x000000000008a599                vTATgetFrameAddress
 .text.vTATgetFramePayload
                0x000000000008a5b9       0x1d /Applications/Twelite/MWSDK/ChipLib/SW4063V1416/Components/Library/libMAC_JN516x.a(TAM_TAT.o)
                0x000000000008a5b9                vTATgetFramePayload
 .text.vTATsetBLE
                0x000000000008a5d6       0x3e /Applications/Twelite/MWSDK/ChipLib/SW4063V1416/Components/Library/libMAC_JN516x.a(TAM_TAT.o)
                0x000000000008a5d6                vTATsetBLE
 .text.vTATwriteAclMaterialToHardware
                0x000000000008a614       0x25 /Applications/Twelite/MWSDK/ChipLib/SW4063V1416/Components/Library/libMAC_JN516x.a(TAM_TAT.o)
                0x000000000008a614                vTATwriteAclMaterialToHardware
 .text.bIsBbcSafeForTx
                0x000000000008a639       0x35 /Applications/Twelite/MWSDK/ChipLib/SW4063V1416/Components/Library/libMAC_JN516x.a(TAM_TAT.o)
                0x000000000008a639                bIsBbcSafeForTx
 .text.bTATsendFrame
                0x000000000008a66e       0x56 /Applications/Twelite/MWSDK/ChipLib/SW4063V1416/Components/Library/libMAC_JN516x.a(TAM_TAT.o)
                0x000000000008a66e                bTATsendFrame
 .text.bTATsendFrameAt
                0x000000000008a6c4       0x3f /Applications/Twelite/MWSDK/ChipLib/SW4063V1416/Components/Library/libMAC_JN516x.a(TAM_TAT.o)
                0x000000000008a6c4                bTATsendFrameAt
 .text.bSendSyncLoss
                0x000000000008a703       0x18 /Applications/Twelite/MWSDK/ChipLib/SW4063V1416/Components/Library/libMAC_JN516x.a(TAMcommon.o)
 .text.bTACassessBeaconForPayload
                0x000000000008a71b       0x51 /Applications/Twelite/MWSDK/ChipLib/SW4063V1416/Components/Library/libMAC_JN516x.a(TAMcommon.o)
                0x000000000008a71b                bTACassessBeaconForPayload
 .text.vTACinformOriginator
                0x000000000008a76c       0x23 /Applications/Twelite/MWSDK/ChipLib/SW4063V1416/Components/Library/libMAC_JN516x.a(TAMcommon.o)
                0x000000000008a76c                vTACinformOriginator
 *fill*         0x000000000008a78f        0x1 00
 .text.eTACprocessFrameTXcomplete
                0x000000000008a790      0x158 /Applications/Twelite/MWSDK/ChipLib/SW4063V1416/Components/Library/libMAC_JN516x.a(TAMcommon.o)
                0x000000000008a790                eTACprocessFrameTXcomplete
 .text.bTACcheckPANconflict
                0x000000000008a8e8       0x9f /Applications/Twelite/MWSDK/ChipLib/SW4063V1416/Components/Library/libMAC_JN516x.a(TAMcommon.o)
                0x000000000008a8e8                bTACcheckPANconflict
 .text.vTACsetPHYfromMacValue
                0x000000000008a987       0x28 /Applications/Twelite/MWSDK/ChipLib/SW4063V1416/Components/Library/libMAC_JN516x.a(TAMcommon.o)
                0x000000000008a987                vTACsetPHYfromMacValue
 .text.bTACframeInProgress
                0x000000000008a9af       0x27 /Applications/Twelite/MWSDK/ChipLib/SW4063V1416/Components/Library/libMAC_JN516x.a(TAMcommon.o)
                0x000000000008a9af                bTACframeInProgress
 .text.vTACsetFramePending
                0x000000000008a9d6       0x3c /Applications/Twelite/MWSDK/ChipLib/SW4063V1416/Components/Library/libMAC_JN516x.a(TAMcommon.o)
                0x000000000008a9d6                vTACsetFramePending
 .text.vTACintRXheader
                0x000000000008aa12       0x85 /Applications/Twelite/MWSDK/ChipLib/SW4063V1416/Components/Library/libMAC_JN516x.a(TAMcommon.o)
                0x000000000008aa12                vTACintRXheader
 .text.vTACu16ToPayloadM
                0x000000000008aa97        0xc /Applications/Twelite/MWSDK/ChipLib/SW4063V1416/Components/Library/libMAC_JN516x.a(TAMcommon.o)
                0x000000000008aa97                vTACu16ToPayloadM
 .text.vTACu32ToPayloadM
                0x000000000008aaa3       0x18 /Applications/Twelite/MWSDK/ChipLib/SW4063V1416/Components/Library/libMAC_JN516x.a(TAMcommon.o)
                0x000000000008aaa3                vTACu32ToPayloadM
 .text.u16TACpayloadToU16M
                0x000000000008aabb        0xf /Applications/Twelite/MWSDK/ChipLib/SW4063V1416/Components/Library/libMAC_JN516x.a(TAMcommon.o)
                0x000000000008aabb                u16TACpayloadToU16M
 .text.u32TACpayloadToU32M
                0x000000000008aaca       0x21 /Applications/Twelite/MWSDK/ChipLib/SW4063V1416/Components/Library/libMAC_JN516x.a(TAMcommon.o)
                0x000000000008aaca                u32TACpayloadToU32M
 .text.u8TACgetHeaderSize
                0x000000000008aaeb       0x3d /Applications/Twelite/MWSDK/ChipLib/SW4063V1416/Components/Library/libMAC_JN516x.a(TAMcommon.o)
                0x000000000008aaeb                u8TACgetHeaderSize
 .text.bUpdateTime
                0x000000000008ab28       0x3f /Applications/Twelite/MWSDK/ChipLib/SW4063V1416/Components/Library/libMAC_JN516x.a(TAMcommon.o)
 .text.vTACbuildBeacon
                0x000000000008ab67      0x20f /Applications/Twelite/MWSDK/ChipLib/SW4063V1416/Components/Library/libMAC_JN516x.a(TAMcommon.o)
                0x000000000008ab67                vTACbuildBeacon
 .text.vTACsetTxFrameDefaults
                0x000000000008ad76       0x2a /Applications/Twelite/MWSDK/ChipLib/SW4063V1416/Components/Library/libMAC_JN516x.a(TAMcommon.o)
                0x000000000008ad76                vTACsetTxFrameDefaults
 .text.vTACcheckPollResponse
                0x000000000008ada0       0x31 /Applications/Twelite/MWSDK/ChipLib/SW4063V1416/Components/Library/libMAC_JN516x.a(TAMcommon.o)
                0x000000000008ada0                vTACcheckPollResponse
 .text.bTACprocessUnexpectedBeacon
                0x000000000008add1       0x68 /Applications/Twelite/MWSDK/ChipLib/SW4063V1416/Components/Library/libMAC_JN516x.a(TAMcommon.o)
                0x000000000008add1                bTACprocessUnexpectedBeacon
 .text.bTACprocessFrameRXcomplete
                0x000000000008ae39      0x1fc /Applications/Twelite/MWSDK/ChipLib/SW4063V1416/Components/Library/libMAC_JN516x.a(TAMcommon.o)
                0x000000000008ae39                bTACprocessFrameRXcomplete
 .text.vTAMinsertEvent
                0x000000000008b035       0x6c /Applications/Twelite/MWSDK/ChipLib/SW4063V1416/Components/Library/libMAC_JN516x.a(TAMevent.o)
                0x000000000008b035                vTAMinsertEvent
 .text.vTAM_TxRetryTimer
                0x000000000008b0a1       0x10 /Applications/Twelite/MWSDK/ChipLib/SW4063V1416/Components/Library/libMAC_JN516x.a(TAMevent.o)
                0x000000000008b0a1                vTAM_TxRetryTimer
 .text.vTAM_CancelTxRetryTimer
                0x000000000008b0b1        0xc /Applications/Twelite/MWSDK/ChipLib/SW4063V1416/Components/Library/libMAC_JN516x.a(TAMevent.o)
                0x000000000008b0b1                vTAM_CancelTxRetryTimer
 .text.vTAM_TxRetryTimeout
                0x000000000008b0bd        0x4 /Applications/Twelite/MWSDK/ChipLib/SW4063V1416/Components/Library/libMAC_JN516x.a(TAMevent.o)
                0x000000000008b0bd                vTAM_TxRetryTimeout
 .text.vTAM_QueueTxEvent