Archive member included because of file (symbol)

/Applications/Twelite/MWSDK/TWENET/current/lib/libTWENET_BLUE.a(ToCoNet_event.o)
                              objs_BLUE/Router.o (PRSEV_u8Register)
/Applications/Twelite/MWSDK/TWENET/current/lib/libTWENET_BLUE.a(ToCoNet_main.o)
                              objs_BLUE/Interactive.o (u32TickCount_ms)
/Applications/Twelite/MWSDK/TWENET/current/lib/libTWENET_BLUE.a(ToCoNet_utils.o)
                              objs_BLUE/Interactive.o (ToCoNet_u32GetVersion)
/Applications/Twelite/MWSDK/TWENET/current/lib/libTWENET_BLUE.a(ToCoNet_mod_Tx.o)
                              objs_BLUE/Router.o (ToCoNet_vReg_mod_Tx_Standard)
/Applications/Twelite/MWSDK/TWENET/current/lib/libTWENET_BLUE.a(ToCoNet_mod_NbScan.o)
                              objs_BLUE/Router.o (ToCoNet_vReg_mod_NbScan)
/Applications/Twelite/MWSDK/TWENET/current/lib/libTWENET_BLUE.a(ToCoNet_mod_NbScan_Slave.o)
                              objs_BLUE/Router.o (ToCoNet_vReg_mod_NbScan_Slave)
/Applications/Twelite/MWSDK/TWENET/current/lib/libTWENET_BLUE.a(ToCoNet_mod_TxRxQueue.o)
                              objs_BLUE/Router.o (ToCoNet_vReg_mod_TxRxQueueMid)
/Applications/Twelite/MWSDK/TWENET/current/lib/libTWENET_BLUE.a(ToCoNet_mod_Nwk_Common.o)
                              /Applications/Twelite/MWSDK/TWENET/current/lib/libTWENET_BLUE.a(ToCoNet_main.o) (ToCoNet_vRxProc_Mod)
/Applications/Twelite/MWSDK/TWENET/current/lib/libTWENET_BLUE.a(ToCoNet_mod_Nwk_LayerTree.o)
                              objs_BLUE/Router.o (ToCoNet_NwkLyTr_psConfig)
/Applications/Twelite/MWSDK/TWENET/current/lib/libTWENET_BLUE.a(ToCoNet_mod_Channel_Mgr.o)
                              /Applications/Twelite/MWSDK/TWENET/current/lib/libTWENET_BLUE.a(ToCoNet_mod_Tx.o) (ToCoNet_ChMgr_bCh_OnTx)
/Applications/Twelite/MWSDK/TWENET/current/lib/libTWENET_BLUE.a(ToCoNet_mod_Nwk_MessagePool.o)
                              objs_BLUE/Router.o (ToCoNet_vReg_mod_Nwk_MessagePool)
/Applications/Twelite/MWSDK/TWENET/current/lib/libTWENET_BLUE.a(ToCoNet_mod_DuplicateChecker.o)
                              objs_BLUE/Router.o (ToCoNet_vReg_mod_DupChk)
/Applications/Twelite/MWSDK/TWENET/current/lib/libTWENET_BLUE.a(ToCoNet_mod_BeaconHistory.o)
                              /Applications/Twelite/MWSDK/TWENET/current/lib/libTWENET_BLUE.a(ToCoNet_mod_Nwk_LayerTree.o) (ToCoNet_BHist_vInit)
/Applications/Twelite/MWSDK/TWENET/current/lib/libTWENET_BLUE.a(Version.o)
                              /Applications/Twelite/MWSDK/TWENET/current/lib/libTWENET_BLUE.a(ToCoNet_utils.o) (au8ToCoNetVersionInfo)
/Applications/Twelite/MWSDK/TWENET/current/lib/libTWENET_BLUE.a(AppQueueApi_ToCoNet.o)
                              /Applications/Twelite/MWSDK/TWENET/current/lib/libTWENET_BLUE.a(ToCoNet_main.o) (_u32_INT_ticktimer)
/Applications/Twelite/MWSDK/TWENET/current/lib/libTWENEText_BLUE.a(AppStart.o)
                              (AppColdStart)
/Applications/Twelite/MWSDK/TWENET/current/lib/libTWENEText_BLUE.a(getMacAddr.o)
                              /Applications/Twelite/MWSDK/TWENET/current/lib/libTWENET_BLUE.a(ToCoNet_main.o) (ToCoNet_u32GetSerialOnBoot)
/Applications/Twelite/MWSDK/TWENET/current/lib/libTWENEText_BLUE.a(mac.o)
                              /Applications/Twelite/MWSDK/TWENET/current/lib/libTWENET_BLUE.a(ToCoNet_main.o) (Mac_vInit)
/Applications/Twelite/MWSDK/TWENET/current/lib/libTWENEText_BLUE.a(AES_CCM.o)
                              /Applications/Twelite/MWSDK/TWENET/current/lib/libTWENEText_BLUE.a(AppStart.o) (bAES_CCM_KeyReg)
/Applications/Twelite/MWSDK/TWENET/current/lib/libTWENEText_BLUE.a(eeprom_6x.o)
                              objs_BLUE/flash.o (EEP_6x_bRead)
/Applications/Twelite/MWSDK/TWENET/current/lib/libTWENEText_BLUE.a(no_ack_handler.o)
                              /Applications/Twelite/MWSDK/TWENET/current/lib/libTWENEText_BLUE.a(AppStart.o) (vInstallNoAckHandler)
/Applications/Twelite/MWSDK/TWENET/current/lib/libTWENEText_BLUE.a(Version.o)
                              /Applications/Twelite/MWSDK/TWENET/current/lib/libTWENET_BLUE.a(ToCoNet_utils.o) (au8ToCoNetExtVersionInfo)
/Applications/Twelite/MWSDK/TWENET/current/lib/libTWENETutils_BLUE.a(serial.o)
                              objs_BLUE/Router.o (SERIAL_vInit)
/Applications/Twelite/MWSDK/TWENET/current/lib/libTWENETutils_BLUE.a(uart.o)
                              /Applications/Twelite/MWSDK/TWENET/current/lib/libTWENETutils_BLUE.a(serial.o) (UART_vInit)
/Applications/Twelite/MWSDK/TWENET/current/lib/libTWENETutils_BLUE.a(ByteQueue.o)
                              /Applications/Twelite/MWSDK/TWENET/current/lib/libTWENET_BLUE.a(ToCoNet_main.o) (QUEUE__vInit)
/Applications/Twelite/MWSDK/TWENET/current/lib/libTWENETutils_BLUE.a(ccitt8.o)
                              objs_BLUE/flash.o (u8CCITT8)
/Applications/Twelite/MWSDK/TWENET/current/lib/libTWENETutils_BLUE.a(fprintf.o)
                              objs_BLUE/Interactive.o (vfPrintf)
[...]
Memory Configuration

Name             Origin             Length             Attributes
flash            0x0000000000080000 0x0000000000028000
ram              0x000000000400004c 0x0000000000007fb4
*default*        0x0000000000000000 0xffffffffffffffff

Linker script and memory map

LOAD objs_BLUE/Interactive.o
LOAD objs_BLUE/Router.o
LOAD objs_BLUE/common.o
LOAD objs_BLUE/flash.o
LOAD objs_BLUE/input_string.o
LOAD objs_BLUE/sercmd_ascii.o
LOAD objs_BLUE/sercmd_binary.o
LOAD objs_BLUE/sercmd_chat.o
LOAD objs_BLUE/sercmd_plus3.o
LOAD /Applications/Twelite/MWSDK/TWENET/current/lib/libTWENET_BLUE.a
LOAD /Applications/Twelite/MWSDK/TWENET/current/lib/libTWENEText_BLUE.a
LOAD /Applications/Twelite/MWSDK/TWENET/current/lib/libTWENETutils_BLUE.a
LOAD /Applications/Twelite/MWSDK/TWENET/current/lib/libTWENETstgs_BLUE.a
START GROUP
LOAD /Applications/Twelite/MWSDK/ChipLib/SW4063V1416/Components/Library/libAppApi_JN516x.a
LOAD /Applications/Twelite/MWSDK/ChipLib/SW4063V1416/Components/Library/libMAC_JN516x.a
LOAD /Applications/Twelite/MWSDK/ChipLib/SW4063V1416/Components/Library/libTimerServer_JN516x.a
LOAD /Applications/Twelite/MWSDK/ChipLib/SW4063V1416/Components/Library/libTOF_JN516x.a
LOAD /Applications/Twelite/MWSDK/ChipLib/SW4063V1416/Components/Library/libXcv_JN516x.a
LOAD /Applications/Twelite/MWSDK/ChipLib/SW4063V1416/Components/Library/libAes_JN516x.a
LOAD /Applications/Twelite/MWSDK/ChipLib/SW4063V1416/Components/Library/libHardwareApi_JN516x.a
LOAD /Applications/Twelite/MWSDK/ChipLib/SW4063V1416/Components/Library/libMicroSpecific_JN516x.a
LOAD /Applications/Twelite/MWSDK/ChipLib/SW4063V1416/Components/Library/libBoot_JN516x.a
LOAD /Applications/Twelite/MWSDK/ChipLib/SW4063V1416/Components/Library/libPDM_EEPROM_JN516x_NO_RTOS.a
LOAD /Applications/Twelite/MWSDK/TWENET/current/lib/libTWENET_BLUE.a
LOAD /Applications/Twelite/MWSDK/TWENET/current/lib/libTWENEText_BLUE.a
LOAD /Applications/Twelite/MWSDK/TWENET/current/lib/libTWENETutils_BLUE.a
LOAD /Applications/Twelite/MWSDK/TWENET/current/lib/libTWENETstgs_BLUE.a
END GROUP
LOAD /Applications/Twelite/MWSDK/Tools/ba-elf-ba2-r36379/bin/../lib/gcc/ba-elf/4.7.4/../../../../ba-elf/lib/libc.a
LOAD /Applications/Twelite/MWSDK/Tools/ba-elf-ba2-r36379/bin/../lib/gcc/ba-elf/4.7.4/libgcc.a
LOAD /Applications/Twelite/MWSDK/Tools/ba-elf-ba2-r36379/bin/../lib/gcc/ba-elf/4.7.4/../../../../ba-elf/lib/libc.a
                0x0000000000000800                _stack_size = 0x800
                0x0000000000080038                _exception_vsr_table = 0x80038
                0x0000000004000000                pSPIflashFncTable = 0x4000000
                0x0000000000000800                _stack_size = 0x800
                0x0000000000000044                restore_state = 0x44
                0x000000000000004a                bZSPIWaitWIPClear = 0x4a
                0x0000000000000050                u16ZSPIflashRDID = 0x50
                0x0000000000000056                u8SelectFlashChipType = 0x56
                0x000000000000005c                memcpy = 0x5c
                0x0000000000000066                vBootFlashProg = 0x66
                [0x0000000000000d16]                _minimum_heap_size = DEFINED (_minimum_heap_size)?_minimum_heap_size:0xd16
                0x0000000000000000                _SwConfig = (DEFINED (g_bSWConf_Debug) | (DEFINED (g_bSWConf_AltDebugPort) << 0x1))

.version        0x000000000007fffc        0x4
                0x000000000007fffc        0x4 LONG 0x4030008

.bir            0x0000000000080000       0x10
                0x0000000000080000                _flash_start = ABSOLUTE (.)
                0x0000000000080000                _flash_beg = ABSOLUTE (.)
                0x0000000000080000        0x4 LONG 0x12345678
                0x0000000000080004        0x4 LONG 0x11223344
                0x0000000000080008        0x4 LONG 0x55667788
                0x000000000008000c        0x1 BYTE 0x8
                0x000000000008000d        0x1 BYTE 0x1
                0x000000000008000e        0x2 SHORT 0x0

.flashheader    0x0000000000080010       0x28
                0x0000000000080010        0x4 LONG 0x0
                0x0000000000080014        0x4 LONG 0x0
                0x0000000000080018        0x4 LONG 0x0
                0x000000000008001c        0x2 SHORT 0x0
                0x000000000008001e        0x2 SHORT 0x0 ABSOLUTE (_SwConfig)
                0x0000000000080020                _enc_start = ABSOLUTE (.)
                0x0000000000080020        0x4 LONG 0xf14c ABSOLUTE (_image_len)
                0x0000000000080024        0x4 LONG 0x8f0f8 ABSOLUTE (_flash_data_start)
                0x0000000000080028        0x2 SHORT 0x13 ((ABSOLUTE (_ram_data_start) / 0x4) & 0xffff)
                0x000000000008002a        0x2 SHORT 0x15 ((ABSOLUTE (_ram_data_len) / 0x4) & 0xffff)
                0x000000000008002c        0x2 SHORT 0x28 ((ABSOLUTE (_bss_start) / 0x4) & 0xffff)
                0x000000000008002e        0x2 SHORT 0xab9 ((ABSOLUTE (_bss_len) / 0x4) & 0xffff)
                0x0000000000080030        0x4 LONG 0x85b0e ABSOLUTE (AppWarmStart)
                0x0000000000080034        0x4 LONG 0x8560a ABSOLUTE (AppColdStart)
                0x0000000000000000                _enc_offset = (_enc_start & 0xf)
                0x0000000000000044                PROVIDE (vException_BusError, restore_state)
                0x0000000000000044                PROVIDE (vException_UnalignedAccess, restore_state)
                0x0000000000000044                PROVIDE (vException_IllegalInstruction, restore_state)
                0x0000000000000044                PROVIDE (vException_SysCall, restore_state)
                0x0000000000000044                PROVIDE (vException_Trap, restore_state)
                0x0000000000000044                PROVIDE (vException_StackOverflow, restore_state)
                0x0000000000080038                . = ABSOLUTE (_exception_vsr_table)

.vsr_table      0x0000000000080038       0x18
                0x0000000000080038        0x4 LONG 0x44 ABSOLUTE (vException_BusError)
                0x000000000008003c        0x4 LONG 0x44 ABSOLUTE (vException_UnalignedAccess)
                0x0000000000080040        0x4 LONG 0x44 ABSOLUTE (vException_IllegalInstruction)
                0x0000000000080044        0x4 LONG 0x44 ABSOLUTE (vException_SysCall)
                0x0000000000080048        0x4 LONG 0x44 ABSOLUTE (vException_Trap)
                0x000000000008004c        0x4 LONG 0x44 ABSOLUTE (vException_StackOverflow)

.vsr_handlers   0x0000000000080050       0xaa
 *(.vsr_handlers)
 .vsr_handlers  0x0000000000080050       0xaa /Applications/Twelite/MWSDK/ChipLib/SW4063V1416/Components/Library/libBoot_JN516x.a(ExceptionHandler.o)
                0x0000000000080050                _exception_external_interrupt
                0x00000000000800f8                _default_vsr_dummy

.rodata         0x00000000000800fc      0x6e8
 *(.rodata*)
 .rodata.str1.1
                0x00000000000800fc      0x1e3 objs_BLUE/Router.o
                                        0x1f3 (size before relaxing)
 .rodata        0x00000000000802df       0x17 objs_BLUE/sercmd_ascii.o
 .rodata.au8tbl.2589
                0x00000000000802f6       0x11 objs_BLUE/sercmd_ascii.o
 .rodata.str1.1
                0x0000000000080307       0x11 /Applications/Twelite/MWSDK/TWENET/current/lib/libTWENET_BLUE.a(ToCoNet_mod_Tx.o)
 .rodata.asStateFuncTbl
                0x0000000000080318       0x38 /Applications/Twelite/MWSDK/TWENET/current/lib/libTWENET_BLUE.a(ToCoNet_mod_Tx.o)
 .rodata.asStateFuncTbl
                0x0000000000080350       0x30 /Applications/Twelite/MWSDK/TWENET/current/lib/libTWENET_BLUE.a(ToCoNet_mod_NbScan.o)
 .rodata.str1.1
                0x0000000000080380       0x47 /Applications/Twelite/MWSDK/TWENET/current/lib/libTWENET_BLUE.a(ToCoNet_mod_Nwk_LayerTree.o)
 *fill*         0x00000000000803c7        0x1 00
 .rodata        0x00000000000803c8       0x38 /Applications/Twelite/MWSDK/TWENET/current/lib/libTWENET_BLUE.a(ToCoNet_mod_Nwk_LayerTree.o)
 .rodata        0x0000000000080400       0x18 /Applications/Twelite/MWSDK/TWENET/current/lib/libTWENET_BLUE.a(ToCoNet_mod_Nwk_MessagePool.o)
 .rodata.au8ToCoNetVersionInfo
                0x0000000000080418        0xc /Applications/Twelite/MWSDK/TWENET/current/lib/libTWENET_BLUE.a(Version.o)
                0x0000000000080418                au8ToCoNetVersionInfo
 .rodata.str1.1
                0x0000000000080424       0x11 /Applications/Twelite/MWSDK/TWENET/current/lib/libTWENEText_BLUE.a(AppStart.o)
 .rodata        0x0000000000080435       0x31 /Applications/Twelite/MWSDK/TWENET/current/lib/libTWENEText_BLUE.a(AppStart.o)
 *fill*         0x0000000000080466        0x2 00
 .rodata.au8k.5787
                0x0000000000080468       0x20 /Applications/Twelite/MWSDK/TWENET/current/lib/libTWENEText_BLUE.a(AppStart.o)
 .rodata.au8k.5768
                0x0000000000080488       0x20 /Applications/Twelite/MWSDK/TWENET/current/lib/libTWENEText_BLUE.a(AppStart.o)
 .rodata.str1.1
                0x00000000000804a8       0x11 /Applications/Twelite/MWSDK/TWENET/current/lib/libTWENEText_BLUE.a(mac.o)
 *fill*         0x00000000000804b9        0x3 00
 .rodata.u32MacLow_TOCOS
                0x00000000000804bc        0x4 /Applications/Twelite/MWSDK/TWENET/current/lib/libTWENEText_BLUE.a(mac.o)
                0x00000000000804bc                u32MacLow_TOCOS
 .rodata.u32MacHigh_TOCOS
                0x00000000000804c0        0x4 /Applications/Twelite/MWSDK/TWENET/current/lib/libTWENEText_BLUE.a(mac.o)
                0x00000000000804c0                u32MacHigh_TOCOS
 .rodata.u8CRCTable
                0x00000000000804c4      0x100 /Applications/Twelite/MWSDK/TWENET/current/lib/libTWENETutils_BLUE.a(ccitt8.o)
 .rodata.str1.1
                0x00000000000805c4        0x7 /Applications/Twelite/MWSDK/TWENET/current/lib/libTWENETutils_BLUE.a(fprintf.o)
 *fill*         0x00000000000805cb        0x1 00
 .rodata.s_sPibInit
                0x00000000000805cc       0x18 /Applications/Twelite/MWSDK/ChipLib/SW4063V1416/Components/Library/libMAC_JN516x.a(mac_pib_mlme.o)
 .rodata.s_atScanEvtST
                0x00000000000805e4       0x31 /Applications/Twelite/MWSDK/ChipLib/SW4063V1416/Components/Library/libMAC_JN516x.a(mac_scan.o)
 *fill*         0x0000000000080615        0x3 00
 .rodata.s_aprScanHandleEvt
                0x0000000000080618       0x30 /Applications/Twelite/MWSDK/ChipLib/SW4063V1416/Components/Library/libMAC_JN516x.a(mac_scan.o)
 .rodata.aeXcvBbcEvtToScanEvt.5389
                0x0000000000080648        0xa /Applications/Twelite/MWSDK/ChipLib/SW4063V1416/Components/Library/libMAC_JN516x.a(mac_scan.o)
 .rodata.aeXcvPhyEvtToScanEvt.5394
                0x0000000000080652        0x6 /Applications/Twelite/MWSDK/ChipLib/SW4063V1416/Components/Library/libMAC_JN516x.a(mac_scan.o)
 .rodata.psTamXcvContext
                0x0000000000080658        0x4 /Applications/Twelite/MWSDK/ChipLib/SW4063V1416/Components/Library/libMAC_JN516x.a(TAM.o)
                0x0000000000080658                psTamXcvContext
 .rodata.psTamMacContext
                0x000000000008065c        0x4 /Applications/Twelite/MWSDK/ChipLib/SW4063V1416/Components/Library/libMAC_JN516x.a(TAM.o)
                0x000000000008065c                psTamMacContext
 .rodata.psTAMcontext
                0x0000000000080660        0x4 /Applications/Twelite/MWSDK/ChipLib/SW4063V1416/Components/Library/libMAC_JN516x.a(TAM.o)
                0x0000000000080660                psTAMcontext
 .rodata.au8XcvToTAMevent.5139
                0x0000000000080664        0xa /Applications/Twelite/MWSDK/ChipLib/SW4063V1416/Components/Library/libMAC_JN516x.a(TAM.o)
 .rodata        0x000000000008066e        0xe /Applications/Twelite/MWSDK/ChipLib/SW4063V1416/Components/Library/libMAC_JN516x.a(TAMcommon.o)
 .rodata.au8StateActions
                0x000000000008067c       0x8c /Applications/Twelite/MWSDK/ChipLib/SW4063V1416/Components/Library/libMAC_JN516x.a(TAMevent.o)
                0x000000000008067c                au8StateActions
 .rodata.apvActionCalls
                0x0000000000080708       0x88 /Applications/Twelite/MWSDK/ChipLib/SW4063V1416/Components/Library/libMAC_JN516x.a(TAMevent.o)
                0x0000000000080708                apvActionCalls
 .rodata.au8MICLenLUT.4346
                0x0000000000080790        0x4 /Applications/Twelite/MWSDK/ChipLib/SW4063V1416/Components/Library/libMAC_JN516x.a(TAMsecurity.o)
 .rodata.CSWTCH.31
                0x0000000000080794        0x3 /Applications/Twelite/MWSDK/ChipLib/SW4063V1416/Components/Library/libMAC_JN516x.a(TAMsecurity.o)
 .rodata.CSWTCH.7
                0x0000000000080797        0x7 /Applications/Twelite/MWSDK/ChipLib/SW4063V1416/Components/Library/libMAC_JN516x.a(TAM_AES.o)
 .rodata.CSWTCH.12
                0x000000000008079e        0x3 /Applications/Twelite/MWSDK/ChipLib/SW4063V1416/Components/Library/libMAC_JN516x.a(TAM_AES.o)
 .rodata.au8dataSizeTable
                0x00000000000807a1        0xd /Applications/Twelite/MWSDK/ChipLib/SW4063V1416/Components/Library/libAes_JN516x.a(AEScoprocessorAPI.o)
                0x00000000000807a1                au8dataSizeTable
 .rodata.au8FlashWaitStates32MXO
                0x00000000000807ae        0x8 /Applications/Twelite/MWSDK/ChipLib/SW4063V1416/Components/Library/libHardwareApi_JN516x.a(AHI_System.o)
 .rodata.au8FlashWaitStatesHSRCO
                0x00000000000807b6        0x8 /Applications/Twelite/MWSDK/ChipLib/SW4063V1416/Components/Library/libHardwareApi_JN516x.a(AHI_System.o)
 *fill*         0x00000000000807be        0x2 00
 .rodata.CSWTCH.35
                0x00000000000807c0       0x14 /Applications/Twelite/MWSDK/ChipLib/SW4063V1416/Components/Library/libHardwareApi_JN516x.a(AHI_Timer.o)
 .rodata.au32UartAddrOffset
                0x00000000000807d4        0x8 /Applications/Twelite/MWSDK/ChipLib/SW4063V1416/Components/Library/libHardwareApi_JN516x.a(AHI_Uart.o)
                0x00000000000807d4                au32UartAddrOffset
 .rodata.au8SpeedCodeToEepromClkDivisors
                0x00000000000807dc        0x8 /Applications/Twelite/MWSDK/ChipLib/SW4063V1416/Components/Library/libHardwareApi_JN516x.a(EEP_EEPROM.o)

.text           0x00000000000807e4     0xe912
 *(.text*)
 .text.Interactive_vInit
                0x00000000000807e4       0x77 objs_BLUE/Interactive.o
                0x00000000000807e4                Interactive_vInit
 .text.Interactive_bGetMode
                0x000000000008085b        0x9 objs_BLUE/Interactive.o
                0x000000000008085b                Interactive_bGetMode
 .text.Config_bLoad
                0x0000000000080864       0x73 objs_BLUE/Interactive.o
                0x0000000000080864                Config_bLoad
 .text.vProcessEvCore
                0x00000000000808d7      0x207 objs_BLUE/Router.o
 .text.vSerialInit.isra.0
                0x0000000000080ade       0x73 objs_BLUE/Router.o
 .text.vInitHardware.isra.1
                0x0000000000080b51       0x9c objs_BLUE/Router.o
 .text.input_from_keyboard
                0x0000000000080bed      0x230 objs_BLUE/Router.o
                0x0000000000080bed                input_from_keyboard
 .text.cbAppColdStart
                0x0000000000080e1d       0xba objs_BLUE/Router.o
                0x0000000000080e1d                cbAppColdStart
 .text.cbAppWarmStart
                0x0000000000080ed7       0x11 objs_BLUE/Router.o
                0x0000000000080ed7                cbAppWarmStart
 .text.cbToCoNet_vMain
                0x0000000000080ee8        0x3 objs_BLUE/Router.o
                0x0000000000080ee8                cbToCoNet_vMain
 .text.cbToCoNet_vRxEvent
                0x0000000000080eeb       0xfc objs_BLUE/Router.o
                0x0000000000080eeb                cbToCoNet_vRxEvent
 .text.cbToCoNet_vTxEvent
                0x0000000000080fe7       0x53 objs_BLUE/Router.o
                0x0000000000080fe7                cbToCoNet_vTxEvent
 .text.cbToCoNet_vNwkEvent
                0x000000000008103a       0x95 objs_BLUE/Router.o
                0x000000000008103a                cbToCoNet_vNwkEvent
 .text.cbToCoNet_vHwEvent
                0x00000000000810cf        0x3 objs_BLUE/Router.o
                0x00000000000810cf                cbToCoNet_vHwEvent
 .text.cbToCoNet_u8HwInt
                0x00000000000810d2        0x5 objs_BLUE/Router.o
                0x00000000000810d2                cbToCoNet_u8HwInt
 .text.bFlash_Read
                0x00000000000810d7       0x40 objs_BLUE/flash.o
                0x00000000000810d7                bFlash_Read
 .text.INPSTR_vInit
                0x0000000000081117       0x17 objs_BLUE/input_string.o
                0x0000000000081117                INPSTR_vInit
 .text.SerCmdAscii_u8Parse
                0x000000000008112e      0x15c objs_BLUE/sercmd_ascii.o
                0x000000000008112e                SerCmdAscii_u8Parse
 .text.SerCmdAscii_Output
                0x000000000008128a       0xa5 objs_BLUE/sercmd_ascii.o
 .text.SerCmdAscii_vInit
                0x000000000008132f       0x2c objs_BLUE/sercmd_ascii.o
                0x000000000008132f                SerCmdAscii_vInit
 *fill*         0x000000000008135b        0x1 00
 .text.SerCmdBinary_u8Parse
                0x000000000008135c      0x108 objs_BLUE/sercmd_binary.o
 .text.SerCmdBinary_Output
                0x0000000000081464       0x85 objs_BLUE/sercmd_binary.o
 .text.SerCmdBinary_vInit
                0x00000000000814e9       0x2c objs_BLUE/sercmd_binary.o
                0x00000000000814e9                SerCmdBinary_vInit
 .text.PRSEV_vProcessEv_core
                0x0000000000081515       0xa2 /Applications/Twelite/MWSDK/TWENET/current/lib/libTWENET_BLUE.a(ToCoNet_event.o)
 .text.PRSEV_vInit
                0x00000000000815b7       0x4a /Applications/Twelite/MWSDK/TWENET/current/lib/libTWENET_BLUE.a(ToCoNet_event.o)
                0x00000000000815b7                PRSEV_vInit
 .text.PRSEV_u8Register
                0x0000000000081601       0x3e /Applications/Twelite/MWSDK/TWENET/current/lib/libTWENET_BLUE.a(ToCoNet_event.o)
                0x0000000000081601                PRSEV_u8Register
 .text.PRSEV_peGetContext
                0x000000000008163f       0x26 /Applications/Twelite/MWSDK/TWENET/current/lib/libTWENET_BLUE.a(ToCoNet_event.o)
                0x000000000008163f                PRSEV_peGetContext
 .text.PRSEV_peGetContextH
                0x0000000000081665       0x1c /Applications/Twelite/MWSDK/TWENET/current/lib/libTWENET_BLUE.a(ToCoNet_event.o)
                0x0000000000081665                PRSEV_peGetContextH
 .text.PRSEV_vSetStateAll
                0x0000000000081681       0x3b /Applications/Twelite/MWSDK/TWENET/current/lib/libTWENET_BLUE.a(ToCoNet_event.o)
                0x0000000000081681                PRSEV_vSetStateAll
 .text.PRSEV_vSetState
                0x00000000000816bc       0x10 /Applications/Twelite/MWSDK/TWENET/current/lib/libTWENET_BLUE.a(ToCoNet_event.o)
                0x00000000000816bc                PRSEV_vSetState
 .text.PRSEV_vProcessEvPost
                0x00000000000816cc       0x32 /Applications/Twelite/MWSDK/TWENET/current/lib/libTWENET_BLUE.a(ToCoNet_event.o)
                0x00000000000816cc                PRSEV_vProcessEvPost
 .text._PRSEV_vProcessEv
                0x00000000000816fe        0xf /Applications/Twelite/MWSDK/TWENET/current/lib/libTWENET_BLUE.a(ToCoNet_event.o)
                0x00000000000816fe                _PRSEV_vProcessEv
 .text._PRSEV_vProcessEvSingle
                0x000000000008170d        0xd /Applications/Twelite/MWSDK/TWENET/current/lib/libTWENET_BLUE.a(ToCoNet_event.o)
                0x000000000008170d                _PRSEV_vProcessEvSingle
 .text._PRSEV_vProcessEvSingleH
                0x000000000008171a        0xf /Applications/Twelite/MWSDK/TWENET/current/lib/libTWENET_BLUE.a(ToCoNet_event.o)
                0x000000000008171a                _PRSEV_vProcessEvSingleH
 .text.PRSEV_eGetState
                0x0000000000081729       0x15 /Applications/Twelite/MWSDK/TWENET/current/lib/libTWENET_BLUE.a(ToCoNet_event.o)
                0x0000000000081729                PRSEV_eGetState
 .text.PRSEV_eGetStateH
                0x000000000008173e       0x20 /Applications/Twelite/MWSDK/TWENET/current/lib/libTWENET_BLUE.a(ToCoNet_event.o)
                0x000000000008173e                PRSEV_eGetStateH
 .text.ToCoNet_Event_StateExec
                0x000000000008175e       0x34 /Applications/Twelite/MWSDK/TWENET/current/lib/libTWENET_BLUE.a(ToCoNet_event.o)
                0x000000000008175e                ToCoNet_Event_StateExec
 .text.vProcessIncomingHwEvent
                0x0000000000081792       0xc5 /Applications/Twelite/MWSDK/TWENET/current/lib/libTWENET_BLUE.a(ToCoNet_main.o)
 .text.u8HwEventHandler
                0x0000000000081857       0x1d /Applications/Twelite/MWSDK/TWENET/current/lib/libTWENET_BLUE.a(ToCoNet_main.o)
 .text.vProcessEvCoreMac
                0x0000000000081874       0x67 /Applications/Twelite/MWSDK/TWENET/current/lib/libTWENET_BLUE.a(ToCoNet_main.o)
                0x0000000000081874                vProcessEvCoreMac
 .text.ToCoNet_vDebugInit
                0x00000000000818db        0x9 /Applications/Twelite/MWSDK/TWENET/current/lib/libTWENET_BLUE.a(ToCoNet_main.o)
                0x00000000000818db                ToCoNet_vDebugInit
 .text.ToCoNet_vDebugLevel
                0x00000000000818e4        0x9 /Applications/Twelite/MWSDK/TWENET/current/lib/libTWENET_BLUE.a(ToCoNet_main.o)
                0x00000000000818e4                ToCoNet_vDebugLevel
 .text.ToCoNet_vInit
                0x00000000000818ed      0x131 /Applications/Twelite/MWSDK/TWENET/current/lib/libTWENET_BLUE.a(ToCoNet_main.o)
                0x00000000000818ed                ToCoNet_vInit
 .text.ToCoNet_vStart
                0x0000000000081a1e      0x3c4 /Applications/Twelite/MWSDK/TWENET/current/lib/libTWENET_BLUE.a(ToCoNet_main.o)
                0x0000000000081a1e                ToCoNet_vStart
 .text.ToCoNet_vMain
                0x0000000000081de2      0x21a /Applications/Twelite/MWSDK/TWENET/current/lib/libTWENET_BLUE.a(ToCoNet_main.o)
                0x0000000000081de2                ToCoNet_vMain
 .text._ToCoNet_bRaisePanic
                0x0000000000081ffc       0x31 /Applications/Twelite/MWSDK/TWENET/current/lib/libTWENET_BLUE.a(ToCoNet_main.o)
                0x0000000000081ffc                _ToCoNet_bRaisePanic
 .text.ToCoNet_u32GetVersion
                0x000000000008202d       0x21 /Applications/Twelite/MWSDK/TWENET/current/lib/libTWENET_BLUE.a(ToCoNet_utils.o)
                0x000000000008202d                ToCoNet_u32GetVersion
 .text.ToCoNet_u16GetPanId
                0x000000000008204e        0x9 /Applications/Twelite/MWSDK/TWENET/current/lib/libTWENET_BLUE.a(ToCoNet_utils.o)
                0x000000000008204e                ToCoNet_u16GetPanId
 .text.ToCoNet_u32GetSerial
                0x0000000000082057        0x9 /Applications/Twelite/MWSDK/TWENET/current/lib/libTWENET_BLUE.a(ToCoNet_utils.o)
                0x0000000000082057                ToCoNet_u32GetSerial
 .text.ToCoNet_vSleep
                0x0000000000082060      0x10d /Applications/Twelite/MWSDK/TWENET/current/lib/libTWENET_BLUE.a(ToCoNet_utils.o)
                0x0000000000082060                ToCoNet_vSleep
 .text.ToCoNet_u32GetRand
                0x000000000008216d       0x62 /Applications/Twelite/MWSDK/TWENET/current/lib/libTWENET_BLUE.a(ToCoNet_utils.o)
                0x000000000008216d                ToCoNet_u32GetRand
 .text.vProcessEvCoreTx
                0x00000000000821cf       0x6a /Applications/Twelite/MWSDK/TWENET/current/lib/libTWENET_BLUE.a(ToCoNet_mod_Tx.o)
 .text.vHnd_E_STATE_FINISH_TX_FAIL
                0x0000000000082239       0xb6 /Applications/Twelite/MWSDK/TWENET/current/lib/libTWENET_BLUE.a(ToCoNet_mod_Tx.o)
 .text.vHnd_E_STATE_FINISH_TX_SUCCESS
                0x00000000000822ef       0x92 /Applications/Twelite/MWSDK/TWENET/current/lib/libTWENET_BLUE.a(ToCoNet_mod_Tx.o)
 .text.vHnd_E_STATE_PREPARE_TX
                0x0000000000082381      0x131 /Applications/Twelite/MWSDK/TWENET/current/lib/libTWENET_BLUE.a(ToCoNet_mod_Tx.o)
 .text.vHnd_E_STATE_IDLE
                0x00000000000824b2       0x4f /Applications/Twelite/MWSDK/TWENET/current/lib/libTWENET_BLUE.a(ToCoNet_mod_Tx.o)
 .text.vHnd_E_STATE_WAIT_TX
                0x0000000000082501       0x71 /Applications/Twelite/MWSDK/TWENET/current/lib/libTWENET_BLUE.a(ToCoNet_mod_Tx.o)
 .text.vHnd_E_STATE_RUNNING
                0x0000000000082572      0x201 /Applications/Twelite/MWSDK/TWENET/current/lib/libTWENET_BLUE.a(ToCoNet_mod_Tx.o)
 .text.ToCoNet_vReg_mod_Tx_Standard
                0x0000000000082773       0x1d /Applications/Twelite/MWSDK/TWENET/current/lib/libTWENET_BLUE.a(ToCoNet_mod_Tx.o)
                0x0000000000082773                ToCoNet_vReg_mod_Tx_Standard
 .text.iNbScCompare
                0x0000000000082790       0x25 /Applications/Twelite/MWSDK/TWENET/current/lib/libTWENET_BLUE.a(ToCoNet_mod_NbScan.o)
 .text.vProcessEvModNeighbourScan
                0x00000000000827b5      0x155 /Applications/Twelite/MWSDK/TWENET/current/lib/libTWENET_BLUE.a(ToCoNet_mod_NbScan.o)
 .text.vHnd_E_STATE_IDLE
                0x000000000008290a       0x27 /Applications/Twelite/MWSDK/TWENET/current/lib/libTWENET_BLUE.a(ToCoNet_mod_NbScan.o)
 .text.vHnd_E_STATE_FINISHED
                0x0000000000082931       0x8b /Applications/Twelite/MWSDK/TWENET/current/lib/libTWENET_BLUE.a(ToCoNet_mod_NbScan.o)
 .text.vHnd_E_STATE_SCANNING_INIT
                0x00000000000829bc       0x62 /Applications/Twelite/MWSDK/TWENET/current/lib/libTWENET_BLUE.a(ToCoNet_mod_NbScan.o)
 .text.ToCoNet_bNeighbourScanStartCore
                0x0000000000082a1e       0x85 /Applications/Twelite/MWSDK/TWENET/current/lib/libTWENET_BLUE.a(ToCoNet_mod_NbScan.o)
 .text.vHnd_E_STATE_SCANNING
                0x0000000000082aa3       0x95 /Applications/Twelite/MWSDK/TWENET/current/lib/libTWENET_BLUE.a(ToCoNet_mod_NbScan.o)
 .text.vHnd_E_STATE_WAIT_COMMAND
                0x0000000000082b38      0x303 /Applications/Twelite/MWSDK/TWENET/current/lib/libTWENET_BLUE.a(ToCoNet_mod_NbScan.o)
 .text.ToCoNet_vReg_mod_NbScan
                0x0000000000082e3b       0x20 /Applications/Twelite/MWSDK/TWENET/current/lib/libTWENET_BLUE.a(ToCoNet_mod_NbScan.o)
                0x0000000000082e3b                ToCoNet_vReg_mod_NbScan
 .text.ToCoNet_NbScan_bStartToFindAddrCb
                0x0000000000082e5b       0x49 /Applications/Twelite/MWSDK/TWENET/current/lib/libTWENET_BLUE.a(ToCoNet_mod_NbScan.o)
                0x0000000000082e5b                ToCoNet_NbScan_bStartToFindAddrCb
 .text.ToCoNet_NbScan_bStartToFindRole
                0x0000000000082ea4       0x34 /Applications/Twelite/MWSDK/TWENET/current/lib/libTWENET_BLUE.a(ToCoNet_mod_NbScan.o)
                0x0000000000082ea4                ToCoNet_NbScan_bStartToFindRole
 .text.RepondList_bFind
                0x0000000000082ed8       0x51 /Applications/Twelite/MWSDK/TWENET/current/lib/libTWENET_BLUE.a(ToCoNet_mod_NbScan_Slave.o)
 .text.vTransmit
                0x0000000000082f29      0x184 /Applications/Twelite/MWSDK/TWENET/current/lib/libTWENET_BLUE.a(ToCoNet_mod_NbScan_Slave.o)
 .text.vProcessEvModNeighbourScanSlave
                0x00000000000830ad      0x17d /Applications/Twelite/MWSDK/TWENET/current/lib/libTWENET_BLUE.a(ToCoNet_mod_NbScan_Slave.o)
 .text.ToCoNet_vReg_mod_NbScan_Slave
                0x000000000008322a       0x40 /Applications/Twelite/MWSDK/TWENET/current/lib/libTWENET_BLUE.a(ToCoNet_mod_NbScan_Slave.o)
                0x000000000008322a                ToCoNet_vReg_mod_NbScan_Slave
 .text.ToCoNet_vReg_mod_TxRxQueueMid
                0x000000000008326a       0x81 /Applications/Twelite/MWSDK/TWENET/current/lib/libTWENET_BLUE.a(ToCoNet_mod_TxRxQueue.o)
                0x000000000008326a                ToCoNet_vReg_mod_TxRxQueueMid
 .text.ToCoNet_vRxProc_Mod
                0x00000000000832eb       0x41 /Applications/Twelite/MWSDK/TWENET/current/lib/libTWENET_BLUE.a(ToCoNet_mod_Nwk_Common.o)
                0x00000000000832eb                ToCoNet_vRxProc_Mod
 .text.ToCoNet_vRxProc_App
                0x000000000008332c       0x8c /Applications/Twelite/MWSDK/TWENET/current/lib/libTWENET_BLUE.a(ToCoNet_mod_Nwk_Common.o)
                0x000000000008332c                ToCoNet_vRxProc_App
 .text.vInitCounters
                0x00000000000833b8       0x1b /Applications/Twelite/MWSDK/TWENET/current/lib/libTWENET_BLUE.a(ToCoNet_mod_Nwk_LayerTree.o)
 .text.vHnd_E_STATE_DISCONNECT
                0x00000000000833d3       0x21 /Applications/Twelite/MWSDK/TWENET/current/lib/libTWENET_BLUE.a(ToCoNet_mod_Nwk_LayerTree.o)
 .text.vHnd_E_STATE_RUNNING
                0x00000000000833f4       0xbb /Applications/Twelite/MWSDK/TWENET/current/lib/libTWENET_BLUE.a(ToCoNet_mod_Nwk_LayerTree.o)
 .text.vHnd_E_STATE_IDLE
                0x00000000000834af      0x109 /Applications/Twelite/MWSDK/TWENET/current/lib/libTWENET_BLUE.a(ToCoNet_mod_Nwk_LayerTree.o)
 .text.vHnd_E_STATE_LOCATING
                0x00000000000835b8      0x139 /Applications/Twelite/MWSDK/TWENET/current/lib/libTWENET_BLUE.a(ToCoNet_mod_Nwk_LayerTree.o)
 .text.vHnd_E_STATE_SCANNING
                0x00000000000836f1      0x22b /Applications/Twelite/MWSDK/TWENET/current/lib/libTWENET_BLUE.a(ToCoNet_mod_Nwk_LayerTree.o)
 .text.vHnd_E_STATE_PAUSE
                0x000000000008391c       0x63 /Applications/Twelite/MWSDK/TWENET/current/lib/libTWENET_BLUE.a(ToCoNet_mod_Nwk_LayerTree.o)
 .text.ToCoNet_bNwk_Pause_LayerTree
                0x000000000008397f       0x5a /Applications/Twelite/MWSDK/TWENET/current/lib/libTWENET_BLUE.a(ToCoNet_mod_Nwk_LayerTree.o)
 .text.ToCoNet_bNwk_Stop_LayerTree
                0x00000000000839d9       0x49 /Applications/Twelite/MWSDK/TWENET/current/lib/libTWENET_BLUE.a(ToCoNet_mod_Nwk_LayerTree.o)
 .text.ToCoNet_bNwk_Start_LayerTree
                0x0000000000083a22       0x6c /Applications/Twelite/MWSDK/TWENET/current/lib/libTWENET_BLUE.a(ToCoNet_mod_Nwk_LayerTree.o)
 .text.ToCoNet_bNwk_Resume_LayerTree
                0x0000000000083a8e       0x4d /Applications/Twelite/MWSDK/TWENET/current/lib/libTWENET_BLUE.a(ToCoNet_mod_Nwk_LayerTree.o)
 .text.ToCoNet_bNwk_Init_LayerTree
                0x0000000000083adb       0x35 /Applications/Twelite/MWSDK/TWENET/current/lib/libTWENET_BLUE.a(ToCoNet_mod_Nwk_LayerTree.o)
 .text.bTxReq   0x0000000000083b10      0x224 /Applications/Twelite/MWSDK/TWENET/current/lib/libTWENET_BLUE.a(ToCoNet_mod_Nwk_LayerTree.o)
 .text.vProcessEvCoreNwkLayerTree
                0x0000000000083d34      0x6af /Applications/Twelite/MWSDK/TWENET/current/lib/libTWENET_BLUE.a(ToCoNet_mod_Nwk_LayerTree.o)
                0x0000000000083d34                vProcessEvCoreNwkLayerTree
 .text.ToCoNet_NwkLyTr_psConfig
                0x00000000000843e3      0x248 /Applications/Twelite/MWSDK/TWENET/current/lib/libTWENET_BLUE.a(ToCoNet_mod_Nwk_LayerTree.o)
                0x00000000000843e3                ToCoNet_NwkLyTr_psConfig
 .text.ToCoNet_vReg_mod_Nwk_LayerTree
                0x000000000008462b       0x3f /Applications/Twelite/MWSDK/TWENET/current/lib/libTWENET_BLUE.a(ToCoNet_mod_Nwk_LayerTree.o)
                0x000000000008462b                ToCoNet_vReg_mod_Nwk_LayerTree
 .text.ToCoNet_ChMgr_bCh_OnTx
                0x000000000008466a       0x69 /Applications/Twelite/MWSDK/TWENET/current/lib/libTWENET_BLUE.a(ToCoNet_mod_Channel_Mgr.o)
                0x000000000008466a                ToCoNet_ChMgr_bCh_OnTx
 .text.ToCoNet_ChMgr_bCh_Reconfig
                0x00000000000846d3       0x69 /Applications/Twelite/MWSDK/TWENET/current/lib/libTWENET_BLUE.a(ToCoNet_mod_Channel_Mgr.o)
                0x00000000000846d3                ToCoNet_ChMgr_bCh_Reconfig
 .text.ToCoNet_ChMgr_vCh_TxFin
                0x000000000008473c       0x2c /Applications/Twelite/MWSDK/TWENET/current/lib/libTWENET_BLUE.a(ToCoNet_mod_Channel_Mgr.o)
                0x000000000008473c                ToCoNet_ChMgr_vCh_TxFin
 .text.ToCoNet_ChMgr_vCh_Release
                0x0000000000084768       0x20 /Applications/Twelite/MWSDK/TWENET/current/lib/libTWENET_BLUE.a(ToCoNet_mod_Channel_Mgr.o)
                0x0000000000084768                ToCoNet_ChMgr_vCh_Release
 .text.ToCoNet_ChMgr_bCh_Hold
                0x0000000000084788       0x37 /Applications/Twelite/MWSDK/TWENET/current/lib/libTWENET_BLUE.a(ToCoNet_mod_Channel_Mgr.o)
                0x0000000000084788                ToCoNet_ChMgr_bCh_Hold
 .text.ToCoNet_ChMgr_bCh_Change
                0x00000000000847bf       0x21 /Applications/Twelite/MWSDK/TWENET/current/lib/libTWENET_BLUE.a(ToCoNet_mod_Channel_Mgr.o)
                0x00000000000847bf                ToCoNet_ChMgr_bCh_Change
 .text.vHnd_E_STATE_RUNNING
                0x00000000000847e0        0x3 /Applications/Twelite/MWSDK/TWENET/current/lib/libTWENET_BLUE.a(ToCoNet_mod_Nwk_MessagePool.o)
 .text.ToCoNet_MsgPl_bRequest_w_Payload_to_Parenet
                0x00000000000847e3       0xd9 /Applications/Twelite/MWSDK/TWENET/current/lib/libTWENET_BLUE.a(ToCoNet_mod_Nwk_MessagePool.o)
                0x00000000000847e3                ToCoNet_MsgPl_bRequest_w_Payload_to_Parenet
 .text.vHnd_E_STATE_IDLE
                0x00000000000848bc        0x5 /Applications/Twelite/MWSDK/TWENET/current/lib/libTWENET_BLUE.a(ToCoNet_mod_Nwk_MessagePool.o)
 .text.ToCoNet_MsgPl_vConfig
                0x00000000000848c1       0x10 /Applications/Twelite/MWSDK/TWENET/current/lib/libTWENET_BLUE.a(ToCoNet_mod_Nwk_MessagePool.o)
                0x00000000000848c1                ToCoNet_MsgPl_vConfig
 .text.ToCoNet_vReg_mod_Nwk_MessagePool
                0x00000000000848d1       0x37 /Applications/Twelite/MWSDK/TWENET/current/lib/libTWENET_BLUE.a(ToCoNet_mod_Nwk_MessagePool.o)
                0x00000000000848d1                ToCoNet_vReg_mod_Nwk_MessagePool
 .text.ToCoNet_MsgPl_bSetMessage
                0x0000000000084908      0x100 /Applications/Twelite/MWSDK/TWENET/current/lib/libTWENET_BLUE.a(ToCoNet_mod_Nwk_MessagePool.o)
                0x0000000000084908                ToCoNet_MsgPl_bSetMessage
 .text.vProcessEvCoreMessagePool
                0x0000000000084a08      0x25f /Applications/Twelite/MWSDK/TWENET/current/lib/libTWENET_BLUE.a(ToCoNet_mod_Nwk_MessagePool.o)
 .text.ToCoNet_DupChk_vInit_E
                0x0000000000084c67       0x1d /Applications/Twelite/MWSDK/TWENET/current/lib/libTWENET_BLUE.a(ToCoNet_mod_DuplicateChecker.o)
                0x0000000000084c67                ToCoNet_DupChk_vInit_E
 .text._ToCoNet_DupChk_psInit
                0x0000000000084c84       0x82 /Applications/Twelite/MWSDK/TWENET/current/lib/libTWENET_BLUE.a(ToCoNet_mod_DuplicateChecker.o)
                0x0000000000084c84                _ToCoNet_DupChk_psInit
 .text.ToCoNet_vReg_mod_DupChk
                0x0000000000084d06       0x2a /Applications/Twelite/MWSDK/TWENET/current/lib/libTWENET_BLUE.a(ToCoNet_mod_DuplicateChecker.o)
                0x0000000000084d06                ToCoNet_vReg_mod_DupChk
 .text.ToCoNet_DupChk_bAdd_E
                0x0000000000084d30       0x5c /Applications/Twelite/MWSDK/TWENET/current/lib/libTWENET_BLUE.a(ToCoNet_mod_DuplicateChecker.o)
                0x0000000000084d30                ToCoNet_DupChk_bAdd_E
 .text.ToCoNet_DupChk_bAdd
                0x0000000000084d8c      0x1d5 /Applications/Twelite/MWSDK/TWENET/current/lib/libTWENET_BLUE.a(ToCoNet_mod_DuplicateChecker.o)
                0x0000000000084d8c                ToCoNet_DupChk_bAdd
 .text.ToCoNet_DupChk_u8Clean_E
                0x0000000000084f61       0x5b /Applications/Twelite/MWSDK/TWENET/current/lib/libTWENET_BLUE.a(ToCoNet_mod_DuplicateChecker.o)
                0x0000000000084f61                ToCoNet_DupChk_u8Clean_E
 .text.ToCoNet_DupChk_vClean
                0x0000000000084fbc       0x4f /Applications/Twelite/MWSDK/TWENET/current/lib/libTWENET_BLUE.a(ToCoNet_mod_DuplicateChecker.o)
                0x0000000000084fbc                ToCoNet_DupChk_vClean
 .text.u32Update
                0x000000000008500b      0x174 /Applications/Twelite/MWSDK/TWENET/current/lib/libTWENET_BLUE.a(ToCoNet_mod_BeaconHistory.o)
 .text.ToCoNet_BHist_vInit
                0x000000000008517f       0x2b /Applications/Twelite/MWSDK/TWENET/current/lib/libTWENET_BLUE.a(ToCoNet_mod_BeaconHistory.o)
                0x000000000008517f                ToCoNet_BHist_vInit
 .text.ToCoNet_BHist_u32Tick
                0x00000000000851aa        0x2 /Applications/Twelite/MWSDK/TWENET/current/lib/libTWENET_BLUE.a(ToCoNet_mod_BeaconHistory.o)
                0x00000000000851aa                ToCoNet_BHist_u32Tick
 .text.ToCoNet_BHist_u32Add
                0x00000000000851ac       0xda /Applications/Twelite/MWSDK/TWENET/current/lib/libTWENET_BLUE.a(ToCoNet_mod_BeaconHistory.o)
                0x00000000000851ac                ToCoNet_BHist_u32Add
 .text.pvFifoPull
                0x0000000000085286       0x27 /Applications/Twelite/MWSDK/TWENET/current/lib/libTWENET_BLUE.a(AppQueueApi_ToCoNet.o)
 .text.psAppQApiGetMcpsBuffer
                0x00000000000852ad        0x8 /Applications/Twelite/MWSDK/TWENET/current/lib/libTWENET_BLUE.a(AppQueueApi_ToCoNet.o)
 .text.psAppQApiGetMlmeBuffer
                0x00000000000852b5        0x8 /Applications/Twelite/MWSDK/TWENET/current/lib/libTWENET_BLUE.a(AppQueueApi_ToCoNet.o)
 .text.bFifoPush
                0x00000000000852bd       0x39 /Applications/Twelite/MWSDK/TWENET/current/lib/libTWENET_BLUE.a(AppQueueApi_ToCoNet.o)
 .text.vAppQApiPostMcps
                0x00000000000852f6       0x1b /Applications/Twelite/MWSDK/TWENET/current/lib/libTWENET_BLUE.a(AppQueueApi_ToCoNet.o)
 .text.vAppQApiPostMlme
                0x0000000000085311       0x1f /Applications/Twelite/MWSDK/TWENET/current/lib/libTWENET_BLUE.a(AppQueueApi_ToCoNet.o)
 .text.vAppQApiPostHwIntT
                0x0000000000085330       0xbd /Applications/Twelite/MWSDK/TWENET/current/lib/libTWENET_BLUE.a(AppQueueApi_ToCoNet.o)
 .text.u32AppQApiInitInt_PATCH
                0x00000000000853ed        0xa /Applications/Twelite/MWSDK/TWENET/current/lib/libTWENET_BLUE.a(AppQueueApi_ToCoNet.o)
                0x00000000000853ed                u32AppQApiInitInt_PATCH
 .text.u32AppQApiInitNetwork
                0x00000000000853f7       0x1f /Applications/Twelite/MWSDK/TWENET/current/lib/libTWENET_BLUE.a(AppQueueApi_ToCoNet.o)
                0x00000000000853f7                u32AppQApiInitNetwork
 .text.u32AppQApiInitT
                0x0000000000085416      0x1b8 /Applications/Twelite/MWSDK/TWENET/current/lib/libTWENET_BLUE.a(AppQueueApi_ToCoNet.o)
                0x0000000000085416                u32AppQApiInitT
 .text.psAppQApiReadMlmeIndT
                0x00000000000855ce        0x9 /Applications/Twelite/MWSDK/TWENET/current/lib/libTWENET_BLUE.a(AppQueueApi_ToCoNet.o)
                0x00000000000855ce                psAppQApiReadMlmeIndT
 .text.psAppQApiReadMcpsIndT
                0x00000000000855d7        0x9 /Applications/Twelite/MWSDK/TWENET/current/lib/libTWENET_BLUE.a(AppQueueApi_ToCoNet.o)
                0x00000000000855d7                psAppQApiReadMcpsIndT
 .text.psAppQApiReadHwIndT
                0x00000000000855e0        0x9 /Applications/Twelite/MWSDK/TWENET/current/lib/libTWENET_BLUE.a(AppQueueApi_ToCoNet.o)
                0x00000000000855e0                psAppQApiReadHwIndT
 .text.vAppQApiReturnMlmeIndBufferT
                0x00000000000855e9        0xb /Applications/Twelite/MWSDK/TWENET/current/lib/libTWENET_BLUE.a(AppQueueApi_ToCoNet.o)
                0x00000000000855e9                vAppQApiReturnMlmeIndBufferT
 .text.vAppQApiReturnMcpsIndBufferT
                0x00000000000855f4        0xb /Applications/Twelite/MWSDK/TWENET/current/lib/libTWENET_BLUE.a(AppQueueApi_ToCoNet.o)
                0x00000000000855f4                vAppQApiReturnMcpsIndBufferT
 .text.vAppQApiReturnHwIndBufferT
                0x00000000000855ff        0xb /Applications/Twelite/MWSDK/TWENET/current/lib/libTWENET_BLUE.a(AppQueueApi_ToCoNet.o)
                0x00000000000855ff                vAppQApiReturnHwIndBufferT
 .text.AppColdStart
                0x000000000008560a      0x4de /Applications/Twelite/MWSDK/TWENET/current/lib/libTWENEText_BLUE.a(AppStart.o)
                0x000000000008560a                AppColdStart
 .text._ToCoNet_vMacInit
                0x0000000000085ae8       0x26 /Applications/Twelite/MWSDK/TWENET/current/lib/libTWENEText_BLUE.a(AppStart.o)
                0x0000000000085ae8                _ToCoNet_vMacInit
 .text.AppWarmStart
                0x0000000000085b0e       0x93 /Applications/Twelite/MWSDK/TWENET/current/lib/libTWENEText_BLUE.a(AppStart.o)
                0x0000000000085b0e                AppWarmStart
 .text._ToCoNet_bRfChChannel
                0x0000000000085ba1       0x99 /Applications/Twelite/MWSDK/TWENET/current/lib/libTWENEText_BLUE.a(AppStart.o)
                0x0000000000085ba1                _ToCoNet_bRfChChannel
 .text._ToCoNet_vRfConfig
                0x0000000000085c3a       0xc8 /Applications/Twelite/MWSDK/TWENET/current/lib/libTWENEText_BLUE.a(AppStart.o)
                0x0000000000085c3a                _ToCoNet_vRfConfig
 .text.ToCoNet_u32GetSerialOnBoot
                0x0000000000085d02       0x43 /Applications/Twelite/MWSDK/TWENET/current/lib/libTWENEText_BLUE.a(getMacAddr.o)
                0x0000000000085d02                ToCoNet_u32GetSerialOnBoot
 .text.Mac_vInit
                0x0000000000085d45       0x4c /Applications/Twelite/MWSDK/TWENET/current/lib/libTWENEText_BLUE.a(mac.o)
                0x0000000000085d45                Mac_vInit
 .text.Mac_bRxQueueReg
                0x0000000000085d91       0x38 /Applications/Twelite/MWSDK/TWENET/current/lib/libTWENEText_BLUE.a(mac.o)
                0x0000000000085d91                Mac_bRxQueueReg
 .text.bEncodeAES
                0x0000000000085dc9       0xae /Applications/Twelite/MWSDK/TWENET/current/lib/libTWENEText_BLUE.a(mac.o)
                0x0000000000085dc9                bEncodeAES
 .text.Mac_bTransmit
                0x0000000000085e77      0x21c /Applications/Twelite/MWSDK/TWENET/current/lib/libTWENEText_BLUE.a(mac.o)
                0x0000000000085e77                Mac_bTransmit
 .text.bDecodeAES
                0x0000000000086093       0xc9 /Applications/Twelite/MWSDK/TWENET/current/lib/libTWENEText_BLUE.a(mac.o)
                0x0000000000086093                bDecodeAES
 .text.Mac_vHandleMcpsDataInd
                0x000000000008615c      0x2de /Applications/Twelite/MWSDK/TWENET/current/lib/libTWENEText_BLUE.a(mac.o)
                0x000000000008615c                Mac_vHandleMcpsDataInd
 .text.Mac_vReset
                0x000000000008643a       0x1d /Applications/Twelite/MWSDK/TWENET/current/lib/libTWENEText_BLUE.a(mac.o)
                0x000000000008643a                Mac_vReset
 .text.Mac_vSetRetry
                0x0000000000086457       0x18 /Applications/Twelite/MWSDK/TWENET/current/lib/libTWENEText_BLUE.a(mac.o)
                0x0000000000086457                Mac_vSetRetry
 .text.Mac_vSetCCA
                0x000000000008646f       0x29 /Applications/Twelite/MWSDK/TWENET/current/lib/libTWENEText_BLUE.a(mac.o)
                0x000000000008646f                Mac_vSetCCA
 .text.bAES_CCM_DecodeKey
                0x0000000000086498       0x8e /Applications/Twelite/MWSDK/TWENET/current/lib/libTWENEText_BLUE.a(AES_CCM.o)
                0x0000000000086498                bAES_CCM_DecodeKey
 .text.bAES_CCM_EncodeKey
                0x0000000000086526       0x7f /Applications/Twelite/MWSDK/TWENET/current/lib/libTWENEText_BLUE.a(AES_CCM.o)
                0x0000000000086526                bAES_CCM_EncodeKey
 .text.bAES_CCM_KeyReg
                0x00000000000865a5       0x3f /Applications/Twelite/MWSDK/TWENET/current/lib/libTWENEText_BLUE.a(AES_CCM.o)
                0x00000000000865a5                bAES_CCM_KeyReg
 .text.bAES_CCM_Encode
                0x00000000000865e4       0x1e /Applications/Twelite/MWSDK/TWENET/current/lib/libTWENEText_BLUE.a(AES_CCM.o)
                0x00000000000865e4                bAES_CCM_Encode
 .text.bAES_CCM_Decode
                0x0000000000086602       0x1e /Applications/Twelite/MWSDK/TWENET/current/lib/libTWENEText_BLUE.a(AES_CCM.o)
                0x0000000000086602                bAES_CCM_Decode
 .text.EEP_6x_vInit
                0x0000000000086620       0x2a /Applications/Twelite/MWSDK/TWENET/current/lib/libTWENEText_BLUE.a(eeprom_6x.o)
                0x0000000000086620                EEP_6x_vInit
 .text.EEP_6x_bRead
                0x000000000008664a       0x6d /Applications/Twelite/MWSDK/TWENET/current/lib/libTWENEText_BLUE.a(eeprom_6x.o)
                0x000000000008664a                EEP_6x_bRead
 .text.vHandlerPatch
                0x00000000000866b7       0x37 /Applications/Twelite/MWSDK/TWENET/current/lib/libTWENEText_BLUE.a(no_ack_handler.o)
 .text.vInstallNoAckHandler
                0x00000000000866ee       0x2a /Applications/Twelite/MWSDK/TWENET/current/lib/libTWENEText_BLUE.a(no_ack_handler.o)
                0x00000000000866ee                vInstallNoAckHandler
 .text.SERIAL_vTxReady
                0x0000000000086718       0x2d /Applications/Twelite/MWSDK/TWENET/current/lib/libTWENETutils_BLUE.a(serial.o)
                0x0000000000086718                SERIAL_vTxReady
 .text.vRxChar  0x0000000000086745       0x35 /Applications/Twelite/MWSDK/TWENET/current/lib/libTWENETutils_BLUE.a(serial.o)
 .text.SERIAL_vInitEx
                0x000000000008677a       0x78 /Applications/Twelite/MWSDK/TWENET/current/lib/libTWENETutils_BLUE.a(serial.o)
                0x000000000008677a                SERIAL_vInitEx
 .text.SERIAL_vInit
                0x00000000000867f2        0x4 /Applications/Twelite/MWSDK/TWENET/current/lib/libTWENETutils_BLUE.a(serial.o)
                0x00000000000867f2                SERIAL_vInit
 .text.SERIAL_bTxChar
                0x00000000000867f6       0x7e /Applications/Twelite/MWSDK/TWENET/current/lib/libTWENETutils_BLUE.a(serial.o)
                0x00000000000867f6                SERIAL_bTxChar
 .text.SERIAL_i16RxChar
                0x0000000000086874       0x43 /Applications/Twelite/MWSDK/TWENET/current/lib/libTWENETutils_BLUE.a(serial.o)
                0x0000000000086874                SERIAL_i16RxChar
 .text.SERIAL_bRxQueueEmpty
                0x00000000000868b7        0xf /Applications/Twelite/MWSDK/TWENET/current/lib/libTWENETutils_BLUE.a(serial.o)
                0x00000000000868b7                SERIAL_bRxQueueEmpty
 .text.SERIAL_bTxQueueEmpty
                0x00000000000868c6        0xf /Applications/Twelite/MWSDK/TWENET/current/lib/libTWENETutils_BLUE.a(serial.o)
                0x00000000000868c6                SERIAL_bTxQueueEmpty
 .text.SERIAL_vFlush
                0x00000000000868d5       0x3f /Applications/Twelite/MWSDK/TWENET/current/lib/libTWENETutils_BLUE.a(serial.o)
                0x00000000000868d5                SERIAL_vFlush
 .text.UART_vHandleUartInterrupt
                0x0000000000086914       0x70 /Applications/Twelite/MWSDK/TWENET/current/lib/libTWENETutils_BLUE.a(uart.o)
 .text.UART_vInit
                0x0000000000086984      0x1a8 /Applications/Twelite/MWSDK/TWENET/current/lib/libTWENETutils_BLUE.a(uart.o)
                0x0000000000086984                UART_vInit
 .text.UART_vRtsStopFlow
                0x0000000000086b2c       0x1f /Applications/Twelite/MWSDK/TWENET/current/lib/libTWENETutils_BLUE.a(uart.o)
                0x0000000000086b2c                UART_vRtsStopFlow
 .text.UART_vRtsStartFlow
                0x0000000000086b4b       0x1f /Applications/Twelite/MWSDK/TWENET/current/lib/libTWENETutils_BLUE.a(uart.o)
                0x0000000000086b4b                UART_vRtsStartFlow
 .text.UART_vTxChar
                0x0000000000086b6a        0x3 /Applications/Twelite/MWSDK/TWENET/current/lib/libTWENETutils_BLUE.a(uart.o)
                0x0000000000086b6a                UART_vTxChar
 .text.UART_bTxReady
                0x0000000000086b6d        0xc /Applications/Twelite/MWSDK/TWENET/current/lib/libTWENETutils_BLUE.a(uart.o)
                0x0000000000086b6d                UART_bTxReady
 .text.UART_vSetTxInterrupt
                0x0000000000086b79       0x17 /Applications/Twelite/MWSDK/TWENET/current/lib/libTWENETutils_BLUE.a(uart.o)
                0x0000000000086b79                UART_vSetTxInterrupt
 .text.QUEUE__vInit
                0x0000000000086b90       0x12 /Applications/Twelite/MWSDK/TWENET/current/lib/libTWENETutils_BLUE.a(ByteQueue.o)
                0x0000000000086b90                QUEUE__vInit
 .text.QUEUE__vAddItem
                0x0000000000086ba2       0x5f /Applications/Twelite/MWSDK/TWENET/current/lib/libTWENETutils_BLUE.a(ByteQueue.o)
                0x0000000000086ba2                QUEUE__vAddItem
 .text.QUEUE__u8RemoveItem
                0x0000000000086c01       0x5c /Applications/Twelite/MWSDK/TWENET/current/lib/libTWENETutils_BLUE.a(ByteQueue.o)
                0x0000000000086c01                QUEUE__u8RemoveItem
 .text.QUEUE__bEmpty
                0x0000000000086c5d        0xb /Applications/Twelite/MWSDK/TWENET/current/lib/libTWENETutils_BLUE.a(ByteQueue.o)
                0x0000000000086c5d                QUEUE__bEmpty
 .text.QUEUE__bFull
                0x0000000000086c68       0x14 /Applications/Twelite/MWSDK/TWENET/current/lib/libTWENETutils_BLUE.a(ByteQueue.o)
                0x0000000000086c68                QUEUE(bool,  (long __restrict, long))
 .text.QUEUE__vFlush
                0x0000000000086c7c       0x1f /Applications/Twelite/MWSDK/TWENET/current/lib/libTWENETutils_BLUE.a(ByteQueue.o)
                0x0000000000086c7c                QUEUE__vFlush
 .text.QUEUE__u16Count
                0x0000000000086c9b        0x6 /Applications/Twelite/MWSDK/TWENET/current/lib/libTWENETutils_BLUE.a(ByteQueue.o)
                0x0000000000086c9b                QUEUE__u16Count
 .text.u8CCITT8
                0x0000000000086ca1       0x26 /Applications/Twelite/MWSDK/TWENET/current/lib/libTWENETutils_BLUE.a(ccitt8.o)
                0x0000000000086ca1                u8CCITT8
 .text.vPrintString
                0x0000000000086cc7       0x83 /Applications/Twelite/MWSDK/TWENET/current/lib/libTWENETutils_BLUE.a(fprintf.o)
 .text.vPrintInteger
                0x0000000000086d4a       0xb3 /Applications/Twelite/MWSDK/TWENET/current/lib/libTWENETutils_BLUE.a(fprintf.o)
 .text.vfPrintf
                0x0000000000086dfd      0x1ab /Applications/Twelite/MWSDK/TWENET/current/lib/libTWENETutils_BLUE.a(fprintf.o)
                0x0000000000086dfd                vfPrintf
 .text.SPRINTF_bPutChar
                0x0000000000086fa8       0x3c /Applications/Twelite/MWSDK/TWENET/current/lib/libTWENETutils_BLUE.a(sprintf.o)
 .text.SPRINTF_vInit128
                0x0000000000086fe4       0x30 /Applications/Twelite/MWSDK/TWENET/current/lib/libTWENETutils_BLUE.a(sprintf.o)
                0x0000000000086fe4                SPRINTF_vInit128
 .text.SPRINTF_vRewind
                0x0000000000087014        0x9 /Applications/Twelite/MWSDK/TWENET/current/lib/libTWENETutils_BLUE.a(sprintf.o)
                0x0000000000087014                SPRINTF_vRewind
 .text.SPRINTF_pu8GetBuff
                0x000000000008701d        0x9 /Applications/Twelite/MWSDK/TWENET/current/lib/libTWENETutils_BLUE.a(sprintf.o)
                0x000000000008701d                SPRINTF_pu8GetBuff
 .text.SPRINTF_u16Length
                0x0000000000087026        0x9 /Applications/Twelite/MWSDK/TWENET/current/lib/libTWENETutils_BLUE.a(sprintf.o)
                0x0000000000087026                SPRINTF_u16Length
 .text.s_div_by
                0x000000000008702f       0x31 /Applications/Twelite/MWSDK/TWENET/current/lib/libTWENETutils_BLUE.a(utils.o)
                0x000000000008702f                s_div_by
 *fill*         0x0000000000087060        0x0 00
 .text.vTimerConfig
                0x0000000000087060      0x164 /Applications/Twelite/MWSDK/TWENET/current/lib/libTWENETutils_BLUE.a(utils.o)
                0x0000000000087060                vTimerConfig
 .text.vTimerStart
                0x00000000000871c4       0x8b /Applications/Twelite/MWSDK/TWENET/current/lib/libTWENETutils_BLUE.a(utils.o)
                0x00000000000871c4                vTimerStart
 .text.vTimerStop
                0x000000000008724f       0x2f /Applications/Twelite/MWSDK/TWENET/current/lib/libTWENETutils_BLUE.a(utils.o)
                0x000000000008724f                vTimerStop
 .text.pvAppApiDefGetMacHandle
                0x000000000008727e        0x9 /Applications/Twelite/MWSDK/ChipLib/SW4063V1416/Components/Library/libAppApi_JN516x.a(AppApi.o)
                0x000000000008727e                pvAppApiDefGetMacHandle
 .text.vAppApiDefMlmeRequest
                0x0000000000087287       0x2f /Applications/Twelite/MWSDK/ChipLib/SW4063V1416/Components/Library/libAppApi_JN516x.a(AppApi.o)
                0x0000000000087287                vAppApiDefMlmeRequest
 .text.vAppApiDefMcpsRequest
                0x00000000000872b6       0x2f /Applications/Twelite/MWSDK/ChipLib/SW4063V1416/Components/Library/libAppApi_JN516x.a(AppApi.o)
                0x00000000000872b6                vAppApiDefMcpsRequest
 .text.eAppApiDefPlmeSet
                0x00000000000872e5       0x2d /Applications/Twelite/MWSDK/ChipLib/SW4063V1416/Components/Library/libAppApi_JN516x.a(AppApi.o)
                0x00000000000872e5                eAppApiDefPlmeSet
 .text.eAppApiDefPlmeGet
                0x0000000000087312       0x2d /Applications/Twelite/MWSDK/ChipLib/SW4063V1416/Components/Library/libAppApi_JN516x.a(AppApi.o)
                0x0000000000087312                eAppApiDefPlmeGet
 .text.vAppApiDefPowerUp
                0x000000000008733f       0x1d /Applications/Twelite/MWSDK/ChipLib/SW4063V1416/Components/Library/libAppApi_JN516x.a(AppApi.o)
                0x000000000008733f                vAppApiDefPowerUp
 .text.vAppApiDefStartStack
                0x000000000008735c       0x51 /Applications/Twelite/MWSDK/ChipLib/SW4063V1416/Components/Library/libAppApi_JN516x.a(AppApi.o)
                0x000000000008735c                vAppApiDefStartStack
 .text.vAppApiDefSetPrbsSeed
                0x00000000000873ad       0x24 /Applications/Twelite/MWSDK/ChipLib/SW4063V1416/Components/Library/libAppApi_JN516x.a(AppApi.o)
                0x00000000000873ad                vAppApiDefSetPrbsSeed
 .text.vAppApiDefSetInterrupts
                0x00000000000873d1       0x34 /Applications/Twelite/MWSDK/ChipLib/SW4063V1416/Components/Library/libAppApi_JN516x.a(AppApi.o)
                0x00000000000873d1                vAppApiDefSetInterrupts
 .text.u32AppApiDefInit
                0x0000000000087405       0x5a /Applications/Twelite/MWSDK/ChipLib/SW4063V1416/Components/Library/libAppApi_JN516x.a(AppApi.o)
                0x0000000000087405                u32AppApiDefInit
 .text.pvAppApiDefGetMacAddrLocation
                0x000000000008745f        0x9 /Applications/Twelite/MWSDK/ChipLib/SW4063V1416/Components/Library/libAppApi_JN516x.a(AppApi.o)
                0x000000000008745f                pvAppApiDefGetMacAddrLocation
 .text.vAppApiDefSaveMacSettings
                0x0000000000087468       0x5d /Applications/Twelite/MWSDK/ChipLib/SW4063V1416/Components/Library/libAppApi_JN516x.a(AppApiSleep.o)
                0x0000000000087468                vAppApiDefSaveMacSettings
 .text.vMAC_RestoreSettings
                0x00000000000874c5       0xbc /Applications/Twelite/MWSDK/ChipLib/SW4063V1416/Components/Library/libAppApi_JN516x.a(AppApiSleep.o)
                0x00000000000874c5                vMAC_RestoreSettings
 .text.vAppApiDefRestoreMacSettings
                0x0000000000087581       0x1c /Applications/Twelite/MWSDK/ChipLib/SW4063V1416/Components/Library/libAppApi_JN516x.a(AppApiSleep.o)
                0x0000000000087581                vAppApiDefRestoreMacSettings
 .text.vSetTimer0
                0x000000000008759d        0xf /Applications/Twelite/MWSDK/ChipLib/SW4063V1416/Components/Library/libMAC_JN516x.a(mac_main.o)
                0x000000000008759d                vSetTimer0
 .text.u32GetTimer0
                0x00000000000875ac        0x7 /Applications/Twelite/MWSDK/ChipLib/SW4063V1416/Components/Library/libMAC_JN516x.a(mac_main.o)
                0x00000000000875ac                u32GetTimer0
 .text.mac_vInitTimer0
                0x00000000000875b3       0x1d /Applications/Twelite/MWSDK/ChipLib/SW4063V1416/Components/Library/libMAC_JN516x.a(mac_main.o)
                0x00000000000875b3                mac_vInitTimer0
 .text.MAC_pvCtor
                0x00000000000875d0       0x6d /Applications/Twelite/MWSDK/ChipLib/SW4063V1416/Components/Library/libMAC_JN516x.a(mac_main.o)
                0x00000000000875d0                MAC_pvCtor
 .text.MAC_vXcvBbcEvtHandler
                0x000000000008763d       0x16 /Applications/Twelite/MWSDK/ChipLib/SW4063V1416/Components/Library/libMAC_JN516x.a(mac_main.o)
                0x000000000008763d                MAC_vXcvBbcEvtHandler
 .text.MAC_vXcvPhyEvtHandler
                0x0000000000087653        0xd /Applications/Twelite/MWSDK/ChipLib/SW4063V1416/Components/Library/libMAC_JN516x.a(mac_main.o)
                0x0000000000087653                MAC_vXcvPhyEvtHandler
 .text.MAC_vHandleMcpsReqRsp
                0x0000000000087660       0x28 /Applications/Twelite/MWSDK/ChipLib/SW4063V1416/Components/Library/libMAC_JN516x.a(mac_mcps.o)
                0x0000000000087660                MAC_vHandleMcpsReqRsp
 .text.vHandleTofRequest
                0x0000000000087688       0x12 /Applications/Twelite/MWSDK/ChipLib/SW4063V1416/Components/Library/libMAC_JN516x.a(mac_mlme.o)
 *fill*         0x000000000008769a        0x2 00
 .text.MAC_vHandleMlmeReqRsp
                0x000000000008769c       0x8c /Applications/Twelite/MWSDK/ChipLib/SW4063V1416/Components/Library/libMAC_JN516x.a(mac_mlme.o)
                0x000000000008769c                MAC_vHandleMlmeReqRsp
 .text.MAC_psPibGetHandle
                0x0000000000087728        0x7 /Applications/Twelite/MWSDK/ChipLib/SW4063V1416/Components/Library/libMAC_JN516x.a(mac_pib.o)
                0x0000000000087728                MAC_psPibGetHandle
 .text.MAC_vPibSetShortAddr
                0x000000000008772f        0xe /Applications/Twelite/MWSDK/ChipLib/SW4063V1416/Components/Library/libMAC_JN516x.a(mac_pib.o)
                0x000000000008772f                MAC_vPibSetShortAddr
 .text.MAC_vPibSetPanId
                0x000000000008773d       0x1b /Applications/Twelite/MWSDK/ChipLib/SW4063V1416/Components/Library/libMAC_JN516x.a(mac_pib.o)
                0x000000000008773d                MAC_vPibSetPanId
 .text.MAC_vPibSetMinBe
                0x0000000000087758       0x1e /Applications/Twelite/MWSDK/ChipLib/SW4063V1416/Components/Library/libMAC_JN516x.a(mac_pib.o)
                0x0000000000087758                MAC_vPibSetMinBe
 .text.MAC_vPibSetMaxCsmaBackoffs
                0x0000000000087776       0x21 /Applications/Twelite/MWSDK/ChipLib/SW4063V1416/Components/Library/libMAC_JN516x.a(mac_pib.o)
                0x0000000000087776                MAC_vPibSetMaxCsmaBackoffs
 .text.MAC_vPibSetRxOnWhenIdle
                0x0000000000087797       0x10 /Applications/Twelite/MWSDK/ChipLib/SW4063V1416/Components/Library/libMAC_JN516x.a(mac_pib.o)
                0x0000000000087797                MAC_vPibSetRxOnWhenIdle
 .text.MAC_vPibSetPromiscuousMode
                0x00000000000877a7       0x3e /Applications/Twelite/MWSDK/ChipLib/SW4063V1416/Components/Library/libMAC_JN516x.a(mac_pib.o)
                0x00000000000877a7                MAC_vPibSetPromiscuousMode
 .text.MAC_vSetExtAddr
                0x00000000000877e5       0x1f /Applications/Twelite/MWSDK/ChipLib/SW4063V1416/Components/Library/libMAC_JN516x.a(mac_pib.o)
                0x00000000000877e5                MAC_vSetExtAddr
 .text.mac_vPibSetDefaults
                0x0000000000087804      0x11b /Applications/Twelite/MWSDK/ChipLib/SW4063V1416/Components/Library/libMAC_JN516x.a(mac_pib_mlme.o)
                0x0000000000087804                mac_vPibSetDefaults
 .text.mac_vPibReset
                0x000000000008791f       0x91 /Applications/Twelite/MWSDK/ChipLib/SW4063V1416/Components/Library/libMAC_JN516x.a(mac_pib_mlme.o)
                0x000000000008791f                mac_vPibReset
 .text.mac_vPibCmpCoordExtAddr
                0x00000000000879b0       0x24 /Applications/Twelite/MWSDK/ChipLib/SW4063V1416/Components/Library/libMAC_JN516x.a(mac_pib_mlme.o)
                0x00000000000879b0                mac_vPibCmpCoordExtAddr
 .text.bPMICdisassocReqSent
                0x00000000000879d4       0x78 /Applications/Twelite/MWSDK/ChipLib/SW4063V1416/Components/Library/libMAC_JN516x.a(mac_pmic.o)
 .text.bAssocRespSent
                0x0000000000087a4c       0x14 /Applications/Twelite/MWSDK/ChipLib/SW4063V1416/Components/Library/libMAC_JN516x.a(mac_pmic.o)
 .text.vPMICreset
                0x0000000000087a60        0xd /Applications/Twelite/MWSDK/ChipLib/SW4063V1416/Components/Library/libMAC_JN516x.a(mac_pmic.o)
                0x0000000000087a60                vPMICreset
 .text.vPMICassociateRequest
                0x0000000000087a6d       0xcf /Applications/Twelite/MWSDK/ChipLib/SW4063V1416/Components/Library/libMAC_JN516x.a(mac_pmic.o)
                0x0000000000087a6d                vPMICassociateRequest
 .text.vPMICassociateResponse
                0x0000000000087b3c       0xcb /Applications/Twelite/MWSDK/ChipLib/SW4063V1416/Components/Library/libMAC_JN516x.a(mac_pmic.o)
                0x0000000000087b3c                vPMICassociateResponse
 .text.vPMICdisassociateRequest
                0x0000000000087c07       0xd1 /Applications/Twelite/MWSDK/ChipLib/SW4063V1416/Components/Library/libMAC_JN516x.a(mac_pmic.o)
                0x0000000000087c07                vPMICdisassociateRequest
 .text.vPMICassocRespFrameReceived
                0x0000000000087cd8       0x7d /Applications/Twelite/MWSDK/ChipLib/SW4063V1416/Components/Library/libMAC_JN516x.a(mac_pmic.o)
                0x0000000000087cd8                vPMICassocRespFrameReceived
 .text.vPMICdisassocReceived
                0x0000000000087d55       0x84 /Applications/Twelite/MWSDK/ChipLib/SW4063V1416/Components/Library/libMAC_JN516x.a(mac_pmic.o)
                0x0000000000087d55                vPMICdisassocReceived
 .text.vPMICassocReqFrameReceived
                0x0000000000087dd9       0x6a /Applications/Twelite/MWSDK/ChipLib/SW4063V1416/Components/Library/libMAC_JN516x.a(mac_pmic.o)
                0x0000000000087dd9                vPMICassocReqFrameReceived
 .text.vPMICpostFailedAssocDcfm
                0x0000000000087e43       0x36 /Applications/Twelite/MWSDK/ChipLib/SW4063V1416/Components/Library/libMAC_JN516x.a(mac_pmic.o)
                0x0000000000087e43                vPMICpostFailedAssocDcfm
 .text.bPMICassocReqSent
                0x0000000000087e79       0x7e /Applications/Twelite/MWSDK/ChipLib/SW4063V1416/Components/Library/libMAC_JN516x.a(mac_pmic.o)
 .text.vPMICassocReqTO_1
                0x0000000000087ef7       0x7e /Applications/Twelite/MWSDK/ChipLib/SW4063V1416/Components/Library/libMAC_JN516x.a(mac_pmic.o)
 .text.bPMICassocReqPollSent
                0x0000000000087f75       0x4f /Applications/Twelite/MWSDK/ChipLib/SW4063V1416/Components/Library/libMAC_JN516x.a(mac_pmic.o)
 .text.vPMICassocReqTO_2
                0x0000000000087fc4       0x19 /Applications/Twelite/MWSDK/ChipLib/SW4063V1416/Components/Library/libMAC_JN516x.a(mac_pmic.o)
 .text.MAC_vRegisterMlmeDcfmIndCallbacks
                0x0000000000087fdd        0x6 /Applications/Twelite/MWSDK/ChipLib/SW4063V1416/Components/Library/libMAC_JN516x.a(mac_ind.o)
                0x0000000000087fdd                MAC_vRegisterMlmeDcfmIndCallbacks
 .text.MAC_vRegisterMcpsDcfmIndCallbacks
                0x0000000000087fe3        0x6 /Applications/Twelite/MWSDK/ChipLib/SW4063V1416/Components/Library/libMAC_JN516x.a(mac_ind.o)
                0x0000000000087fe3                MAC_vRegisterMcpsDcfmIndCallbacks
 .text.mac_psDcfmIndGetBuf
                0x0000000000087fe9       0x21 /Applications/Twelite/MWSDK/ChipLib/SW4063V1416/Components/Library/libMAC_JN516x.a(mac_ind.o)
                0x0000000000087fe9                mac_psDcfmIndGetBuf
 .text.mac_eDcfmIndPost
                0x000000000008800a       0x21 /Applications/Twelite/MWSDK/ChipLib/SW4063V1416/Components/Library/libMAC_JN516x.a(mac_ind.o)
                0x000000000008800a                mac_eDcfmIndPost
 .text.eGenlIllegal
                0x000000000008802b        0x7 /Applications/Twelite/MWSDK/ChipLib/SW4063V1416/Components/Library/libMAC_JN516x.a(mac_scan.o)
 .text.eGenlDontCare
                0x0000000000088032        0x5 /Applications/Twelite/MWSDK/ChipLib/SW4063V1416/Components/Library/libMAC_JN516x.a(mac_scan.o)
 .text.eWEnDEdDone
                0x0000000000088037       0x5b /Applications/Twelite/MWSDK/ChipLib/SW4063V1416/Components/Library/libMAC_JN516x.a(mac_scan.o)
 .text.eWEnDTmrExpiry
                0x0000000000088092        0xb /Applications/Twelite/MWSDK/ChipLib/SW4063V1416/Components/Library/libMAC_JN516x.a(mac_scan.o)
 .text.vPostDcfm
                0x000000000008809d       0xd4 /Applications/Twelite/MWSDK/ChipLib/SW4063V1416/Components/Library/libMAC_JN516x.a(mac_scan.o)
 .text.eWCoRRxDone
                0x0000000000088171       0x97 /Applications/Twelite/MWSDK/ChipLib/SW4063V1416/Components/Library/libMAC_JN516x.a(mac_scan.o)
 .text.eGenRxHdrDone
                0x0000000000088208       0x10 /Applications/Twelite/MWSDK/ChipLib/SW4063V1416/Components/Library/libMAC_JN516x.a(mac_scan.o)
 .text.eWONTTxDone
                0x0000000000088218       0x2e /Applications/Twelite/MWSDK/ChipLib/SW4063V1416/Components/Library/libMAC_JN516x.a(mac_scan.o)
 .text.eWBRTTxDone
                0x0000000000088246       0x1e /Applications/Twelite/MWSDK/ChipLib/SW4063V1416/Components/Library/libMAC_JN516x.a(mac_scan.o)
 .text.eWBcnRxDone
                0x0000000000088264      0x194 /Applications/Twelite/MWSDK/ChipLib/SW4063V1416/Components/Library/libMAC_JN516x.a(mac_scan.o)
 .text.eWChCChanChgd
                0x00000000000883f8      0x197 /Applications/Twelite/MWSDK/ChipLib/SW4063V1416/Components/Library/libMAC_JN516x.a(mac_scan.o)
 .text.eScanHandleEvt
                0x000000000008858f       0x32 /Applications/Twelite/MWSDK/ChipLib/SW4063V1416/Components/Library/libMAC_JN516x.a(mac_scan.o)
                0x000000000008858f                eScanHandleEvt
 .text.vScanHandleTimer
                0x00000000000885c1        0x4 /Applications/Twelite/MWSDK/ChipLib/SW4063V1416/Components/Library/libMAC_JN516x.a(mac_scan.o)
 .text.mac_eScanInit
                0x00000000000885c5       0x16 /Applications/Twelite/MWSDK/ChipLib/SW4063V1416/Components/Library/libMAC_JN516x.a(mac_scan.o)
                0x00000000000885c5                mac_eScanInit
 .text.mac_eScanHandleXcvBbcEvt
                0x00000000000885db        0xb /Applications/Twelite/MWSDK/ChipLib/SW4063V1416/Components/Library/libMAC_JN516x.a(mac_scan.o)
                0x00000000000885db                mac_eScanHandleXcvBbcEvt
 .text.mac_eScanHandleXcvPhyEvt
                0x00000000000885e6        0xb /Applications/Twelite/MWSDK/ChipLib/SW4063V1416/Components/Library/libMAC_JN516x.a(mac_scan.o)
                0x00000000000885e6                mac_eScanHandleXcvPhyEvt
 .text.vSetNextChannel
                0x00000000000885f1       0x58 /Applications/Twelite/MWSDK/ChipLib/SW4063V1416/Components/Library/libMAC_JN516x.a(mac_scan.o)
 .text.mac_vScanHandleMlmeReq
                0x0000000000088649       0xaa /Applications/Twelite/MWSDK/ChipLib/SW4063V1416/Components/Library/libMAC_JN516x.a(mac_scan.o)
                0x0000000000088649                mac_vScanHandleMlmeReq
 .text.eGenTmrExpiry
                0x00000000000886f3       0x42 /Applications/Twelite/MWSDK/ChipLib/SW4063V1416/Components/Library/libMAC_JN516x.a(mac_scan.o)
 .text.eWEDTEdDone
                0x0000000000088735       0x24 /Applications/Twelite/MWSDK/ChipLib/SW4063V1416/Components/Library/libMAC_JN516x.a(mac_scan.o)
 .text.mac_u32LPBGetBeaconTimeout
                0x0000000000088759        0x9 /Applications/Twelite/MWSDK/ChipLib/SW4063V1416/Components/Library/libMAC_JN516x.a(mac_lp.o)
                0x0000000000088759                mac_u32LPBGetBeaconTimeout
 .text.mac_vLPBStopTimer
                0x0000000000088762        0xb /Applications/Twelite/MWSDK/ChipLib/SW4063V1416/Components/Library/libMAC_JN516x.a(mac_lp.o)
                0x0000000000088762                mac_vLPBStopTimer
 .text.mac_vLPBAdjustBeaconOffset
                0x000000000008876d       0x5d /Applications/Twelite/MWSDK/ChipLib/SW4063V1416/Components/Library/libMAC_JN516x.a(mac_lp.o)
                0x000000000008876d                mac_vLPBAdjustBeaconOffset
 .text.mac_vLPBSleep
                0x00000000000887ca       0x4c /Applications/Twelite/MWSDK/ChipLib/SW4063V1416/Components/Library/libMAC_JN516x.a(mac_lp.o)
                0x00000000000887ca                mac_vLPBSleep
 .text.MAC_u32ConvertFrom16uS
                0x0000000000088816       0x3a /Applications/Twelite/MWSDK/ChipLib/SW4063V1416/Components/Library/libMAC_JN516x.a(mac_lp.o)
                0x0000000000088816                MAC_u32ConvertFrom16uS
 .text.mac_vLPBStartTimer
                0x0000000000088850       0x7f /Applications/Twelite/MWSDK/ChipLib/SW4063V1416/Components/Library/libMAC_JN516x.a(mac_lp.o)
                0x0000000000088850                mac_vLPBStartTimer
 .text.bSearchQueue
                0x00000000000888cf       0x2f /Applications/Twelite/MWSDK/ChipLib/SW4063V1416/Components/Library/libMAC_JN516x.a(MCPS.o)
 .text.bMCPSframeTXcomplete
                0x00000000000888fe       0x53 /Applications/Twelite/MWSDK/ChipLib/SW4063V1416/Components/Library/libMAC_JN516x.a(MCPS.o)
 .text.vTAM_MCPSdataRequest
                0x0000000000088951       0x43 /Applications/Twelite/MWSDK/ChipLib/SW4063V1416/Components/Library/libMAC_JN516x.a(MCPS.o)
                0x0000000000088951                vTAM_MCPSdataRequest
 .text.vTAM_MCPSpurgeRequest
                0x0000000000088994       0x5d /Applications/Twelite/MWSDK/ChipLib/SW4063V1416/Components/Library/libMAC_JN516x.a(MCPS.o)
                0x0000000000088994                vTAM_MCPSpurgeRequest
 .text.vMCPSframeReceived
                0x00000000000889f1       0x4e /Applications/Twelite/MWSDK/ChipLib/SW4063V1416/Components/Library/libMAC_JN516x.a(MCPS.o)
                0x00000000000889f1                vMCPSframeReceived
 .text.phy_ePibSet.part.1
                0x0000000000088a3f       0x66 /Applications/Twelite/MWSDK/ChipLib/SW4063V1416/Components/Library/libMAC_JN516x.a(phy_pib.o)
 .text.phy_ePibGet
                0x0000000000088aa5       0x33 /Applications/Twelite/MWSDK/ChipLib/SW4063V1416/Components/Library/libMAC_JN516x.a(phy_pib.o)
                0x0000000000088aa5                phy_ePibGet
 .text.vPhySetChannel
                0x0000000000088ad8       0x97 /Applications/Twelite/MWSDK/ChipLib/SW4063V1416/Components/Library/libMAC_JN516x.a(phy_pib.o)
                0x0000000000088ad8                vPhySetChannel
 .text.phy_ePibSet
                0x0000000000088b6f       0x3d /Applications/Twelite/MWSDK/ChipLib/SW4063V1416/Components/Library/libMAC_JN516x.a(phy_pib.o)
                0x0000000000088b6f                phy_ePibSet
 .text.phy_vPibSetDefaults
                0x0000000000088bac       0x1e /Applications/Twelite/MWSDK/ChipLib/SW4063V1416/Components/Library/libMAC_JN516x.a(phy_pib.o)
                0x0000000000088bac                phy_vPibSetDefaults
 .text.bTAMinPAN
                0x0000000000088bca       0x14 /Applications/Twelite/MWSDK/ChipLib/SW4063V1416/Components/Library/libMAC_JN516x.a(TAM.o)
                0x0000000000088bca                bTAMinPAN
 .text.vTAM_MLMEstartRequest
                0x0000000000088bde       0x7d /Applications/Twelite/MWSDK/ChipLib/SW4063V1416/Components/Library/libMAC_JN516x.a(TAM.o)
                0x0000000000088bde                vTAM_MLMEstartRequest
 .text.vTAM_MLMEsyncRequest
                0x0000000000088c5b       0x18 /Applications/Twelite/MWSDK/ChipLib/SW4063V1416/Components/Library/libMAC_JN516x.a(TAM.o)
                0x0000000000088c5b                vTAM_MLMEsyncRequest
 *fill*         0x0000000000088c73        0x1 00
 .text.eTAMselect
                0x0000000000088c74      0x134 /Applications/Twelite/MWSDK/ChipLib/SW4063V1416/Components/Library/libMAC_JN516x.a(TAM.o)
                0x0000000000088c74                eTAMselect
 .text.vTAMreset
                0x0000000000088da8      0x1b7 /Applications/Twelite/MWSDK/ChipLib/SW4063V1416/Components/Library/libMAC_JN516x.a(TAM.o)
                0x0000000000088da8                vTAMreset
 .text.eTAMevent
                0x0000000000088f5f       0x17 /Applications/Twelite/MWSDK/ChipLib/SW4063V1416/Components/Library/libMAC_JN516x.a(TAM.o)
                0x0000000000088f5f                eTAMevent
 .text.vTrySendFromDirectCAP
                0x0000000000088f76       0x1f /Applications/Twelite/MWSDK/ChipLib/SW4063V1416/Components/Library/libMAC_JN516x.a(TAMCO.o)
 .text.vTrySendFromDirectNoBeacon
                0x0000000000088f95       0x2f /Applications/Twelite/MWSDK/ChipLib/SW4063V1416/Components/Library/libMAC_JN516x.a(TAMCO.o)
 .text.vTAMCOint1Fired
                0x0000000000088fc4       0xd1 /Applications/Twelite/MWSDK/ChipLib/SW4063V1416/Components/Library/libMAC_JN516x.a(TAMCO.o)
                0x0000000000088fc4                vTAMCOint1Fired
 .text.vTAMCOframeTXbeacon
                0x0000000000089095       0xb0 /Applications/Twelite/MWSDK/ChipLib/SW4063V1416/Components/Library/libMAC_JN516x.a(TAMCO.o)
                0x0000000000089095                vTAMCOframeTXbeacon
 .text.vTAMCOint2Fired
                0x0000000000089145       0x21 /Applications/Twelite/MWSDK/ChipLib/SW4063V1416/Components/Library/libMAC_JN516x.a(TAMCO.o)
                0x0000000000089145                vTAMCOint2Fired
 .text.vTAMCOframeTXgoingIdle
                0x0000000000089166       0x19 /Applications/Twelite/MWSDK/ChipLib/SW4063V1416/Components/Library/libMAC_JN516x.a(TAMCO.o)
                0x0000000000089166                vTAMCOframeTXgoingIdle
 .text.vTAMCOint1FiredCAP
                0x000000000008917f       0x78 /Applications/Twelite/MWSDK/ChipLib/SW4063V1416/Components/Library/libMAC_JN516x.a(TAMCO.o)
                0x000000000008917f                vTAMCOint1FiredCAP
 .text.vTAMCOframeTXcap
                0x00000000000891f7       0x24 /Applications/Twelite/MWSDK/ChipLib/SW4063V1416/Components/Library/libMAC_JN516x.a(TAMCO.o)
                0x00000000000891f7                vTAMCOframeTXcap
 .text.vTAMCOframeRXcap
                0x000000000008921b       0x12 /Applications/Twelite/MWSDK/ChipLib/SW4063V1416/Components/Library/libMAC_JN516x.a(TAMCO.o)
                0x000000000008921b                vTAMCOframeRXcap
 .text.vTAMCOframeRXgoingIdle
                0x000000000008922d       0x16 /Applications/Twelite/MWSDK/ChipLib/SW4063V1416/Components/Library/libMAC_JN516x.a(TAMCO.o)
                0x000000000008922d                vTAMCOframeRXgoingIdle
 .text.vTAMCOframeTXnobeacon
                0x0000000000089243       0x15 /Applications/Twelite/MWSDK/ChipLib/SW4063V1416/Components/Library/libMAC_JN516x.a(TAMCO.o)
                0x0000000000089243                vTAMCOframeTXnobeacon
 .text.vTAMCOframeRXnobeacon
                0x0000000000089258       0x12 /Applications/Twelite/MWSDK/ChipLib/SW4063V1416/Components/Library/libMAC_JN516x.a(TAMCO.o)
                0x0000000000089258                vTAMCOframeRXnobeacon
 .text.vTAMCOreqTXnoBeacon
                0x000000000008926a       0x12 /Applications/Twelite/MWSDK/ChipLib/SW4063V1416/Components/Library/libMAC_JN516x.a(TAMCO.o)
                0x000000000008926a                vTAMCOreqTXnoBeacon
 .text.vTAMCOreqTXinCAP
                0x000000000008927c       0x29 /Applications/Twelite/MWSDK/ChipLib/SW4063V1416/Components/Library/libMAC_JN516x.a(TAMCO.o)
                0x000000000008927c                vTAMCOreqTXinCAP
 .text.vTAMCOsetCoordinator
                0x00000000000892a5       0x29 /Applications/Twelite/MWSDK/ChipLib/SW4063V1416/Components/Library/libMAC_JN516x.a(TAMCO.o)
                0x00000000000892a5                vTAMCOsetCoordinator
 .text.vTAMCOstartBeacon
                0x00000000000892ce       0x3c /Applications/Twelite/MWSDK/ChipLib/SW4063V1416/Components/Library/libMAC_JN516x.a(TAMCO.o)
                0x00000000000892ce                vTAMCOstartBeacon
 .text.vStartStoreValues
                0x000000000008930a       0xc1 /Applications/Twelite/MWSDK/ChipLib/SW4063V1416/Components/Library/libMAC_JN516x.a(TAMCO.o)
 .text.vTAMCO_MLMEstartRequest
                0x00000000000893cb      0x103 /Applications/Twelite/MWSDK/ChipLib/SW4063V1416/Components/Library/libMAC_JN516x.a(TAMCO.o)
                0x00000000000893cb                vTAMCO_MLMEstartRequest
 .text.bStartCallback
                0x00000000000894ce       0x29 /Applications/Twelite/MWSDK/ChipLib/SW4063V1416/Components/Library/libMAC_JN516x.a(TAMCO.o)
 .text.vTAMCOframeStarting
                0x00000000000894f7       0x19 /Applications/Twelite/MWSDK/ChipLib/SW4063V1416/Components/Library/libMAC_JN516x.a(TAMCO.o)
                0x00000000000894f7                vTAMCOframeStarting
 .text.vTAMCOupdatePendingList
                0x0000000000089510       0xc5 /Applications/Twelite/MWSDK/ChipLib/SW4063V1416/Components/Library/libMAC_JN516x.a(TAMCO.o)
                0x0000000000089510                vTAMCOupdatePendingList
 .text.vSetPHYfromMacValue
                0x00000000000895d5       0x3f /Applications/Twelite/MWSDK/ChipLib/SW4063V1416/Components/Library/libMAC_JN516x.a(TAMDE.o)
 .text.vTrySendUnslotted
                0x0000000000089614       0x1c /Applications/Twelite/MWSDK/ChipLib/SW4063V1416/Components/Library/libMAC_JN516x.a(TAMDE.o)
 .text.bSendDataRequest
                0x0000000000089630      0x108 /Applications/Twelite/MWSDK/ChipLib/SW4063V1416/Components/Library/libMAC_JN516x.a(TAMDE.o)
 .text.bProcessBeaconRX
                0x0000000000089738       0xde /Applications/Twelite/MWSDK/ChipLib/SW4063V1416/Components/Library/libMAC_JN516x.a(TAMDE.o)
 .text.vTAMDEint1FiredTracking
                0x0000000000089816       0x5e /Applications/Twelite/MWSDK/ChipLib/SW4063V1416/Components/Library/libMAC_JN516x.a(TAMDE.o)
                0x0000000000089816                vTAMDEint1FiredTracking
 .text.vTAMDEdetermineNullState
                0x0000000000089874       0x1d /Applications/Twelite/MWSDK/ChipLib/SW4063V1416/Components/Library/libMAC_JN516x.a(TAMDE.o)
                0x0000000000089874                vTAMDEdetermineNullState
 .text.vTAMDEint1FiredWaitDR
                0x0000000000089891        0xe /Applications/Twelite/MWSDK/ChipLib/SW4063V1416/Components/Library/libMAC_JN516x.a(TAMDE.o)
                0x0000000000089891                vTAMDEint1FiredWaitDR
 .text.vTAMDEint1FiredTrackingCAPgts
                0x000000000008989f       0xb0 /Applications/Twelite/MWSDK/ChipLib/SW4063V1416/Components/Library/libMAC_JN516x.a(TAMDE.o)
                0x000000000008989f                vTAMDEint1FiredTrackingCAPgts
 .text.vTAMDEint1FiredSyncReq
                0x000000000008994f       0x63 /Applications/Twelite/MWSDK/ChipLib/SW4063V1416/Components/Library/libMAC_JN516x.a(TAMDE.o)
                0x000000000008994f                vTAMDEint1FiredSyncReq
 .text.vTAMDEstartSync
                0x00000000000899b2       0x71 /Applications/Twelite/MWSDK/ChipLib/SW4063V1416/Components/Library/libMAC_JN516x.a(TAMDE.o)
                0x00000000000899b2                vTAMDEstartSync
 .text.vDeterminePowerState
                0x0000000000089a23       0x89 /Applications/Twelite/MWSDK/ChipLib/SW4063V1416/Components/Library/libMAC_JN516x.a(TAMDE.o)
 .text.vTAMDEreqTXnullTrackingCAP
                0x0000000000089aac       0x19 /Applications/Twelite/MWSDK/ChipLib/SW4063V1416/Components/Library/libMAC_JN516x.a(TAMDE.o)
                0x0000000000089aac                vTAMDEreqTXnullTrackingCAP
 .text.vTAMDEframeTXDEnull
                0x0000000000089ac5       0x22 /Applications/Twelite/MWSDK/ChipLib/SW4063V1416/Components/Library/libMAC_JN516x.a(TAMDE.o)
                0x0000000000089ac5                vTAMDEframeTXDEnull
 .text.vTAMDEframeTXtrackingCAPgts
                0x0000000000089ae7       0x2b /Applications/Twelite/MWSDK/ChipLib/SW4063V1416/Components/Library/libMAC_JN516x.a(TAMDE.o)
                0x0000000000089ae7                vTAMDEframeTXtrackingCAPgts
 .text.vTAMDEframeRX
                0x0000000000089b12       0x2a /Applications/Twelite/MWSDK/ChipLib/SW4063V1416/Components/Library/libMAC_JN516x.a(TAMDE.o)
                0x0000000000089b12                vTAMDEframeRX
 .text.vTAMDEint2FiredPollActive
                0x0000000000089b3c       0x31 /Applications/Twelite/MWSDK/ChipLib/SW4063V1416/Components/Library/libMAC_JN516x.a(TAMDE.o)
                0x0000000000089b3c                vTAMDEint2FiredPollActive
 .text.vTAMDEint2FiredTrackingDR
                0x0000000000089b6d       0x25 /Applications/Twelite/MWSDK/ChipLib/SW4063V1416/Components/Library/libMAC_JN516x.a(TAMDE.o)
                0x0000000000089b6d                vTAMDEint2FiredTrackingDR
 .text.vTAMDEframeRXtrackingDR
                0x0000000000089b92       0x42 /Applications/Twelite/MWSDK/ChipLib/SW4063V1416/Components/Library/libMAC_JN516x.a(TAMDE.o)
                0x0000000000089b92                vTAMDEframeRXtrackingDR
 .text.vTAMDEframeTXtrackingDR
                0x0000000000089bd4       0x5a /Applications/Twelite/MWSDK/ChipLib/SW4063V1416/Components/Library/libMAC_JN516x.a(TAMDE.o)
                0x0000000000089bd4                vTAMDEframeTXtrackingDR
 .text.vTAMDEint1FiredTrackingBeacon
                0x0000000000089c2e       0x98 /Applications/Twelite/MWSDK/ChipLib/SW4063V1416/Components/Library/libMAC_JN516x.a(TAMDE.o)
                0x0000000000089c2e                vTAMDEint1FiredTrackingBeacon
 .text.vTAMDEframeRXsyncReq
                0x0000000000089cc6      0x221 /Applications/Twelite/MWSDK/ChipLib/SW4063V1416/Components/Library/libMAC_JN516x.a(TAMDE.o)
                0x0000000000089cc6                vTAMDEframeRXsyncReq
 .text.vTAMDEframePreSyncReq
                0x0000000000089ee7       0x18 /Applications/Twelite/MWSDK/ChipLib/SW4063V1416/Components/Library/libMAC_JN516x.a(TAMDE.o)
                0x0000000000089ee7                vTAMDEframePreSyncReq
 .text.vTAMDE_MLMEsyncRequest
                0x0000000000089eff       0x2f /Applications/Twelite/MWSDK/ChipLib/SW4063V1416/Components/Library/libMAC_JN516x.a(TAMDE.o)
                0x0000000000089eff                vTAMDE_MLMEsyncRequest
 .text.vMEMreset
                0x0000000000089f2e       0x68 /Applications/Twelite/MWSDK/ChipLib/SW4063V1416/Components/Library/libMAC_JN516x.a(TAM_MEM.o)
                0x0000000000089f2e                vMEMreset
 .text.pvMEMget
                0x0000000000089f96       0x29 /Applications/Twelite/MWSDK/ChipLib/SW4063V1416/Components/Library/libMAC_JN516x.a(TAM_MEM.o)
                0x0000000000089f96                pvMEMget
 .text.vMEMreturn
                0x0000000000089fbf       0x6e /Applications/Twelite/MWSDK/ChipLib/SW4063V1416/Components/Library/libMAC_JN516x.a(TAM_MEM.o)
                0x0000000000089fbf                vMEMreturn
 .text.vMLMEbeaconNotify
                0x000000000008a02d      0x158 /Applications/Twelite/MWSDK/ChipLib/SW4063V1416/Components/Library/libMAC_JN516x.a(TAM_MLME.o)
                0x000000000008a02d                vMLMEbeaconNotify
 .text.vMLMEsyncLoss
                0x000000000008a185       0x32 /Applications/Twelite/MWSDK/ChipLib/SW4063V1416/Components/Library/libMAC_JN516x.a(TAM_MLME.o)
                0x000000000008a185                vMLMEsyncLoss
 .text.vMLMEcommStatus
                0x000000000008a1b7       0x62 /Applications/Twelite/MWSDK/ChipLib/SW4063V1416/Components/Library/libMAC_JN516x.a(TAM_MLME.o)
                0x000000000008a1b7                vMLMEcommStatus
 .text.vMLMEcommStatusFromFrame
                0x000000000008a219       0x44 /Applications/Twelite/MWSDK/ChipLib/SW4063V1416/Components/Library/libMAC_JN516x.a(TAM_MLME.o)
                0x000000000008a219                vMLMEcommStatusFromFrame
 .text.vMLMErxEnableConfirm
                0x000000000008a25d       0x31 /Applications/Twelite/MWSDK/ChipLib/SW4063V1416/Components/Library/libMAC_JN516x.a(TAM_MLME.o)
                0x000000000008a25d                vMLMErxEnableConfirm
 .text.vTAHsetCutOff
                0x000000000008a28e        0xa /Applications/Twelite/MWSDK/ChipLib/SW4063V1416/Components/Library/libMAC_JN516x.a(TAM_TAH.o)
                0x000000000008a28e                vTAHsetCutOff
 .text.vTAHsetSyncLock
                0x000000000008a298       0x18 /Applications/Twelite/MWSDK/ChipLib/SW4063V1416/Components/Library/libMAC_JN516x.a(TAM_TAH.o)
                0x000000000008a298                vTAHsetSyncLock
 .text.vTAHsetPhyStateDirect
                0x000000000008a2b0       0x2f /Applications/Twelite/MWSDK/ChipLib/SW4063V1416/Components/Library/libMAC_JN516x.a(TAM_TAH.o)
                0x000000000008a2b0                vTAHsetPhyStateDirect
 .text.vTAHsetPhyState
                0x000000000008a2df       0x34 /Applications/Twelite/MWSDK/ChipLib/SW4063V1416/Components/Library/libMAC_JN516x.a(TAM_TAH.o)
                0x000000000008a2df                vTAHsetPhyState
 .text.vTAIsetCapTime
                0x000000000008a313       0x1a /Applications/Twelite/MWSDK/ChipLib/SW4063V1416/Components/Library/libMAC_JN516x.a(TAM_TAI.o)
                0x000000000008a313                vTAIsetCapTime
 .text.vTAIsetRxEnableTime
                0x000000000008a32d       0x1a /Applications/Twelite/MWSDK/ChipLib/SW4063V1416/Components/Library/libMAC_JN516x.a(TAM_TAI.o)
                0x000000000008a32d                vTAIsetRxEnableTime
 .text.vTAIdisableInterrupt
                0x000000000008a347        0xd /Applications/Twelite/MWSDK/ChipLib/SW4063V1416/Components/Library/libMAC_JN516x.a(TAM_TAI.o)
                0x000000000008a347                vTAIdisableInterrupt
 .text.vWriteFrame
                0x000000000008a354       0x7c /Applications/Twelite/MWSDK/ChipLib/SW4063V1416/Components/Library/libMAC_JN516x.a(TAM_TAT.o)
 .text.vTATstartReceiveAt
                0x000000000008a3d0       0x1b /Applications/Twelite/MWSDK/ChipLib/SW4063V1416/Components/Library/libMAC_JN516x.a(TAM_TAT.o)
                0x000000000008a3d0                vTATstartReceiveAt
 .text.eTATreadTXstatus
                0x000000000008a3eb       0x46 /Applications/Twelite/MWSDK/ChipLib/SW4063V1416/Components/Library/libMAC_JN516x.a(TAM_TAT.o)
                0x000000000008a3eb                eTATreadTXstatus
 .text.vTATgetFrameAddress
                0x000000000008a431       0x20 /Applications/Twelite/MWSDK/ChipLib/SW4063V1416/Components/Library/libMAC_JN516x.a(TAM_TAT.o)
                0x000000000008a431                vTATgetFrameAddress
 .text.vTATgetFramePayload
                0x000000000008a451       0x1d /Applications/Twelite/MWSDK/ChipLib/SW4063V1416/Components/Library/libMAC_JN516x.a(TAM_TAT.o)
                0x000000000008a451                vTATgetFramePayload
 .text.vTATsetBLE
                0x000000000008a46e       0x3e /Applications/Twelite/MWSDK/ChipLib/SW4063V1416/Components/Library/libMAC_JN516x.a(TAM_TAT.o)
                0x000000000008a46e                vTATsetBLE
 .text.vTATwriteAclMaterialToHardware
                0x000000000008a4ac       0x25 /Applications/Twelite/MWSDK/ChipLib/SW4063V1416/Components/Library/libMAC_JN516x.a(TAM_TAT.o)
                0x000000000008a4ac                vTATwriteAclMaterialToHardware
 .text.bIsBbcSafeForTx
                0x000000000008a4d1       0x35 /Applications/Twelite/MWSDK/ChipLib/SW4063V1416/Components/Library/libMAC_JN516x.a(TAM_TAT.o)
                0x000000000008a4d1                bIsBbcSafeForTx
 .text.bTATsendFrame
                0x000000000008a506       0x56 /Applications/Twelite/MWSDK/ChipLib/SW4063V1416/Components/Library/libMAC_JN516x.a(TAM_TAT.o)
                0x000000000008a506                bTATsendFrame
 .text.bTATsendFrameAt
                0x000000000008a55c       0x3f /Applications/Twelite/MWSDK/ChipLib/SW4063V1416/Components/Library/libMAC_JN516x.a(TAM_TAT.o)
                0x000000000008a55c                bTATsendFrameAt
 .text.bSendSyncLoss
                0x000000000008a59b       0x18 /Applications/Twelite/MWSDK/ChipLib/SW4063V1416/Components/Library/libMAC_JN516x.a(TAMcommon.o)
 .text.bTACassessBeaconForPayload
                0x000000000008a5b3       0x51 /Applications/Twelite/MWSDK/ChipLib/SW4063V1416/Components/Library/libMAC_JN516x.a(TAMcommon.o)
                0x000000000008a5b3                bTACassessBeaconForPayload
 .text.vTACinformOriginator
                0x000000000008a604       0x23 /Applications/Twelite/MWSDK/ChipLib/SW4063V1416/Components/Library/libMAC_JN516x.a(TAMcommon.o)
                0x000000000008a604                vTACinformOriginator
 *fill*         0x000000000008a627        0x1 00
 .text.eTACprocessFrameTXcomplete
                0x000000000008a628      0x158 /Applications/Twelite/MWSDK/ChipLib/SW4063V1416/Components/Library/libMAC_JN516x.a(TAMcommon.o)
                0x000000000008a628                eTACprocessFrameTXcomplete
 .text.bTACcheckPANconflict
                0x000000000008a780       0x9f /Applications/Twelite/MWSDK/ChipLib/SW4063V1416/Components/Library/libMAC_JN516x.a(TAMcommon.o)
                0x000000000008a780                bTACcheckPANconflict
 .text.vTACsetPHYfromMacValue
                0x000000000008a81f       0x28 /Applications/Twelite/MWSDK/ChipLib/SW4063V1416/Components/Library/libMAC_JN516x.a(TAMcommon.o)
                0x000000000008a81f                vTACsetPHYfromMacValue
 .text.bTACframeInProgress
                0x000000000008a847       0x27 /Applications/Twelite/MWSDK/ChipLib/SW4063V1416/Components/Library/libMAC_JN516x.a(TAMcommon.o)
                0x000000000008a847                bTACframeInProgress
 .text.vTACsetFramePending
                0x000000000008a86e       0x3c /Applications/Twelite/MWSDK/ChipLib/SW4063V1416/Components/Library/libMAC_JN516x.a(TAMcommon.o)
                0x000000000008a86e                vTACsetFramePending
 .text.vTACintRXheader
                0x000000000008a8aa       0x85 /Applications/Twelite/MWSDK/ChipLib/SW4063V1416/Components/Library/libMAC_JN516x.a(TAMcommon.o)
                0x000000000008a8aa                vTACintRXheader
 .text.vTACu16ToPayloadM
                0x000000000008a92f        0xc /Applications/Twelite/MWSDK/ChipLib/SW4063V1416/Components/Library/libMAC_JN516x.a(TAMcommon.o)
                0x000000000008a92f                vTACu16ToPayloadM
 .text.vTACu32ToPayloadM
                0x000000000008a93b       0x18 /Applications/Twelite/MWSDK/ChipLib/SW4063V1416/Components/Library/libMAC_JN516x.a(TAMcommon.o)
                0x000000000008a93b                vTACu32ToPayloadM
 .text.u16TACpayloadToU16M
                0x000000000008a953        0xf /Applications/Twelite/MWSDK/ChipLib/SW4063V1416/Components/Library/libMAC_JN516x.a(TAMcommon.o)
                0x000000000008a953                u16TACpayloadToU16M
 .text.u32TACpayloadToU32M
                0x000000000008a962       0x21 /Applications/Twelite/MWSDK/ChipLib/SW4063V1416/Components/Library/libMAC_JN516x.a(TAMcommon.o)
                0x000000000008a962                u32TACpayloadToU32M
 .text.u8TACgetHeaderSize
                0x000000000008a983       0x3d /Applications/Twelite/MWSDK/ChipLib/SW4063V1416/Components/Library/libMAC_JN516x.a(TAMcommon.o)
                0x000000000008a983                u8TACgetHeaderSize
 .text.bUpdateTime
                0x000000000008a9c0       0x3f /Applications/Twelite/MWSDK/ChipLib/SW4063V1416/Components/Library/libMAC_JN516x.a(TAMcommon.o)
 .text.vTACbuildBeacon
                0x000000000008a9ff      0x20f /Applications/Twelite/MWSDK/ChipLib/SW4063V1416/Components/Library/libMAC_JN516x.a(TAMcommon.o)
                0x000000000008a9ff                vTACbuildBeacon
 .text.vTACsetTxFrameDefaults
                0x000000000008ac0e       0x2a /Applications/Twelite/MWSDK/ChipLib/SW4063V1416/Components/Library/libMAC_JN516x.a(TAMcommon.o)
                0x000000000008ac0e                vTACsetTxFrameDefaults
 .text.vTACcheckPollResponse
                0x000000000008ac38       0x31 /Applications/Twelite/MWSDK/ChipLib/SW4063V1416/Components/Library/libMAC_JN516x.a(TAMcommon.o)
                0x000000000008ac38                vTACcheckPollResponse
 .text.bTACprocessUnexpectedBeacon
                0x000000000008ac69       0x68 /Applications/Twelite/MWSDK/ChipLib/SW4063V1416/Components/Library/libMAC_JN516x.a(TAMcommon.o)
                0x000000000008ac69                bTACprocessUnexpectedBeacon
 .text.bTACprocessFrameRXcomplete
                0x000000000008acd1      0x1fc /Applications/Twelite/MWSDK/ChipLib/SW4063V1416/Components/Library/libMAC_JN516x.a(TAMcommon.o)
                0x000000000008acd1                bTACprocessFrameRXcomplete
 .text.vTAMinsertEvent
                0x000000000008aecd       0x6c /Applications/Twelite/MWSDK/ChipLib/SW4063V1416/Components/Library/libMAC_JN516x.a(TAMevent.o)
                0x000000000008aecd                vTAMinsertEvent
 .text.vTAM_TxRetryTimer
                0x000000000008af39       0x10 /Applications/Twelite/MWSDK/ChipLib/SW4063V1416/Components/Library/libMAC_JN516x.a(TAMevent.o)
                0x000000000008af39                vTAM_TxRetryTimer
 .text.vTAM_CancelTxRetryTimer
                0x000000000008af49        0xc /Applications/Twelite/MWSDK/ChipLib/SW4063V1416/Components/Library/libMAC_JN516x.a(TAMevent.o)
                0x000000000008af49                vTAM_CancelTxRetryTimer
 .text.vTAM_TxRetryTimeout
                0x000000000008af55        0x4 /Applications/Twelite/MWSDK/ChipLib/SW4063V1416/Components/Library/libMAC_JN516x.a(TAMevent.o)
                0x000000000008af55                vTAM_TxRetryTimeout
 .text.vTAM_QueueTxEvent
                0x000000000008af59       0x11 /Applications/Twelite/MWSDK/ChipLib/SW4063V1416/Components/Library/libMAC_JN516x.a(TAMevent.o)
                0x000000000008af59                vTAM_QueueTxEvent
 .text.vTAQaddToFifo
                0x000000000008af6a       0x1a /Applications/Twelite/MWSDK/ChipLib/SW4063V1416/Components/Library/libMAC_JN516x.a(TAMqueue.o)
                0x000000000008af6a                vTAQaddToFifo
 .text.bTAQremoveFromFifo